Archive member included to satisfy reference by file (symbol)

/opt/st/stm32cubeide_1.19.0/plugins/com.st.stm32cube.ide.mcu.externaltools.gnu-tools-for-stm32.13.3.rel1.linux64_1.0.0.202410170706/tools/bin/../lib/gcc/arm-none-eabi/13.3.1/../../../../arm-none-eabi/lib/thumb/v8-m.main+fp/hard/libc_nano.a(libc_a-exit.o)
                              /opt/st/stm32cubeide_1.19.0/plugins/com.st.stm32cube.ide.mcu.externaltools.gnu-tools-for-stm32.13.3.rel1.linux64_1.0.0.202410170706/tools/bin/../lib/gcc/arm-none-eabi/13.3.1/../../../../arm-none-eabi/lib/thumb/v8-m.main+fp/hard/crt0.o (exit)
/opt/st/stm32cubeide_1.19.0/plugins/com.st.stm32cube.ide.mcu.externaltools.gnu-tools-for-stm32.13.3.rel1.linux64_1.0.0.202410170706/tools/bin/../lib/gcc/arm-none-eabi/13.3.1/../../../../arm-none-eabi/lib/thumb/v8-m.main+fp/hard/libc_nano.a(libc_a-findfp.o)
                              /opt/st/stm32cubeide_1.19.0/plugins/com.st.stm32cube.ide.mcu.externaltools.gnu-tools-for-stm32.13.3.rel1.linux64_1.0.0.202410170706/tools/bin/../lib/gcc/arm-none-eabi/13.3.1/../../../../arm-none-eabi/lib/thumb/v8-m.main+fp/hard/libc_nano.a(libc_a-exit.o) (__stdio_exit_handler)
/opt/st/stm32cubeide_1.19.0/plugins/com.st.stm32cube.ide.mcu.externaltools.gnu-tools-for-stm32.13.3.rel1.linux64_1.0.0.202410170706/tools/bin/../lib/gcc/arm-none-eabi/13.3.1/../../../../arm-none-eabi/lib/thumb/v8-m.main+fp/hard/libc_nano.a(libc_a-fwalk.o)
                              /opt/st/stm32cubeide_1.19.0/plugins/com.st.stm32cube.ide.mcu.externaltools.gnu-tools-for-stm32.13.3.rel1.linux64_1.0.0.202410170706/tools/bin/../lib/gcc/arm-none-eabi/13.3.1/../../../../arm-none-eabi/lib/thumb/v8-m.main+fp/hard/libc_nano.a(libc_a-findfp.o) (_fwalk_sglue)
/opt/st/stm32cubeide_1.19.0/plugins/com.st.stm32cube.ide.mcu.externaltools.gnu-tools-for-stm32.13.3.rel1.linux64_1.0.0.202410170706/tools/bin/../lib/gcc/arm-none-eabi/13.3.1/../../../../arm-none-eabi/lib/thumb/v8-m.main+fp/hard/libc_nano.a(libc_a-stdio.o)
                              /opt/st/stm32cubeide_1.19.0/plugins/com.st.stm32cube.ide.mcu.externaltools.gnu-tools-for-stm32.13.3.rel1.linux64_1.0.0.202410170706/tools/bin/../lib/gcc/arm-none-eabi/13.3.1/../../../../arm-none-eabi/lib/thumb/v8-m.main+fp/hard/libc_nano.a(libc_a-findfp.o) (__sread)
/opt/st/stm32cubeide_1.19.0/plugins/com.st.stm32cube.ide.mcu.externaltools.gnu-tools-for-stm32.13.3.rel1.linux64_1.0.0.202410170706/tools/bin/../lib/gcc/arm-none-eabi/13.3.1/../../../../arm-none-eabi/lib/thumb/v8-m.main+fp/hard/libc_nano.a(libc_a-memset.o)
                              /opt/st/stm32cubeide_1.19.0/plugins/com.st.stm32cube.ide.mcu.externaltools.gnu-tools-for-stm32.13.3.rel1.linux64_1.0.0.202410170706/tools/bin/../lib/gcc/arm-none-eabi/13.3.1/../../../../arm-none-eabi/lib/thumb/v8-m.main+fp/hard/crt0.o (memset)
/opt/st/stm32cubeide_1.19.0/plugins/com.st.stm32cube.ide.mcu.externaltools.gnu-tools-for-stm32.13.3.rel1.linux64_1.0.0.202410170706/tools/bin/../lib/gcc/arm-none-eabi/13.3.1/../../../../arm-none-eabi/lib/thumb/v8-m.main+fp/hard/libc_nano.a(libc_a-closer.o)
                              /opt/st/stm32cubeide_1.19.0/plugins/com.st.stm32cube.ide.mcu.externaltools.gnu-tools-for-stm32.13.3.rel1.linux64_1.0.0.202410170706/tools/bin/../lib/gcc/arm-none-eabi/13.3.1/../../../../arm-none-eabi/lib/thumb/v8-m.main+fp/hard/libc_nano.a(libc_a-stdio.o) (_close_r)
/opt/st/stm32cubeide_1.19.0/plugins/com.st.stm32cube.ide.mcu.externaltools.gnu-tools-for-stm32.13.3.rel1.linux64_1.0.0.202410170706/tools/bin/../lib/gcc/arm-none-eabi/13.3.1/../../../../arm-none-eabi/lib/thumb/v8-m.main+fp/hard/libc_nano.a(libc_a-reent.o)
                              /opt/st/stm32cubeide_1.19.0/plugins/com.st.stm32cube.ide.mcu.externaltools.gnu-tools-for-stm32.13.3.rel1.linux64_1.0.0.202410170706/tools/bin/../lib/gcc/arm-none-eabi/13.3.1/../../../../arm-none-eabi/lib/thumb/v8-m.main+fp/hard/libc_nano.a(libc_a-closer.o) (errno)
/opt/st/stm32cubeide_1.19.0/plugins/com.st.stm32cube.ide.mcu.externaltools.gnu-tools-for-stm32.13.3.rel1.linux64_1.0.0.202410170706/tools/bin/../lib/gcc/arm-none-eabi/13.3.1/../../../../arm-none-eabi/lib/thumb/v8-m.main+fp/hard/libc_nano.a(libc_a-impure.o)
                              /opt/st/stm32cubeide_1.19.0/plugins/com.st.stm32cube.ide.mcu.externaltools.gnu-tools-for-stm32.13.3.rel1.linux64_1.0.0.202410170706/tools/bin/../lib/gcc/arm-none-eabi/13.3.1/../../../../arm-none-eabi/lib/thumb/v8-m.main+fp/hard/libc_nano.a(libc_a-reent.o) (_impure_ptr)
/opt/st/stm32cubeide_1.19.0/plugins/com.st.stm32cube.ide.mcu.externaltools.gnu-tools-for-stm32.13.3.rel1.linux64_1.0.0.202410170706/tools/bin/../lib/gcc/arm-none-eabi/13.3.1/../../../../arm-none-eabi/lib/thumb/v8-m.main+fp/hard/libc_nano.a(libc_a-lseekr.o)
[...]
Memory Configuration

Name             Origin             Length             Attributes
RAM              0x20000004         0x000c0000         xrw
*default*        0x00000000         0xffffffff

Linker script and memory map

LOAD /opt/st/stm32cubeide_1.19.0/plugins/com.st.stm32cube.ide.mcu.externaltools.gnu-tools-for-stm32.13.3.rel1.linux64_1.0.0.202410170706/tools/bin/../lib/gcc/arm-none-eabi/13.3.1/thumb/v8-m.main+fp/hard/crti.o
LOAD /opt/st/stm32cubeide_1.19.0/plugins/com.st.stm32cube.ide.mcu.externaltools.gnu-tools-for-stm32.13.3.rel1.linux64_1.0.0.202410170706/tools/bin/../lib/gcc/arm-none-eabi/13.3.1/thumb/v8-m.main+fp/hard/crtbegin.o
LOAD /opt/st/stm32cubeide_1.19.0/plugins/com.st.stm32cube.ide.mcu.externaltools.gnu-tools-for-stm32.13.3.rel1.linux64_1.0.0.202410170706/tools/bin/../lib/gcc/arm-none-eabi/13.3.1/../../../../arm-none-eabi/lib/thumb/v8-m.main+fp/hard/crt0.o
LOAD ./Core/Src/Dev_Inf.o
LOAD ./Core/Src/Loader_Src.o
LOAD ./Core/Src/gpio.o
LOAD ./Core/Src/icache.o
LOAD ./Core/Src/main.o
LOAD ./Core/Src/octospi.o
LOAD ./Core/Src/stm32u5xx_hal_msp.o
LOAD ./Core/Src/stm32u5xx_it.o
LOAD ./Core/Src/syscalls.o
LOAD ./Core/Src/sysmem.o
LOAD ./Core/Src/system_stm32u5xx.o
LOAD ./Core/Src/usart.o
LOAD ./Core/Src/w25q128jvsq.o
LOAD ./Core/Startup/startup_stm32u575vgtx.o
LOAD ./Drivers/STM32U5xx_HAL_Driver/Src/stm32u5xx_hal.o
LOAD ./Drivers/STM32U5xx_HAL_Driver/Src/stm32u5xx_hal_cortex.o
LOAD ./Drivers/STM32U5xx_HAL_Driver/Src/stm32u5xx_hal_dma.o
LOAD ./Drivers/STM32U5xx_HAL_Driver/Src/stm32u5xx_hal_dma_ex.o
LOAD ./Drivers/STM32U5xx_HAL_Driver/Src/stm32u5xx_hal_exti.o
LOAD ./Drivers/STM32U5xx_HAL_Driver/Src/stm32u5xx_hal_flash.o
LOAD ./Drivers/STM32U5xx_HAL_Driver/Src/stm32u5xx_hal_flash_ex.o
LOAD ./Drivers/STM32U5xx_HAL_Driver/Src/stm32u5xx_hal_gpio.o
LOAD ./Drivers/STM32U5xx_HAL_Driver/Src/stm32u5xx_hal_gtzc.o
LOAD ./Drivers/STM32U5xx_HAL_Driver/Src/stm32u5xx_hal_i2c.o
LOAD ./Drivers/STM32U5xx_HAL_Driver/Src/stm32u5xx_hal_i2c_ex.o
LOAD ./Drivers/STM32U5xx_HAL_Driver/Src/stm32u5xx_hal_icache.o
LOAD ./Drivers/STM32U5xx_HAL_Driver/Src/stm32u5xx_hal_ospi.o
LOAD ./Drivers/STM32U5xx_HAL_Driver/Src/stm32u5xx_hal_pwr.o
LOAD ./Drivers/STM32U5xx_HAL_Driver/Src/stm32u5xx_hal_pwr_ex.o
LOAD ./Drivers/STM32U5xx_HAL_Driver/Src/stm32u5xx_hal_rcc.o
LOAD ./Drivers/STM32U5xx_HAL_Driver/Src/stm32u5xx_hal_rcc_ex.o
LOAD ./Drivers/STM32U5xx_HAL_Driver/Src/stm32u5xx_hal_uart.o
LOAD ./Drivers/STM32U5xx_HAL_Driver/Src/stm32u5xx_hal_uart_ex.o
LOAD ./Drivers/STM32U5xx_HAL_Driver/Src/stm32u5xx_ll_dlyb.o
START GROUP
LOAD /opt/st/stm32cubeide_1.19.0/plugins/com.st.stm32cube.ide.mcu.externaltools.gnu-tools-for-stm32.13.3.rel1.linux64_1.0.0.202410170706/tools/bin/../lib/gcc/arm-none-eabi/13.3.1/../../../../arm-none-eabi/lib/thumb/v8-m.main+fp/hard/libc_nano.a
LOAD /opt/st/stm32cubeide_1.19.0/plugins/com.st.stm32cube.ide.mcu.externaltools.gnu-tools-for-stm32.13.3.rel1.linux64_1.0.0.202410170706/tools/bin/../lib/gcc/arm-none-eabi/13.3.1/../../../../arm-none-eabi/lib/thumb/v8-m.main+fp/hard/libm.a
END GROUP
START GROUP
LOAD /opt/st/stm32cubeide_1.19.0/plugins/com.st.stm32cube.ide.mcu.externaltools.gnu-tools-for-stm32.13.3.rel1.linux64_1.0.0.202410170706/tools/bin/../lib/gcc/arm-none-eabi/13.3.1/thumb/v8-m.main+fp/hard/libgcc.a
LOAD /opt/st/stm32cubeide_1.19.0/plugins/com.st.stm32cube.ide.mcu.externaltools.gnu-tools-for-stm32.13.3.rel1.linux64_1.0.0.202410170706/tools/bin/../lib/gcc/arm-none-eabi/13.3.1/../../../../arm-none-eabi/lib/thumb/v8-m.main+fp/hard/libc_nano.a
END GROUP
START GROUP
LOAD /opt/st/stm32cubeide_1.19.0/plugins/com.st.stm32cube.ide.mcu.externaltools.gnu-tools-for-stm32.13.3.rel1.linux64_1.0.0.202410170706/tools/bin/../lib/gcc/arm-none-eabi/13.3.1/thumb/v8-m.main+fp/hard/libgcc.a
LOAD /opt/st/stm32cubeide_1.19.0/plugins/com.st.stm32cube.ide.mcu.externaltools.gnu-tools-for-stm32.13.3.rel1.linux64_1.0.0.202410170706/tools/bin/../lib/gcc/arm-none-eabi/13.3.1/../../../../arm-none-eabi/lib/thumb/v8-m.main+fp/hard/libc_nano.a
LOAD /opt/st/stm32cubeide_1.19.0/plugins/com.st.stm32cube.ide.mcu.externaltools.gnu-tools-for-stm32.13.3.rel1.linux64_1.0.0.202410170706/tools/bin/../lib/gcc/arm-none-eabi/13.3.1/../../../../arm-none-eabi/lib/thumb/v8-m.main+fp/hard/libnosys.a
END GROUP
START GROUP
LOAD /opt/st/stm32cubeide_1.19.0/plugins/com.st.stm32cube.ide.mcu.externaltools.gnu-tools-for-stm32.13.3.rel1.linux64_1.0.0.202410170706/tools/bin/../lib/gcc/arm-none-eabi/13.3.1/thumb/v8-m.main+fp/hard/libgcc.a
LOAD /opt/st/stm32cubeide_1.19.0/plugins/com.st.stm32cube.ide.mcu.externaltools.gnu-tools-for-stm32.13.3.rel1.linux64_1.0.0.202410170706/tools/bin/../lib/gcc/arm-none-eabi/13.3.1/../../../../arm-none-eabi/lib/thumb/v8-m.main+fp/hard/libc_nano.a
LOAD /opt/st/stm32cubeide_1.19.0/plugins/com.st.stm32cube.ide.mcu.externaltools.gnu-tools-for-stm32.13.3.rel1.linux64_1.0.0.202410170706/tools/bin/../lib/gcc/arm-none-eabi/13.3.1/../../../../arm-none-eabi/lib/thumb/v8-m.main+fp/hard/libnosys.a
END GROUP
LOAD /opt/st/stm32cubeide_1.19.0/plugins/com.st.stm32cube.ide.mcu.externaltools.gnu-tools-for-stm32.13.3.rel1.linux64_1.0.0.202410170706/tools/bin/../lib/gcc/arm-none-eabi/13.3.1/thumb/v8-m.main+fp/hard/crtend.o
LOAD /opt/st/stm32cubeide_1.19.0/plugins/com.st.stm32cube.ide.mcu.externaltools.gnu-tools-for-stm32.13.3.rel1.linux64_1.0.0.202410170706/tools/bin/../lib/gcc/arm-none-eabi/13.3.1/thumb/v8-m.main+fp/hard/crtn.o
                0x200c0004                        _estack = (ORIGIN (RAM) + LENGTH (RAM))
                0x00000200                        _Min_Heap_Size = 0x200
                0x00000400                        _Min_Stack_Size = 0x400

.isr_vector     0x20000004      0x434
                0x20000200                        . = (. + 0x1fc)
 *fill*         0x20000004      0x1fc 
                0x20000200                        . = ALIGN (0x4)
 *(.isr_vector)
 .isr_vector    0x20000200      0x238 ./Core/Startup/startup_stm32u575vgtx.o
                0x20000200                g_pfnVectors
                0x20000438                        . = ALIGN (0x4)

.ARM.extab      0x20000438        0x0
 *(.ARM.extab* .gnu.linkonce.armextab.*)
 .ARM.extab     0x20000438        0x0 /opt/st/stm32cubeide_1.19.0/plugins/com.st.stm32cube.ide.mcu.externaltools.gnu-tools-for-stm32.13.3.rel1.linux64_1.0.0.202410170706/tools/bin/../lib/gcc/arm-none-eabi/13.3.1/../../../../arm-none-eabi/lib/thumb/v8-m.main+fp/hard/crt0.o
 .ARM.extab     0x20000438        0x0 /opt/st/stm32cubeide_1.19.0/plugins/com.st.stm32cube.ide.mcu.externaltools.gnu-tools-for-stm32.13.3.rel1.linux64_1.0.0.202410170706/tools/bin/../lib/gcc/arm-none-eabi/13.3.1/../../../../arm-none-eabi/lib/thumb/v8-m.main+fp/hard/libc_nano.a(libc_a-strlen.o)
 .ARM.extab     0x20000438        0x0 /opt/st/stm32cubeide_1.19.0/plugins/com.st.stm32cube.ide.mcu.externaltools.gnu-tools-for-stm32.13.3.rel1.linux64_1.0.0.202410170706/tools/bin/../lib/gcc/arm-none-eabi/13.3.1/thumb/v8-m.main+fp/hard/libgcc.a(_udivmoddi4.o)

.ARM            0x20000438        0x8
                0x20000438                        __exidx_start = .
 *(.ARM.exidx*)
 .ARM.exidx     0x20000438        0x8 /opt/st/stm32cubeide_1.19.0/plugins/com.st.stm32cube.ide.mcu.externaltools.gnu-tools-for-stm32.13.3.rel1.linux64_1.0.0.202410170706/tools/bin/../lib/gcc/arm-none-eabi/13.3.1/../../../../arm-none-eabi/lib/thumb/v8-m.main+fp/hard/crt0.o
                                 0x10 (size before relaxing)
 .ARM.exidx     0x20000440        0x0 /opt/st/stm32cubeide_1.19.0/plugins/com.st.stm32cube.ide.mcu.externaltools.gnu-tools-for-stm32.13.3.rel1.linux64_1.0.0.202410170706/tools/bin/../lib/gcc/arm-none-eabi/13.3.1/../../../../arm-none-eabi/lib/thumb/v8-m.main+fp/hard/libc_nano.a(libc_a-strlen.o)
                                  0x8 (size before relaxing)
 .ARM.exidx     0x20000440        0x0 /opt/st/stm32cubeide_1.19.0/plugins/com.st.stm32cube.ide.mcu.externaltools.gnu-tools-for-stm32.13.3.rel1.linux64_1.0.0.202410170706/tools/bin/../lib/gcc/arm-none-eabi/13.3.1/thumb/v8-m.main+fp/hard/libgcc.a(_udivmoddi4.o)
                                  0x8 (size before relaxing)
                0x20000440                        __exidx_end = .

.preinit_array  0x20000440        0x0
                0x20000440                        PROVIDE (__preinit_array_start = .)
 *(.preinit_array*)
                0x20000440                        PROVIDE (__preinit_array_end = .)

.init_array     0x20000440        0x4
                0x20000440                        PROVIDE (__init_array_start = .)
 *(SORT_BY_NAME(.init_array.*))
 *(.init_array*)
 .init_array    0x20000440        0x4 /opt/st/stm32cubeide_1.19.0/plugins/com.st.stm32cube.ide.mcu.externaltools.gnu-tools-for-stm32.13.3.rel1.linux64_1.0.0.202410170706/tools/bin/../lib/gcc/arm-none-eabi/13.3.1/thumb/v8-m.main+fp/hard/crtbegin.o
                0x20000444                        PROVIDE (__init_array_end = .)

.fini_array     0x20000444        0x4
                [!provide]                        PROVIDE (__fini_array_start = .)
 *(SORT_BY_NAME(.fini_array.*))
 *(.fini_array*)
 .fini_array    0x20000444        0x4 /opt/st/stm32cubeide_1.19.0/plugins/com.st.stm32cube.ide.mcu.externaltools.gnu-tools-for-stm32.13.3.rel1.linux64_1.0.0.202410170706/tools/bin/../lib/gcc/arm-none-eabi/13.3.1/thumb/v8-m.main+fp/hard/crtbegin.o
                [!provide]                        PROVIDE (__fini_array_end = .)
                0x20000448                        _sidata = LOADADDR (.data)

.data           0x20000448       0x98
                0x20000448                        . = ALIGN (0x4)
                0x20000448                        _sdata = .
 *(.data)
 .data          0x20000448        0x0 /opt/st/stm32cubeide_1.19.0/plugins/com.st.stm32cube.ide.mcu.externaltools.gnu-tools-for-stm32.13.3.rel1.linux64_1.0.0.202410170706/tools/bin/../lib/gcc/arm-none-eabi/13.3.1/thumb/v8-m.main+fp/hard/crti.o
 .data          0x20000448        0x4 /opt/st/stm32cubeide_1.19.0/plugins/com.st.stm32cube.ide.mcu.externaltools.gnu-tools-for-stm32.13.3.rel1.linux64_1.0.0.202410170706/tools/bin/../lib/gcc/arm-none-eabi/13.3.1/thumb/v8-m.main+fp/hard/crtbegin.o
                0x20000448                __dso_handle
 .data          0x2000044c        0x0 /opt/st/stm32cubeide_1.19.0/plugins/com.st.stm32cube.ide.mcu.externaltools.gnu-tools-for-stm32.13.3.rel1.linux64_1.0.0.202410170706/tools/bin/../lib/gcc/arm-none-eabi/13.3.1/../../../../arm-none-eabi/lib/thumb/v8-m.main+fp/hard/crt0.o
 .data          0x2000044c        0x0 ./Core/Src/Dev_Inf.o
 .data          0x2000044c        0x0 ./Core/Src/Loader_Src.o
 .data          0x2000044c        0x0 ./Core/Src/gpio.o
 .data          0x2000044c        0x0 ./Core/Src/icache.o
 .data          0x2000044c        0x0 ./Core/Src/main.o
 .data          0x2000044c        0x0 ./Core/Src/octospi.o
 .data          0x2000044c        0x0 ./Core/Src/stm32u5xx_hal_msp.o
 .data          0x2000044c        0x0 ./Core/Src/stm32u5xx_it.o
 .data          0x2000044c        0x0 ./Core/Src/syscalls.o
 .data          0x2000044c        0x0 ./Core/Src/sysmem.o
 .data          0x2000044c        0x0 ./Core/Src/system_stm32u5xx.o
 .data          0x2000044c        0x0 ./Core/Src/usart.o
 .data          0x2000044c        0x0 ./Core/Src/w25q128jvsq.o
 .data          0x2000044c        0x0 ./Core/Startup/startup_stm32u575vgtx.o
 .data          0x2000044c        0x0 ./Drivers/STM32U5xx_HAL_Driver/Src/stm32u5xx_hal.o
 .data          0x2000044c        0x0 ./Drivers/STM32U5xx_HAL_Driver/Src/stm32u5xx_hal_cortex.o
 .data          0x2000044c        0x0 ./Drivers/STM32U5xx_HAL_Driver/Src/stm32u5xx_hal_dma.o
 .data          0x2000044c        0x0 ./Drivers/STM32U5xx_HAL_Driver/Src/stm32u5xx_hal_dma_ex.o
 .data          0x2000044c        0x0 ./Drivers/STM32U5xx_HAL_Driver/Src/stm32u5xx_hal_exti.o
 .data          0x2000044c        0x0 ./Drivers/STM32U5xx_HAL_Driver/Src/stm32u5xx_hal_flash.o
 .data          0x2000044c        0x0 ./Drivers/STM32U5xx_HAL_Driver/Src/stm32u5xx_hal_flash_ex.o
 .data          0x2000044c        0x0 ./Drivers/STM32U5xx_HAL_Driver/Src/stm32u5xx_hal_gpio.o
 .data          0x2000044c        0x0 ./Drivers/STM32U5xx_HAL_Driver/Src/stm32u5xx_hal_gtzc.o
 .data          0x2000044c        0x0 ./Drivers/STM32U5xx_HAL_Driver/Src/stm32u5xx_hal_i2c.o
 .data          0x2000044c        0x0 ./Drivers/STM32U5xx_HAL_Driver/Src/stm32u5xx_hal_i2c_ex.o
 .data          0x2000044c        0x0 ./Drivers/STM32U5xx_HAL_Driver/Src/stm32u5xx_hal_icache.o
 .data          0x2000044c        0x0 ./Drivers/STM32U5xx_HAL_Driver/Src/stm32u5xx_hal_ospi.o
 .data          0x2000044c        0x0 ./Drivers/STM32U5xx_HAL_Driver/Src/stm32u5xx_hal_pwr.o
 .data          0x2000044c        0x0 ./Drivers/STM32U5xx_HAL_Driver/Src/stm32u5xx_hal_pwr_ex.o
 .data          0x2000044c        0x0 ./Drivers/STM32U5xx_HAL_Driver/Src/stm32u5xx_hal_rcc.o
 .data          0x2000044c        0x0 ./Drivers/STM32U5xx_HAL_Driver/Src/stm32u5xx_hal_rcc_ex.o
 .data          0x2000044c        0x0 ./Drivers/STM32U5xx_HAL_Driver/Src/stm32u5xx_hal_uart.o
 .data          0x2000044c        0x0 ./Drivers/STM32U5xx_HAL_Driver/Src/stm32u5xx_hal_uart_ex.o
 .data          0x2000044c        0x0 ./Drivers/STM32U5xx_HAL_Driver/Src/stm32u5xx_ll_dlyb.o
 .data          0x2000044c        0x0 /opt/st/stm32cubeide_1.19.0/plugins/com.st.stm32cube.ide.mcu.externaltools.gnu-tools-for-stm32.13.3.rel1.linux64_1.0.0.202410170706/tools/bin/../lib/gcc/arm-none-eabi/13.3.1/../../../../arm-none-eabi/lib/thumb/v8-m.main+fp/hard/libc_nano.a(libc_a-exit.o)
 .data          0x2000044c        0x0 /opt/st/stm32cubeide_1.19.0/plugins/com.st.stm32cube.ide.mcu.externaltools.gnu-tools-for-stm32.13.3.rel1.linux64_1.0.0.202410170706/tools/bin/../lib/gcc/arm-none-eabi/13.3.1/../../../../arm-none-eabi/lib/thumb/v8-m.main+fp/hard/libc_nano.a(libc_a-findfp.o)
 .data          0x2000044c        0x0 /opt/st/stm32cubeide_1.19.0/plugins/com.st.stm32cube.ide.mcu.externaltools.gnu-tools-for-stm32.13.3.rel1.linux64_1.0.0.202410170706/tools/bin/../lib/gcc/arm-none-eabi/13.3.1/../../../../arm-none-eabi/lib/thumb/v8-m.main+fp/hard/libc_nano.a(libc_a-fwalk.o)
 .data          0x2000044c        0x0 /opt/st/stm32cubeide_1.19.0/plugins/com.st.stm32cube.ide.mcu.externaltools.gnu-tools-for-stm32.13.3.rel1.linux64_1.0.0.202410170706/tools/bin/../lib/gcc/arm-none-eabi/13.3.1/../../../../arm-none-eabi/lib/thumb/v8-m.main+fp/hard/libc_nano.a(libc_a-stdio.o)
 .data          0x2000044c        0x0 /opt/st/stm32cubeide_1.19.0/plugins/com.st.stm32cube.ide.mcu.externaltools.gnu-tools-for-stm32.13.3.rel1.linux64_1.0.0.202410170706/tools/bin/../lib/gcc/arm-none-eabi/13.3.1/../../../../arm-none-eabi/lib/thumb/v8-m.main+fp/hard/libc_nano.a(libc_a-memset.o)
 .data          0x2000044c        0x0 /opt/st/stm32cubeide_1.19.0/plugins/com.st.stm32cube.ide.mcu.externaltools.gnu-tools-for-stm32.13.3.rel1.linux64_1.0.0.202410170706/tools/bin/../lib/gcc/arm-none-eabi/13.3.1/../../../../arm-none-eabi/lib/thumb/v8-m.main+fp/hard/libc_nano.a(libc_a-closer.o)
 .data          0x2000044c        0x0 /opt/st/stm32cubeide_1.19.0/plugins/com.st.stm32cube.ide.mcu.externaltools.gnu-tools-for-stm32.13.3.rel1.linux64_1.0.0.202410170706/tools/bin/../lib/gcc/arm-none-eabi/13.3.1/../../../../arm-none-eabi/lib/thumb/v8-m.main+fp/hard/libc_nano.a(libc_a-reent.o)
 .data          0x2000044c        0x0 /opt/st/stm32cubeide_1.19.0/plugins/com.st.stm32cube.ide.mcu.externaltools.gnu-tools-for-stm32.13.3.rel1.linux64_1.0.0.202410170706/tools/bin/../lib/gcc/arm-none-eabi/13.3.1/../../../../arm-none-eabi/lib/thumb/v8-m.main+fp/hard/libc_nano.a(libc_a-impure.o)
 .data          0x2000044c        0x0 /opt/st/stm32cubeide_1.19.0/plugins/com.st.stm32cube.ide.mcu.externaltools.gnu-tools-for-stm32.13.3.rel1.linux64_1.0.0.202410170706/tools/bin/../lib/gcc/arm-none-eabi/13.3.1/../../../../arm-none-eabi/lib/thumb/v8-m.main+fp/hard/libc_nano.a(libc_a-lseekr.o)
 .data          0x2000044c        0x0 /opt/st/stm32cubeide_1.19.0/plugins/com.st.stm32cube.ide.mcu.externaltools.gnu-tools-for-stm32.13.3.rel1.linux64_1.0.0.202410170706/tools/bin/../lib/gcc/arm-none-eabi/13.3.1/../../../../arm-none-eabi/lib/thumb/v8-m.main+fp/hard/libc_nano.a(libc_a-readr.o)
 .data          0x2000044c        0x0 /opt/st/stm32cubeide_1.19.0/plugins/com.st.stm32cube.ide.mcu.externaltools.gnu-tools-for-stm32.13.3.rel1.linux64_1.0.0.202410170706/tools/bin/../lib/gcc/arm-none-eabi/13.3.1/../../../../arm-none-eabi/lib/thumb/v8-m.main+fp/hard/libc_nano.a(libc_a-writer.o)
 .data          0x2000044c        0x0 /opt/st/stm32cubeide_1.19.0/plugins/com.st.stm32cube.ide.mcu.externaltools.gnu-tools-for-stm32.13.3.rel1.linux64_1.0.0.202410170706/tools/bin/../lib/gcc/arm-none-eabi/13.3.1/../../../../arm-none-eabi/lib/thumb/v8-m.main+fp/hard/libc_nano.a(libc_a-errno.o)
 .data          0x2000044c        0x0 /opt/st/stm32cubeide_1.19.0/plugins/com.st.stm32cube.ide.mcu.externaltools.gnu-tools-for-stm32.13.3.rel1.linux64_1.0.0.202410170706/tools/bin/../lib/gcc/arm-none-eabi/13.3.1/../../../../arm-none-eabi/lib/thumb/v8-m.main+fp/hard/libc_nano.a(libc_a-init.o)
 .data          0x2000044c        0x0 /opt/st/stm32cubeide_1.19.0/plugins/com.st.stm32cube.ide.mcu.externaltools.gnu-tools-for-stm32.13.3.rel1.linux64_1.0.0.202410170706/tools/bin/../lib/gcc/arm-none-eabi/13.3.1/../../../../arm-none-eabi/lib/thumb/v8-m.main+fp/hard/libc_nano.a(libc_a-lock.o)
 .data          0x2000044c        0x0 /opt/st/stm32cubeide_1.19.0/plugins/com.st.stm32cube.ide.mcu.externaltools.gnu-tools-for-stm32.13.3.rel1.linux64_1.0.0.202410170706/tools/bin/../lib/gcc/arm-none-eabi/13.3.1/../../../../arm-none-eabi/lib/thumb/v8-m.main+fp/hard/libc_nano.a(libc_a-strlen.o)
 .data          0x2000044c        0x0 /opt/st/stm32cubeide_1.19.0/plugins/com.st.stm32cube.ide.mcu.externaltools.gnu-tools-for-stm32.13.3.rel1.linux64_1.0.0.202410170706/tools/bin/../lib/gcc/arm-none-eabi/13.3.1/../../../../arm-none-eabi/lib/thumb/v8-m.main+fp/hard/libc_nano.a(libc_a-freer.o)
 .data          0x2000044c        0x0 /opt/st/stm32cubeide_1.19.0/plugins/com.st.stm32cube.ide.mcu.externaltools.gnu-tools-for-stm32.13.3.rel1.linux64_1.0.0.202410170706/tools/bin/../lib/gcc/arm-none-eabi/13.3.1/../../../../arm-none-eabi/lib/thumb/v8-m.main+fp/hard/libc_nano.a(libc_a-mallocr.o)
 .data          0x2000044c        0x0 /opt/st/stm32cubeide_1.19.0/plugins/com.st.stm32cube.ide.mcu.externaltools.gnu-tools-for-stm32.13.3.rel1.linux64_1.0.0.202410170706/tools/bin/../lib/gcc/arm-none-eabi/13.3.1/../../../../arm-none-eabi/lib/thumb/v8-m.main+fp/hard/libc_nano.a(libc_a-mlock.o)
 .data          0x2000044c        0x0 /opt/st/stm32cubeide_1.19.0/plugins/com.st.stm32cube.ide.mcu.externaltools.gnu-tools-for-stm32.13.3.rel1.linux64_1.0.0.202410170706/tools/bin/../lib/gcc/arm-none-eabi/13.3.1/../../../../arm-none-eabi/lib/thumb/v8-m.main+fp/hard/libc_nano.a(libc_a-fflush.o)
 .data          0x2000044c        0x0 /opt/st/stm32cubeide_1.19.0/plugins/com.st.stm32cube.ide.mcu.externaltools.gnu-tools-for-stm32.13.3.rel1.linux64_1.0.0.202410170706/tools/bin/../lib/gcc/arm-none-eabi/13.3.1/../../../../arm-none-eabi/lib/thumb/v8-m.main+fp/hard/libc_nano.a(libc_a-sbrkr.o)
 .data          0x2000044c        0x0 /opt/st/stm32cubeide_1.19.0/plugins/com.st.stm32cube.ide.mcu.externaltools.gnu-tools-for-stm32.13.3.rel1.linux64_1.0.0.202410170706/tools/bin/../lib/gcc/arm-none-eabi/13.3.1/thumb/v8-m.main+fp/hard/libgcc.a(_aeabi_uldivmod.o)
 .data          0x2000044c        0x0 /opt/st/stm32cubeide_1.19.0/plugins/com.st.stm32cube.ide.mcu.externaltools.gnu-tools-for-stm32.13.3.rel1.linux64_1.0.0.202410170706/tools/bin/../lib/gcc/arm-none-eabi/13.3.1/thumb/v8-m.main+fp/hard/libgcc.a(_udivmoddi4.o)
 .data          0x2000044c        0x0 /opt/st/stm32cubeide_1.19.0/plugins/com.st.stm32cube.ide.mcu.externaltools.gnu-tools-for-stm32.13.3.rel1.linux64_1.0.0.202410170706/tools/bin/../lib/gcc/arm-none-eabi/13.3.1/thumb/v8-m.main+fp/hard/libgcc.a(_dvmd_tls.o)
 .data          0x2000044c        0x0 /opt/st/stm32cubeide_1.19.0/plugins/com.st.stm32cube.ide.mcu.externaltools.gnu-tools-for-stm32.13.3.rel1.linux64_1.0.0.202410170706/tools/bin/../lib/gcc/arm-none-eabi/13.3.1/thumb/v8-m.main+fp/hard/crtend.o
 .data          0x2000044c        0x0 /opt/st/stm32cubeide_1.19.0/plugins/com.st.stm32cube.ide.mcu.externaltools.gnu-tools-for-stm32.13.3.rel1.linux64_1.0.0.202410170706/tools/bin/../lib/gcc/arm-none-eabi/13.3.1/thumb/v8-m.main+fp/hard/crtn.o
 *(.data*)
 .data.txbuf    0x2000044c        0xc ./Core/Src/main.o
                0x2000044c                txbuf
 .data.environ  0x20000458        0x4 ./Core/Src/syscalls.o
                0x20000458                environ
 .data.SystemCoreClock
                0x2000045c        0x4 ./Core/Src/system_stm32u5xx.o
                0x2000045c                SystemCoreClock
 .data.uwTickPrio
                0x20000460        0x4 ./Drivers/STM32U5xx_HAL_Driver/Src/stm32u5xx_hal.o
                0x20000460                uwTickPrio
 .data.uwTickFreq
                0x20000464        0x1 ./Drivers/STM32U5xx_HAL_Driver/Src/stm32u5xx_hal.o
                0x20000464                uwTickFreq
 *fill*         0x20000465        0x3 
 .data.pFlash   0x20000468       0x1c ./Drivers/STM32U5xx_HAL_Driver/Src/stm32u5xx_hal_flash.o
                0x20000468                pFlash
 .data.__sglue  0x20000484        0xc /opt/st/stm32cubeide_1.19.0/plugins/com.st.stm32cube.ide.mcu.externaltools.gnu-tools-for-stm32.13.3.rel1.linux64_1.0.0.202410170706/tools/bin/../lib/gcc/arm-none-eabi/13.3.1/../../../../arm-none-eabi/lib/thumb/v8-m.main+fp/hard/libc_nano.a(libc_a-findfp.o)
                0x20000484                __sglue
 .data._impure_ptr
                0x20000490        0x4 /opt/st/stm32cubeide_1.19.0/plugins/com.st.stm32cube.ide.mcu.externaltools.gnu-tools-for-stm32.13.3.rel1.linux64_1.0.0.202410170706/tools/bin/../lib/gcc/arm-none-eabi/13.3.1/../../../../arm-none-eabi/lib/thumb/v8-m.main+fp/hard/libc_nano.a(libc_a-impure.o)
                0x20000490                _impure_ptr
 .data._impure_data
                0x20000494       0x4c /opt/st/stm32cubeide_1.19.0/plugins/com.st.stm32cube.ide.mcu.externaltools.gnu-tools-for-stm32.13.3.rel1.linux64_1.0.0.202410170706/tools/bin/../lib/gcc/arm-none-eabi/13.3.1/../../../../arm-none-eabi/lib/thumb/v8-m.main+fp/hard/libc_nano.a(libc_a-impure.o)
                0x20000494                _impure_data
                0x200004e0                        . = ALIGN (0x4)
                0x200004e0                        _edata = .

.igot.plt       0x200004e0        0x0
 .igot.plt      0x200004e0        0x0 /opt/st/stm32cubeide_1.19.0/plugins/com.st.stm32cube.ide.mcu.externaltools.gnu-tools-for-stm32.13.3.rel1.linux64_1.0.0.202410170706/tools/bin/../lib/gcc/arm-none-eabi/13.3.1/thumb/v8-m.main+fp/hard/crtbegin.o
                0x200004e0                        . = ALIGN (0x4)

.bss            0x200004e0      0x334
                0x200004e0                        _sbss = .
                0x200004e0                        __bss_start__ = _sbss
 *(.bss)
 .bss           0x200004e0        0x0 /opt/st/stm32cubeide_1.19.0/plugins/com.st.stm32cube.ide.mcu.externaltools.gnu-tools-for-stm32.13.3.rel1.linux64_1.0.0.202410170706/tools/bin/../lib/gcc/arm-none-eabi/13.3.1/thumb/v8-m.main+fp/hard/crti.o
 .bss           0x200004e0       0x1c /opt/st/stm32cubeide_1.19.0/plugins/com.st.stm32cube.ide.mcu.externaltools.gnu-tools-for-stm32.13.3.rel1.linux64_1.0.0.202410170706/tools/bin/../lib/gcc/arm-none-eabi/13.3.1/thumb/v8-m.main+fp/hard/crtbegin.o
 .bss           0x200004fc        0x0 /opt/st/stm32cubeide_1.19.0/plugins/com.st.stm32cube.ide.mcu.externaltools.gnu-tools-for-stm32.13.3.rel1.linux64_1.0.0.202410170706/tools/bin/../lib/gcc/arm-none-eabi/13.3.1/../../../../arm-none-eabi/lib/thumb/v8-m.main+fp/hard/crt0.o
 .bss           0x200004fc        0x0 ./Core/Src/Dev_Inf.o
 .bss           0x200004fc        0x0 ./Core/Src/Loader_Src.o
 .bss           0x200004fc        0x0 ./Core/Src/gpio.o
 .bss           0x200004fc        0x0 ./Core/Src/icache.o
 .bss           0x200004fc        0x0 ./Core/Src/main.o
 .bss           0x200004fc        0x0 ./Core/Src/octospi.o
 .bss           0x200004fc        0x0 ./Core/Src/stm32u5xx_hal_msp.o
 .bss           0x200004fc        0x0 ./Core/Src/stm32u5xx_it.o
 .bss           0x200004fc        0x0 ./Core/Src/syscalls.o
 .bss           0x200004fc        0x0 ./Core/Src/sysmem.o
 .bss           0x200004fc        0x0 ./Core/Src/system_stm32u5xx.o
 .bss           0x200004fc        0x0 ./Core/Src/usart.o
 .bss           0x200004fc        0x0 ./Core/Src/w25q128jvsq.o
 .bss           0x200004fc        0x0 ./Core/Startup/startup_stm32u575vgtx.o
 .bss           0x200004fc        0x0 ./Drivers/STM32U5xx_HAL_Driver/Src/stm32u5xx_hal.o
 .bss           0x200004fc        0x0 ./Drivers/STM32U5xx_HAL_Driver/Src/stm32u5xx_hal_cortex.o
 .bss           0x200004fc        0x0 ./Drivers/STM32U5xx_HAL_Driver/Src/stm32u5xx_hal_dma.o
 .bss           0x200004fc        0x0 ./Drivers/STM32U5xx_HAL_Driver/Src/stm32u5xx_hal_dma_ex.o
 .bss           0x200004fc        0x0 ./Drivers/STM32U5xx_HAL_Driver/Src/stm32u5xx_hal_exti.o
 .bss           0x200004fc        0x0 ./Drivers/STM32U5xx_HAL_Driver/Src/stm32u5xx_hal_flash.o
 .bss           0x200004fc        0x0 ./Drivers/STM32U5xx_HAL_Driver/Src/stm32u5xx_hal_flash_ex.o
 .bss           0x200004fc        0x0 ./Drivers/STM32U5xx_HAL_Driver/Src/stm32u5xx_hal_gpio.o
 .bss           0x200004fc        0x0 ./Drivers/STM32U5xx_HAL_Driver/Src/stm32u5xx_hal_gtzc.o
 .bss           0x200004fc        0x0 ./Drivers/STM32U5xx_HAL_Driver/Src/stm32u5xx_hal_i2c.o
 .bss           0x200004fc        0x0 ./Drivers/STM32U5xx_HAL_Driver/Src/stm32u5xx_hal_i2c_ex.o
 .bss           0x200004fc        0x0 ./Drivers/STM32U5xx_HAL_Driver/Src/stm32u5xx_hal_icache.o
 .bss           0x200004fc        0x0 ./Drivers/STM32U5xx_HAL_Driver/Src/stm32u5xx_hal_ospi.o
 .bss           0x200004fc        0x0 ./Drivers/STM32U5xx_HAL_Driver/Src/stm32u5xx_hal_pwr.o
 .bss           0x200004fc        0x0 ./Drivers/STM32U5xx_HAL_Driver/Src/stm32u5xx_hal_pwr_ex.o
 .bss           0x200004fc        0x0 ./Drivers/STM32U5xx_HAL_Driver/Src/stm32u5xx_hal_rcc.o
 .bss           0x200004fc        0x0 ./Drivers/STM32U5xx_HAL_Driver/Src/stm32u5xx_hal_rcc_ex.o
 .bss           0x200004fc        0x0 ./Drivers/STM32U5xx_HAL_Driver/Src/stm32u5xx_hal_uart.o
 .bss           0x200004fc        0x0 ./Drivers/STM32U5xx_HAL_Driver/Src/stm32u5xx_hal_uart_ex.o
 .bss           0x200004fc        0x0 ./Drivers/STM32U5xx_HAL_Driver/Src/stm32u5xx_ll_dlyb.o
 .bss           0x200004fc        0x0 /opt/st/stm32cubeide_1.19.0/plugins/com.st.stm32cube.ide.mcu.externaltools.gnu-tools-for-stm32.13.3.rel1.linux64_1.0.0.202410170706/tools/bin/../lib/gcc/arm-none-eabi/13.3.1/../../../../arm-none-eabi/lib/thumb/v8-m.main+fp/hard/libc_nano.a(libc_a-exit.o)
 .bss           0x200004fc        0x0 /opt/st/stm32cubeide_1.19.0/plugins/com.st.stm32cube.ide.mcu.externaltools.gnu-tools-for-stm32.13.3.rel1.linux64_1.0.0.202410170706/tools/bin/../lib/gcc/arm-none-eabi/13.3.1/../../../../arm-none-eabi/lib/thumb/v8-m.main+fp/hard/libc_nano.a(libc_a-findfp.o)
 .bss           0x200004fc        0x0 /opt/st/stm32cubeide_1.19.0/plugins/com.st.stm32cube.ide.mcu.externaltools.gnu-tools-for-stm32.13.3.rel1.linux64_1.0.0.202410170706/tools/bin/../lib/gcc/arm-none-eabi/13.3.1/../../../../arm-none-eabi/lib/thumb/v8-m.main+fp/hard/libc_nano.a(libc_a-fwalk.o)
 .bss           0x200004fc        0x0 /opt/st/stm32cubeide_1.19.0/plugins/com.st.stm32cube.ide.mcu.externaltools.gnu-tools-for-stm32.13.3.rel1.linux64_1.0.0.202410170706/tools/bin/../lib/gcc/arm-none-eabi/13.3.1/../../../../arm-none-eabi/lib/thumb/v8-m.main+fp/hard/libc_nano.a(libc_a-stdio.o)
 .bss           0x200004fc        0x0 /opt/st/stm32cubeide_1.19.0/plugins/com.st.stm32cube.ide.mcu.externaltools.gnu-tools-for-stm32.13.3.rel1.linux64_1.0.0.202410170706/tools/bin/../lib/gcc/arm-none-eabi/13.3.1/../../../../arm-none-eabi/lib/thumb/v8-m.main+fp/hard/libc_nano.a(libc_a-memset.o)
 .bss           0x200004fc        0x0 /opt/st/stm32cubeide_1.19.0/plugins/com.st.stm32cube.ide.mcu.externaltools.gnu-tools-for-stm32.13.3.rel1.linux64_1.0.0.202410170706/tools/bin/../lib/gcc/arm-none-eabi/13.3.1/../../../../arm-none-eabi/lib/thumb/v8-m.main+fp/hard/libc_nano.a(libc_a-closer.o)
 .bss           0x200004fc        0x0 /opt/st/stm32cubeide_1.19.0/plugins/com.st.stm32cube.ide.mcu.externaltools.gnu-tools-for-stm32.13.3.rel1.linux64_1.0.0.202410170706/tools/bin/../lib/gcc/arm-none-eabi/13.3.1/../../../../arm-none-eabi/lib/thumb/v8-m.main+fp/hard/libc_nano.a(libc_a-reent.o)
 .bss           0x200004fc        0x0 /opt/st/stm32cubeide_1.19.0/plugins/com.st.stm32cube.ide.mcu.externaltools.gnu-tools-for-stm32.13.3.rel1.linux64_1.0.0.202410170706/tools/bin/../lib/gcc/arm-none-eabi/13.3.1/../../../../arm-none-eabi/lib/thumb/v8-m.main+fp/hard/libc_nano.a(libc_a-impure.o)
 .bss           0x200004fc        0x0 /opt/st/stm32cubeide_1.19.0/plugins/com.st.stm32cube.ide.mcu.externaltools.gnu-tools-for-stm32.13.3.rel1.linux64_1.0.0.202410170706/tools/bin/../lib/gcc/arm-none-eabi/13.3.1/../../../../arm-none-eabi/lib/thumb/v8-m.main+fp/hard/libc_nano.a(libc_a-lseekr.o)
 .bss           0x200004fc        0x0 /opt/st/stm32cubeide_1.19.0/plugins/com.st.stm32cube.ide.mcu.externaltools.gnu-tools-for-stm32.13.3.rel1.linux64_1.0.0.202410170706/tools/bin/../lib/gcc/arm-none-eabi/13.3.1/../../../../arm-none-eabi/lib/thumb/v8-m.main+fp/hard/libc_nano.a(libc_a-readr.o)
 .bss           0x200004fc        0x0 /opt/st/stm32cubeide_1.19.0/plugins/com.st.stm32cube.ide.mcu.externaltools.gnu-tools-for-stm32.13.3.rel1.linux64_1.0.0.202410170706/tools/bin/../lib/gcc/arm-none-eabi/13.3.1/../../../../arm-none-eabi/lib/thumb/v8-m.main+fp/hard/libc_nano.a(libc_a-writer.o)
 .bss           0x200004fc        0x0 /opt/st/stm32cubeide_1.19.0/plugins/com.st.stm32cube.ide.mcu.externaltools.gnu-tools-for-stm32.13.3.rel1.linux64_1.0.0.202410170706/tools/bin/../lib/gcc/arm-none-eabi/13.3.1/../../../../arm-none-eabi/lib/thumb/v8-m.main+fp/hard/libc_nano.a(libc_a-errno.o)
 .bss           0x200004fc        0x0 /opt/st/stm32cubeide_1.19.0/plugins/com.st.stm32cube.ide.mcu.externaltools.gnu-tools-for-stm32.13.3.rel1.linux64_1.0.0.202410170706/tools/bin/../lib/gcc/arm-none-eabi/13.3.1/../../../../arm-none-eabi/lib/thumb/v8-m.main+fp/hard/libc_nano.a(libc_a-init.o)
 .bss           0x200004fc        0x0 /opt/st/stm32cubeide_1.19.0/plugins/com.st.stm32cube.ide.mcu.externaltools.gnu-tools-for-stm32.13.3.rel1.linux64_1.0.0.202410170706/tools/bin/../lib/gcc/arm-none-eabi/13.3.1/../../../../arm-none-eabi/lib/thumb/v8-m.main+fp/hard/libc_nano.a(libc_a-lock.o)
 .bss           0x200004fc        0x0 /opt/st/stm32cubeide_1.19.0/plugins/com.st.stm32cube.ide.mcu.externaltools.gnu-tools-for-stm32.13.3.rel1.linux64_1.0.0.202410170706/tools/bin/../lib/gcc/arm-none-eabi/13.3.1/../../../../arm-none-eabi/lib/thumb/v8-m.main+fp/hard/libc_nano.a(libc_a-strlen.o)
 .bss           0x200004fc        0x0 /opt/st/stm32cubeide_1.19.0/plugins/com.st.stm32cube.ide.mcu.externaltools.gnu-tools-for-stm32.13.3.rel1.linux64_1.0.0.202410170706/tools/bin/../lib/gcc/arm-none-eabi/13.3.1/../../../../arm-none-eabi/lib/thumb/v8-m.main+fp/hard/libc_nano.a(libc_a-freer.o)
 .bss           0x200004fc        0x0 /opt/st/stm32cubeide_1.19.0/plugins/com.st.stm32cube.ide.mcu.externaltools.gnu-tools-for-stm32.13.3.rel1.linux64_1.0.0.202410170706/tools/bin/../lib/gcc/arm-none-eabi/13.3.1/../../../../arm-none-eabi/lib/thumb/v8-m.main+fp/hard/libc_nano.a(libc_a-mallocr.o)
 .bss           0x200004fc        0x0 /opt/st/stm32cubeide_1.19.0/plugins/com.st.stm32cube.ide.mcu.externaltools.gnu-tools-for-stm32.13.3.rel1.linux64_1.0.0.202410170706/tools/bin/../lib/gcc/arm-none-eabi/13.3.1/../../../../arm-none-eabi/lib/thumb/v8-m.main+fp/hard/libc_nano.a(libc_a-mlock.o)
 .bss           0x200004fc        0x0 /opt/st/stm32cubeide_1.19.0/plugins/com.st.stm32cube.ide.mcu.externaltools.gnu-tools-for-stm32.13.3.rel1.linux64_1.0.0.202410170706/tools/bin/../lib/gcc/arm-none-eabi/13.3.1/../../../../arm-none-eabi/lib/thumb/v8-m.main+fp/hard/libc_nano.a(libc_a-fflush.o)
 .bss           0x200004fc        0x0 /opt/st/stm32cubeide_1.19.0/plugins/com.st.stm32cube.ide.mcu.externaltools.gnu-tools-for-stm32.13.3.rel1.linux64_1.0.0.202410170706/tools/bin/../lib/gcc/arm-none-eabi/13.3.1/../../../../arm-none-eabi/lib/thumb/v8-m.main+fp/hard/libc_nano.a(libc_a-sbrkr.o)
 .bss           0x200004fc        0x0 /opt/st/stm32cubeide_1.19.0/plugins/com.st.stm32cube.ide.mcu.externaltools.gnu-tools-for-stm32.13.3.rel1.linux64_1.0.0.202410170706/tools/bin/../lib/gcc/arm-none-eabi/13.3.1/thumb/v8-m.main+fp/hard/libgcc.a(_aeabi_uldivmod.o)
 .bss           0x200004fc        0x0 /opt/st/stm32cubeide_1.19.0/plugins/com.st.stm32cube.ide.mcu.externaltools.gnu-tools-for-stm32.13.3.rel1.linux64_1.0.0.202410170706/tools/bin/../lib/gcc/arm-none-eabi/13.3.1/thumb/v8-m.main+fp/hard/libgcc.a(_udivmoddi4.o)
 .bss           0x200004fc        0x0 /opt/st/stm32cubeide_1.19.0/plugins/com.st.stm32cube.ide.mcu.externaltools.gnu-tools-for-stm32.13.3.rel1.linux64_1.0.0.202410170706/tools/bin/../lib/gcc/arm-none-eabi/13.3.1/thumb/v8-m.main+fp/hard/libgcc.a(_dvmd_tls.o)
 .bss           0x200004fc        0x0 /opt/st/stm32cubeide_1.19.0/plugins/com.st.stm32cube.ide.mcu.externaltools.gnu-tools-for-stm32.13.3.rel1.linux64_1.0.0.202410170706/tools/bin/../lib/gcc/arm-none-eabi/13.3.1/thumb/v8-m.main+fp/hard/crtend.o
 .bss           0x200004fc        0x0 /opt/st/stm32cubeide_1.19.0/plugins/com.st.stm32cube.ide.mcu.externaltools.gnu-tools-for-stm32.13.3.rel1.linux64_1.0.0.202410170706/tools/bin/../lib/gcc/arm-none-eabi/13.3.1/thumb/v8-m.main+fp/hard/crtn.o
 *(.bss*)
 .bss.ret       0x200004fc        0x1 ./Core/Src/main.o
                0x200004fc                ret
 *fill*         0x200004fd        0x3 
 .bss.rxbuf     0x20000500       0x64 ./Core/Src/main.o
                0x20000500                rxbuf
 .bss.rxbuf2    0x20000564       0x64 ./Core/Src/main.o
                0x20000564                rxbuf2
 .bss.hospi1    0x200005c8       0x5c ./Core/Src/octospi.o
                0x200005c8                hospi1
 .bss.__env     0x20000624        0x4 ./Core/Src/syscalls.o
                0x20000624                __env
 .bss.__sbrk_heap_end
                0x20000628        0x4 ./Core/Src/sysmem.o
 .bss.huart2    0x2000062c       0x94 ./Core/Src/usart.o
                0x2000062c                huart2
 .bss.uwTick    0x200006c0        0x4 ./Drivers/STM32U5xx_HAL_Driver/Src/stm32u5xx_hal.o
                0x200006c0                uwTick
 .bss.__sf      0x200006c4      0x138 /opt/st/stm32cubeide_1.19.0/plugins/com.st.stm32cube.ide.mcu.externaltools.gnu-tools-for-stm32.13.3.rel1.linux64_1.0.0.202410170706/tools/bin/../lib/gcc/arm-none-eabi/13.3.1/../../../../arm-none-eabi/lib/thumb/v8-m.main+fp/hard/libc_nano.a(libc_a-findfp.o)
                0x200006c4                __sf
 .bss.__stdio_exit_handler
                0x200007fc        0x4 /opt/st/stm32cubeide_1.19.0/plugins/com.st.stm32cube.ide.mcu.externaltools.gnu-tools-for-stm32.13.3.rel1.linux64_1.0.0.202410170706/tools/bin/../lib/gcc/arm-none-eabi/13.3.1/../../../../arm-none-eabi/lib/thumb/v8-m.main+fp/hard/libc_nano.a(libc_a-findfp.o)
                0x200007fc                __stdio_exit_handler
 .bss.errno     0x20000800        0x4 /opt/st/stm32cubeide_1.19.0/plugins/com.st.stm32cube.ide.mcu.externaltools.gnu-tools-for-stm32.13.3.rel1.linux64_1.0.0.202410170706/tools/bin/../lib/gcc/arm-none-eabi/13.3.1/../../../../arm-none-eabi/lib/thumb/v8-m.main+fp/hard/libc_nano.a(libc_a-reent.o)
                0x20000800                errno
 .bss.__lock___arc4random_mutex
                0x20000804        0x1 /opt/st/stm32cubeide_1.19.0/plugins/com.st.stm32cube.ide.mcu.externaltools.gnu-tools-for-stm32.13.3.rel1.linux64_1.0.0.202410170706/tools/bin/../lib/gcc/arm-none-eabi/13.3.1/../../../../arm-none-eabi/lib/thumb/v8-m.main+fp/hard/libc_nano.a(libc_a-lock.o)
                0x20000804                __lock___arc4random_mutex
 .bss.__lock___dd_hash_mutex
                0x20000805        0x1 /opt/st/stm32cubeide_1.19.0/plugins/com.st.stm32cube.ide.mcu.externaltools.gnu-tools-for-stm32.13.3.rel1.linux64_1.0.0.202410170706/tools/bin/../lib/gcc/arm-none-eabi/13.3.1/../../../../arm-none-eabi/lib/thumb/v8-m.main+fp/hard/libc_nano.a(libc_a-lock.o)
                0x20000805                __lock___dd_hash_mutex
 .bss.__lock___tz_mutex
                0x20000806        0x1 /opt/st/stm32cubeide_1.19.0/plugins/com.st.stm32cube.ide.mcu.externaltools.gnu-tools-for-stm32.13.3.rel1.linux64_1.0.0.202410170706/tools/bin/../lib/gcc/arm-none-eabi/13.3.1/../../../../arm-none-eabi/lib/thumb/v8-m.main+fp/hard/libc_nano.a(libc_a-lock.o)
                0x20000806                __lock___tz_mutex
 .bss.__lock___env_recursive_mutex
                0x20000807        0x1 /opt/st/stm32cubeide_1.19.0/plugins/com.st.stm32cube.ide.mcu.externaltools.gnu-tools-for-stm32.13.3.rel1.linux64_1.0.0.202410170706/tools/bin/../lib/gcc/arm-none-eabi/13.3.1/../../../../arm-none-eabi/lib/thumb/v8-m.main+fp/hard/libc_nano.a(libc_a-lock.o)
                0x20000807                __lock___env_recursive_mutex
 .bss.__lock___malloc_recursive_mutex
                0x20000808        0x1 /opt/st/stm32cubeide_1.19.0/plugins/com.st.stm32cube.ide.mcu.externaltools.gnu-tools-for-stm32.13.3.rel1.linux64_1.0.0.202410170706/tools/bin/../lib/gcc/arm-none-eabi/13.3.1/../../../../arm-none-eabi/lib/thumb/v8-m.main+fp/hard/libc_nano.a(libc_a-lock.o)
                0x20000808                __lock___malloc_recursive_mutex
 .bss.__lock___at_quick_exit_mutex
                0x20000809        0x1 /opt/st/stm32cubeide_1.19.0/plugins/com.st.stm32cube.ide.mcu.externaltools.gnu-tools-for-stm32.13.3.rel1.linux64_1.0.0.202410170706/tools/bin/../lib/gcc/arm-none-eabi/13.3.1/../../../../arm-none-eabi/lib/thumb/v8-m.main+fp/hard/libc_nano.a(libc_a-lock.o)
                0x20000809                __lock___at_quick_exit_mutex
 .bss.__lock___atexit_recursive_mutex
                0x2000080a        0x1 /opt/st/stm32cubeide_1.19.0/plugins/com.st.stm32cube.ide.mcu.externaltools.gnu-tools-for-stm32.13.3.rel1.linux64_1.0.0.202410170706/tools/bin/../lib/gcc/arm-none-eabi/13.3.1/../../../../arm-none-eabi/lib/thumb/v8-m.main+fp/hard/libc_nano.a(libc_a-lock.o)
                0x2000080a                __lock___atexit_recursive_mutex
 .bss.__lock___sfp_recursive_mutex
                0x2000080b        0x1 /opt/st/stm32cubeide_1.19.0/plugins/com.st.stm32cube.ide.mcu.externaltools.gnu-tools-for-stm32.13.3.rel1.linux64_1.0.0.202410170706/tools/bin/../lib/gcc/arm-none-eabi/13.3.1/../../../../arm-none-eabi/lib/thumb/v8-m.main+fp/hard/libc_nano.a(libc_a-lock.o)
                0x2000080b                __lock___sfp_recursive_mutex
 .bss.__malloc_sbrk_start
                0x2000080c        0x4 /opt/st/stm32cubeide_1.19.0/plugins/com.st.stm32cube.ide.mcu.externaltools.gnu-tools-for-stm32.13.3.rel1.linux64_1.0.0.202410170706/tools/bin/../lib/gcc/arm-none-eabi/13.3.1/../../../../arm-none-eabi/lib/thumb/v8-m.main+fp/hard/libc_nano.a(libc_a-mallocr.o)
                0x2000080c                __malloc_sbrk_start
 .bss.__malloc_free_list
                0x20000810        0x4 /opt/st/stm32cubeide_1.19.0/plugins/com.st.stm32cube.ide.mcu.externaltools.gnu-tools-for-stm32.13.3.rel1.linux64_1.0.0.202410170706/tools/bin/../lib/gcc/arm-none-eabi/13.3.1/../../../../arm-none-eabi/lib/thumb/v8-m.main+fp/hard/libc_nano.a(libc_a-mallocr.o)
                0x20000810                __malloc_free_list
 *(COMMON)
                0x20000814                        . = ALIGN (0x4)
                0x20000814                        _ebss = .
                0x20000814                        __bss_end__ = _ebss

.text           0x20000814    0x17e5c
                0x20000814                        . = ALIGN (0x4)
 *(.text)
 .text          0x20000814        0x0 /opt/st/stm32cubeide_1.19.0/plugins/com.st.stm32cube.ide.mcu.externaltools.gnu-tools-for-stm32.13.3.rel1.linux64_1.0.0.202410170706/tools/bin/../lib/gcc/arm-none-eabi/13.3.1/thumb/v8-m.main+fp/hard/crti.o
 .text          0x20000814       0x40 /opt/st/stm32cubeide_1.19.0/plugins/com.st.stm32cube.ide.mcu.externaltools.gnu-tools-for-stm32.13.3.rel1.linux64_1.0.0.202410170706/tools/bin/../lib/gcc/arm-none-eabi/13.3.1/thumb/v8-m.main+fp/hard/crtbegin.o
 .text          0x20000854       0x7c /opt/st/stm32cubeide_1.19.0/plugins/com.st.stm32cube.ide.mcu.externaltools.gnu-tools-for-stm32.13.3.rel1.linux64_1.0.0.202410170706/tools/bin/../lib/gcc/arm-none-eabi/13.3.1/../../../../arm-none-eabi/lib/thumb/v8-m.main+fp/hard/crt0.o
                0x20000854                _stack_init
                0x2000085c                _mainCRTStartup
                0x2000085c                _start
 .text          0x200008d0        0x0 ./Core/Src/Dev_Inf.o
 .text          0x200008d0        0x0 ./Core/Src/Loader_Src.o
 .text          0x200008d0        0x0 ./Core/Src/gpio.o
 .text          0x200008d0        0x0 ./Core/Src/icache.o
 .text          0x200008d0        0x0 ./Core/Src/main.o
 .text          0x200008d0        0x0 ./Core/Src/octospi.o
 .text          0x200008d0        0x0 ./Core/Src/stm32u5xx_hal_msp.o
 .text          0x200008d0        0x0 ./Core/Src/stm32u5xx_it.o
 .text          0x200008d0        0x0 ./Core/Src/syscalls.o
 .text          0x200008d0        0x0 ./Core/Src/sysmem.o
 .text          0x200008d0        0x0 ./Core/Src/system_stm32u5xx.o
 .text          0x200008d0        0x0 ./Core/Src/usart.o
 .text          0x200008d0        0x0 ./Core/Src/w25q128jvsq.o
 .text          0x200008d0       0x14 ./Core/Startup/startup_stm32u575vgtx.o
 .text          0x200008e4        0x0 ./Drivers/STM32U5xx_HAL_Driver/Src/stm32u5xx_hal.o
 .text          0x200008e4        0x0 ./Drivers/STM32U5xx_HAL_Driver/Src/stm32u5xx_hal_cortex.o
 .text          0x200008e4        0x0 ./Drivers/STM32U5xx_HAL_Driver/Src/stm32u5xx_hal_dma.o
 .text          0x200008e4        0x0 ./Drivers/STM32U5xx_HAL_Driver/Src/stm32u5xx_hal_dma_ex.o
 .text          0x200008e4        0x0 ./Drivers/STM32U5xx_HAL_Driver/Src/stm32u5xx_hal_exti.o
 .text          0x200008e4        0x0 ./Drivers/STM32U5xx_HAL_Driver/Src/stm32u5xx_hal_flash.o
 .text          0x200008e4        0x0 ./Drivers/STM32U5xx_HAL_Driver/Src/stm32u5xx_hal_flash_ex.o
 .text          0x200008e4        0x0 ./Drivers/STM32U5xx_HAL_Driver/Src/stm32u5xx_hal_gpio.o
 .text          0x200008e4        0x0 ./Drivers/STM32U5xx_HAL_Driver/Src/stm32u5xx_hal_gtzc.o
 .text          0x200008e4        0x0 ./Drivers/STM32U5xx_HAL_Driver/Src/stm32u5xx_hal_i2c.o
 .text          0x200008e4        0x0 ./Drivers/STM32U5xx_HAL_Driver/Src/stm32u5xx_hal_i2c_ex.o
 .text          0x200008e4        0x0 ./Drivers/STM32U5xx_HAL_Driver/Src/stm32u5xx_hal_icache.o
 .text          0x200008e4        0x0 ./Drivers/STM32U5xx_HAL_Driver/Src/stm32u5xx_hal_ospi.o
 .text          0x200008e4        0x0 ./Drivers/STM32U5xx_HAL_Driver/Src/stm32u5xx_hal_pwr.o
 .text          0x200008e4        0x0 ./Drivers/STM32U5xx_HAL_Driver/Src/stm32u5xx_hal_pwr_ex.o
 .text          0x200008e4        0x0 ./Drivers/STM32U5xx_HAL_Driver/Src/stm32u5xx_hal_rcc.o
 .text          0x200008e4        0x0 ./Drivers/STM32U5xx_HAL_Driver/Src/stm32u5xx_hal_rcc_ex.o
 .text          0x200008e4        0x0 ./Drivers/STM32U5xx_HAL_Driver/Src/stm32u5xx_hal_uart.o
 .text          0x200008e4        0x0 ./Drivers/STM32U5xx_HAL_Driver/Src/stm32u5xx_hal_uart_ex.o
 .text          0x200008e4        0x0 ./Drivers/STM32U5xx_HAL_Driver/Src/stm32u5xx_ll_dlyb.o
 .text          0x200008e4        0x0 /opt/st/stm32cubeide_1.19.0/plugins/com.st.stm32cube.ide.mcu.externaltools.gnu-tools-for-stm32.13.3.rel1.linux64_1.0.0.202410170706/tools/bin/../lib/gcc/arm-none-eabi/13.3.1/../../../../arm-none-eabi/lib/thumb/v8-m.main+fp/hard/libc_nano.a(libc_a-exit.o)
 .text          0x200008e4        0x0 /opt/st/stm32cubeide_1.19.0/plugins/com.st.stm32cube.ide.mcu.externaltools.gnu-tools-for-stm32.13.3.rel1.linux64_1.0.0.202410170706/tools/bin/../lib/gcc/arm-none-eabi/13.3.1/../../../../arm-none-eabi/lib/thumb/v8-m.main+fp/hard/libc_nano.a(libc_a-findfp.o)
 .text          0x200008e4        0x0 /opt/st/stm32cubeide_1.19.0/plugins/com.st.stm32cube.ide.mcu.externaltools.gnu-tools-for-stm32.13.3.rel1.linux64_1.0.0.202410170706/tools/bin/../lib/gcc/arm-none-eabi/13.3.1/../../../../arm-none-eabi/lib/thumb/v8-m.main+fp/hard/libc_nano.a(libc_a-fwalk.o)
 .text          0x200008e4        0x0 /opt/st/stm32cubeide_1.19.0/plugins/com.st.stm32cube.ide.mcu.externaltools.gnu-tools-for-stm32.13.3.rel1.linux64_1.0.0.202410170706/tools/bin/../lib/gcc/arm-none-eabi/13.3.1/../../../../arm-none-eabi/lib/thumb/v8-m.main+fp/hard/libc_nano.a(libc_a-stdio.o)
 .text          0x200008e4        0x0 /opt/st/stm32cubeide_1.19.0/plugins/com.st.stm32cube.ide.mcu.externaltools.gnu-tools-for-stm32.13.3.rel1.linux64_1.0.0.202410170706/tools/bin/../lib/gcc/arm-none-eabi/13.3.1/../../../../arm-none-eabi/lib/thumb/v8-m.main+fp/hard/libc_nano.a(libc_a-memset.o)
 .text          0x200008e4        0x0 /opt/st/stm32cubeide_1.19.0/plugins/com.st.stm32cube.ide.mcu.externaltools.gnu-tools-for-stm32.13.3.rel1.linux64_1.0.0.202410170706/tools/bin/../lib/gcc/arm-none-eabi/13.3.1/../../../../arm-none-eabi/lib/thumb/v8-m.main+fp/hard/libc_nano.a(libc_a-closer.o)
 .text          0x200008e4        0x0 /opt/st/stm32cubeide_1.19.0/plugins/com.st.stm32cube.ide.mcu.externaltools.gnu-tools-for-stm32.13.3.rel1.linux64_1.0.0.202410170706/tools/bin/../lib/gcc/arm-none-eabi/13.3.1/../../../../arm-none-eabi/lib/thumb/v8-m.main+fp/hard/libc_nano.a(libc_a-reent.o)
 .text          0x200008e4        0x0 /opt/st/stm32cubeide_1.19.0/plugins/com.st.stm32cube.ide.mcu.externaltools.gnu-tools-for-stm32.13.3.rel1.linux64_1.0.0.202410170706/tools/bin/../lib/gcc/arm-none-eabi/13.3.1/../../../../arm-none-eabi/lib/thumb/v8-m.main+fp/hard/libc_nano.a(libc_a-impure.o)
 .text          0x200008e4        0x0 /opt/st/stm32cubeide_1.19.0/plugins/com.st.stm32cube.ide.mcu.externaltools.gnu-tools-for-stm32.13.3.rel1.linux64_1.0.0.202410170706/tools/bin/../lib/gcc/arm-none-eabi/13.3.1/../../../../arm-none-eabi/lib/thumb/v8-m.main+fp/hard/libc_nano.a(libc_a-lseekr.o)
 .text          0x200008e4        0x0 /opt/st/stm32cubeide_1.19.0/plugins/com.st.stm32cube.ide.mcu.externaltools.gnu-tools-for-stm32.13.3.rel1.linux64_1.0.0.202410170706/tools/bin/../lib/gcc/arm-none-eabi/13.3.1/../../../../arm-none-eabi/lib/thumb/v8-m.main+fp/hard/libc_nano.a(libc_a-readr.o)
 .text          0x200008e4        0x0 /opt/st/stm32cubeide_1.19.0/plugins/com.st.stm32cube.ide.mcu.externaltools.gnu-tools-for-stm32.13.3.rel1.linux64_1.0.0.202410170706/tools/bin/../lib/gcc/arm-none-eabi/13.3.1/../../../../arm-none-eabi/lib/thumb/v8-m.main+fp/hard/libc_nano.a(libc_a-writer.o)
 .text          0x200008e4        0x0 /opt/st/stm32cubeide_1.19.0/plugins/com.st.stm32cube.ide.mcu.externaltools.gnu-tools-for-stm32.13.3.rel1.linux64_1.0.0.202410170706/tools/bin/../lib/gcc/arm-none-eabi/13.3.1/../../../../arm-none-eabi/lib/thumb/v8-m.main+fp/hard/libc_nano.a(libc_a-errno.o)
 .text          0x200008e4        0x0 /opt/st/stm32cubeide_1.19.0/plugins/com.st.stm32cube.ide.mcu.externaltools.gnu-tools-for-stm32.13.3.rel1.linux64_1.0.0.202410170706/tools/bin/../lib/gcc/arm-none-eabi/13.3.1/../../../../arm-none-eabi/lib/thumb/v8-m.main+fp/hard/libc_nano.a(libc_a-init.o)
 .text          0x200008e4        0x0 /opt/st/stm32cubeide_1.19.0/plugins/com.st.stm32cube.ide.mcu.externaltools.gnu-tools-for-stm32.13.3.rel1.linux64_1.0.0.202410170706/tools/bin/../lib/gcc/arm-none-eabi/13.3.1/../../../../arm-none-eabi/lib/thumb/v8-m.main+fp/hard/libc_nano.a(libc_a-lock.o)
 .text          0x200008e4       0x10 /opt/st/stm32cubeide_1.19.0/plugins/com.st.stm32cube.ide.mcu.externaltools.gnu-tools-for-stm32.13.3.rel1.linux64_1.0.0.202410170706/tools/bin/../lib/gcc/arm-none-eabi/13.3.1/../../../../arm-none-eabi/lib/thumb/v8-m.main+fp/hard/libc_nano.a(libc_a-strlen.o)
                0x200008e4                strlen
 .text          0x200008f4        0x0 /opt/st/stm32cubeide_1.19.0/plugins/com.st.stm32cube.ide.mcu.externaltools.gnu-tools-for-stm32.13.3.rel1.linux64_1.0.0.202410170706/tools/bin/../lib/gcc/arm-none-eabi/13.3.1/../../../../arm-none-eabi/lib/thumb/v8-m.main+fp/hard/libc_nano.a(libc_a-freer.o)
 .text          0x200008f4        0x0 /opt/st/stm32cubeide_1.19.0/plugins/com.st.stm32cube.ide.mcu.externaltools.gnu-tools-for-stm32.13.3.rel1.linux64_1.0.0.202410170706/tools/bin/../lib/gcc/arm-none-eabi/13.3.1/../../../../arm-none-eabi/lib/thumb/v8-m.main+fp/hard/libc_nano.a(libc_a-mallocr.o)
 .text          0x200008f4        0x0 /opt/st/stm32cubeide_1.19.0/plugins/com.st.stm32cube.ide.mcu.externaltools.gnu-tools-for-stm32.13.3.rel1.linux64_1.0.0.202410170706/tools/bin/../lib/gcc/arm-none-eabi/13.3.1/../../../../arm-none-eabi/lib/thumb/v8-m.main+fp/hard/libc_nano.a(libc_a-mlock.o)
 .text          0x200008f4        0x0 /opt/st/stm32cubeide_1.19.0/plugins/com.st.stm32cube.ide.mcu.externaltools.gnu-tools-for-stm32.13.3.rel1.linux64_1.0.0.202410170706/tools/bin/../lib/gcc/arm-none-eabi/13.3.1/../../../../arm-none-eabi/lib/thumb/v8-m.main+fp/hard/libc_nano.a(libc_a-fflush.o)
 .text          0x200008f4        0x0 /opt/st/stm32cubeide_1.19.0/plugins/com.st.stm32cube.ide.mcu.externaltools.gnu-tools-for-stm32.13.3.rel1.linux64_1.0.0.202410170706/tools/bin/../lib/gcc/arm-none-eabi/13.3.1/../../../../arm-none-eabi/lib/thumb/v8-m.main+fp/hard/libc_nano.a(libc_a-sbrkr.o)
 .text          0x200008f4       0x30 /opt/st/stm32cubeide_1.19.0/plugins/com.st.stm32cube.ide.mcu.externaltools.gnu-tools-for-stm32.13.3.rel1.linux64_1.0.0.202410170706/tools/bin/../lib/gcc/arm-none-eabi/13.3.1/thumb/v8-m.main+fp/hard/libgcc.a(_aeabi_uldivmod.o)
                0x200008f4                __aeabi_uldivmod
 .text          0x20000924      0x348 /opt/st/stm32cubeide_1.19.0/plugins/com.st.stm32cube.ide.mcu.externaltools.gnu-tools-for-stm32.13.3.rel1.linux64_1.0.0.202410170706/tools/bin/../lib/gcc/arm-none-eabi/13.3.1/thumb/v8-m.main+fp/hard/libgcc.a(_udivmoddi4.o)
                0x20000924                __udivmoddi4
 .text          0x20000c6c        0x4 /opt/st/stm32cubeide_1.19.0/plugins/com.st.stm32cube.ide.mcu.externaltools.gnu-tools-for-stm32.13.3.rel1.linux64_1.0.0.202410170706/tools/bin/../lib/gcc/arm-none-eabi/13.3.1/thumb/v8-m.main+fp/hard/libgcc.a(_dvmd_tls.o)
                0x20000c6c                __aeabi_ldiv0
                0x20000c6c                __aeabi_idiv0
 .text          0x20000c70        0x0 /opt/st/stm32cubeide_1.19.0/plugins/com.st.stm32cube.ide.mcu.externaltools.gnu-tools-for-stm32.13.3.rel1.linux64_1.0.0.202410170706/tools/bin/../lib/gcc/arm-none-eabi/13.3.1/thumb/v8-m.main+fp/hard/crtend.o
 .text          0x20000c70        0x0 /opt/st/stm32cubeide_1.19.0/plugins/com.st.stm32cube.ide.mcu.externaltools.gnu-tools-for-stm32.13.3.rel1.linux64_1.0.0.202410170706/tools/bin/../lib/gcc/arm-none-eabi/13.3.1/thumb/v8-m.main+fp/hard/crtn.o
 *(.text*)
 .text.Init     0x20000c70       0xbc ./Core/Src/Loader_Src.o
                0x20000c70                Init
 .text.Write    0x20000d2c       0x84 ./Core/Src/Loader_Src.o
                0x20000d2c                Write
 .text.SectorErase
                0x20000db0       0x7c ./Core/Src/Loader_Src.o
                0x20000db0                SectorErase
 .text.MassErase
                0x20000e2c       0x40 ./Core/Src/Loader_Src.o
                0x20000e2c                MassErase
 .text.CheckSum
                0x20000e6c      0x1c6 ./Core/Src/Loader_Src.o
                0x20000e6c                CheckSum
 *fill*         0x20001032        0x2 
 .text.Verify   0x20001034       0xf4 ./Core/Src/Loader_Src.o
                0x20001034                Verify
 .text.MX_GPIO_Init
                0x20001128       0x70 ./Core/Src/gpio.o
                0x20001128                MX_GPIO_Init
 .text.MX_ICACHE_Init
                0x20001198       0x16 ./Core/Src/icache.o
                0x20001198                MX_ICACHE_Init
 .text.main     0x200011ae       0x20 ./Core/Src/main.o
                0x200011ae                main
 .text.SystemClock_Config
                0x200011ce       0xb8 ./Core/Src/main.o
                0x200011ce                SystemClock_Config
 .text.Error_Handler
                0x20001286        0xc ./Core/Src/main.o
                0x20001286                Error_Handler
 *fill*         0x20001292        0x2 
 .text.MX_OCTOSPI1_Init
                0x20001294       0xbc ./Core/Src/octospi.o
                0x20001294                MX_OCTOSPI1_Init
 .text.HAL_OSPI_MspInit
                0x20001350      0x1b4 ./Core/Src/octospi.o
                0x20001350                HAL_OSPI_MspInit
 .text.HAL_OSPI_MspDeInit
                0x20001504       0x68 ./Core/Src/octospi.o
                0x20001504                HAL_OSPI_MspDeInit
 .text.HAL_MspInit
                0x2000156c       0x40 ./Core/Src/stm32u5xx_hal_msp.o
                0x2000156c                HAL_MspInit
 .text.NMI_Handler
                0x200015ac        0x8 ./Core/Src/stm32u5xx_it.o
                0x200015ac                NMI_Handler
 .text.HardFault_Handler
                0x200015b4        0x8 ./Core/Src/stm32u5xx_it.o
                0x200015b4                HardFault_Handler
 .text.MemManage_Handler
                0x200015bc        0x8 ./Core/Src/stm32u5xx_it.o
                0x200015bc                MemManage_Handler
 .text.BusFault_Handler
                0x200015c4        0x8 ./Core/Src/stm32u5xx_it.o
                0x200015c4                BusFault_Handler
 .text.UsageFault_Handler
                0x200015cc        0x8 ./Core/Src/stm32u5xx_it.o
                0x200015cc                UsageFault_Handler
 .text.SVC_Handler
                0x200015d4        0xe ./Core/Src/stm32u5xx_it.o
                0x200015d4                SVC_Handler
 .text.DebugMon_Handler
                0x200015e2        0xe ./Core/Src/stm32u5xx_it.o
                0x200015e2                DebugMon_Handler
 .text.PendSV_Handler
                0x200015f0        0xe ./Core/Src/stm32u5xx_it.o
                0x200015f0                PendSV_Handler
 .text.SysTick_Handler
                0x200015fe        0xc ./Core/Src/stm32u5xx_it.o
                0x200015fe                SysTick_Handler
 .text.ICACHE_IRQHandler
                0x2000160a        0xc ./Core/Src/stm32u5xx_it.o
                0x2000160a                ICACHE_IRQHandler
 .text.initialise_monitor_handles
                0x20001616        0xe ./Core/Src/syscalls.o
                0x20001616                initialise_monitor_handles
 .text._getpid  0x20001624       0x10 ./Core/Src/syscalls.o
                0x20001624                _getpid
 .text._kill    0x20001634       0x20 ./Core/Src/syscalls.o
                0x20001634                _kill
 .text._exit    0x20001654       0x16 ./Core/Src/syscalls.o
                0x20001654                _exit
 .text._read    0x2000166a       0x3a ./Core/Src/syscalls.o
                0x2000166a                _read
 .text._write   0x200016a4       0x38 ./Core/Src/syscalls.o
                0x200016a4                _write
 .text._close   0x200016dc       0x18 ./Core/Src/syscalls.o
                0x200016dc                _close
 .text._fstat   0x200016f4       0x20 ./Core/Src/syscalls.o
                0x200016f4                _fstat
 .text._isatty  0x20001714       0x16 ./Core/Src/syscalls.o
                0x20001714                _isatty
 .text._lseek   0x2000172a       0x1a ./Core/Src/syscalls.o
                0x2000172a                _lseek
 .text._open    0x20001744       0x1c ./Core/Src/syscalls.o
                0x20001744                _open
 .text._wait    0x20001760       0x1e ./Core/Src/syscalls.o
                0x20001760                _wait
 .text._unlink  0x2000177e       0x1e ./Core/Src/syscalls.o
                0x2000177e                _unlink
 .text._times   0x2000179c       0x18 ./Core/Src/syscalls.o
                0x2000179c                _times
 .text._stat    0x200017b4       0x20 ./Core/Src/syscalls.o
                0x200017b4                _stat
 .text._link    0x200017d4       0x20 ./Core/Src/syscalls.o
                0x200017d4                _link
 .text._fork    0x200017f4       0x16 ./Core/Src/syscalls.o
                0x200017f4                _fork
 .text._execve  0x2000180a       0x22 ./Core/Src/syscalls.o
                0x2000180a                _execve
 .text._sbrk    0x2000182c       0x6c ./Core/Src/sysmem.o
                0x2000182c                _sbrk
 .text.SystemInit
                0x20001898       0x70 ./Core/Src/system_stm32u5xx.o
                0x20001898                SystemInit
 .text.SystemCoreClockUpdate
                0x20001908      0x1f0 ./Core/Src/system_stm32u5xx.o
                0x20001908                SystemCoreClockUpdate
 .text.MX_USART2_UART_Init
                0x20001af8       0x98 ./Core/Src/usart.o
                0x20001af8                MX_USART2_UART_Init
 .text.HAL_UART_MspInit
                0x20001b90       0xd0 ./Core/Src/usart.o
                0x20001b90                HAL_UART_MspInit
 .text.HAL_UART_MspDeInit
                0x20001c60       0x40 ./Core/Src/usart.o
                0x20001c60                HAL_UART_MspDeInit
 .text.USART_Println
                0x20001ca0       0x3c ./Core/Src/usart.o
                0x20001ca0                USART_Println
 .text.ospi_command_default_init
                0x20001cdc       0x6a ./Core/Src/w25q128jvsq.o
 .text.W25Q128_OCTO_SPI_Init
                0x20001d46       0x6e ./Core/Src/w25q128jvsq.o
                0x20001d46                W25Q128_OCTO_SPI_Init
 .text.W25Q128_OSPI_ResetChip
                0x20001db4       0x98 ./Core/Src/w25q128jvsq.o
                0x20001db4                W25Q128_OSPI_ResetChip
 .text.W25Q128_OSPI_Configuration
                0x20001e4c      0x10c ./Core/Src/w25q128jvsq.o
                0x20001e4c                W25Q128_OSPI_Configuration
 .text.W25Q128_OSPI_WriteEnable
                0x20001f58       0xbc ./Core/Src/w25q128jvsq.o
                0x20001f58                W25Q128_OSPI_WriteEnable
 .text.W25Q128_OSPI_AutoPollingMemReady
                0x20002014       0x80 ./Core/Src/w25q128jvsq.o
                0x20002014                W25Q128_OSPI_AutoPollingMemReady
 .text.W25Q128_OSPI_Erase_Chip
                0x20002094       0x8e ./Core/Src/w25q128jvsq.o
                0x20002094                W25Q128_OSPI_Erase_Chip
 .text.W25Q128_OSPI_EraseSector
                0x20002122       0xa4 ./Core/Src/w25q128jvsq.o
                0x20002122                W25Q128_OSPI_EraseSector
 .text.W25Q128_OSPI_Write
                0x200021c6      0x124 ./Core/Src/w25q128jvsq.o
                0x200021c6                W25Q128_OSPI_Write
 .text.W25Q128_OSPI_Read
                0x200022ea       0x7c ./Core/Src/w25q128jvsq.o
                0x200022ea                W25Q128_OSPI_Read
 .text.W25Q128_OSPI_EnableMemoryMappedMode
                0x20002366      0x124 ./Core/Src/w25q128jvsq.o
                0x20002366                W25Q128_OSPI_EnableMemoryMappedMode
 .text.W25Q128_IsBusy
                0x2000248a       0x46 ./Core/Src/w25q128jvsq.o
                0x2000248a                W25Q128_IsBusy
 .text.W25Q128_Read_Status_Registers
                0x200024d0       0xa2 ./Core/Src/w25q128jvsq.o
                0x200024d0                W25Q128_Read_Status_Registers
 .text.W25Q128_Write_Status_Registers
                0x20002572      0x118 ./Core/Src/w25q128jvsq.o
                0x20002572                W25Q128_Write_Status_Registers
 *fill*         0x2000268a        0x2 
 .text.Reset_Handler
                0x2000268c       0x50 ./Core/Startup/startup_stm32u575vgtx.o
                0x2000268c                Reset_Handler
 .text.Default_Handler
                0x200026dc        0x2 ./Core/Startup/startup_stm32u575vgtx.o
                0x200026dc                EXTI2_IRQHandler
                0x200026dc                TIM8_TRG_COM_IRQHandler
                0x200026dc                TIM8_CC_IRQHandler
                0x200026dc                EXTI5_IRQHandler
                0x200026dc                FLASH_S_IRQHandler
                0x200026dc                EXTI13_IRQHandler
                0x200026dc                TIM1_CC_IRQHandler
                0x200026dc                TSC_IRQHandler
                0x200026dc                TAMP_IRQHandler
                0x200026dc                TIM6_IRQHandler
                0x200026dc                EXTI12_IRQHandler
                0x200026dc                CORDIC_IRQHandler
                0x200026dc                EXTI3_IRQHandler
                0x200026dc                LPTIM4_IRQHandler
                0x200026dc                GPDMA1_Channel5_IRQHandler
                0x200026dc                EXTI8_IRQHandler
                0x200026dc                LPTIM2_IRQHandler
                0x200026dc                I2C3_ER_IRQHandler
                0x200026dc                PWR_S3WU_IRQHandler
                0x200026dc                MDF1_FLT2_IRQHandler
                0x200026dc                LPDMA1_Channel3_IRQHandler
                0x200026dc                LPTIM3_IRQHandler
                0x200026dc                EXTI0_IRQHandler
                0x200026dc                I2C2_EV_IRQHandler
                0x200026dc                FPU_IRQHandler
                0x200026dc                GPDMA1_Channel3_IRQHandler
                0x200026dc                GPDMA1_Channel7_IRQHandler
                0x200026dc                MDF1_FLT4_IRQHandler
                0x200026dc                FDCAN1_IT1_IRQHandler
                0x200026dc                RAMCFG_IRQHandler
                0x200026dc                GPDMA1_Channel9_IRQHandler
                0x200026dc                DCACHE1_IRQHandler
                0x200026dc                SPI1_IRQHandler
                0x200026dc                OCTOSPI1_IRQHandler
                0x200026dc                GPDMA1_Channel2_IRQHandler
                0x200026dc                TIM8_UP_IRQHandler
                0x200026dc                RCC_S_IRQHandler
                0x200026dc                OCTOSPI2_IRQHandler
                0x200026dc                SAI2_IRQHandler
                0x200026dc                MDF1_FLT1_IRQHandler
                0x200026dc                ADC1_IRQHandler
                0x200026dc                MDF1_FLT5_IRQHandler
                0x200026dc                EXTI15_IRQHandler
                0x200026dc                TIM17_IRQHandler
                0x200026dc                USART3_IRQHandler
                0x200026dc                RTC_IRQHandler
                0x200026dc                EXTI9_IRQHandler
                0x200026dc                UART5_IRQHandler
                0x200026dc                TIM4_IRQHandler
                0x200026dc                I2C1_EV_IRQHandler
                0x200026dc                GPDMA1_Channel12_IRQHandler
                0x200026dc                GPDMA1_Channel1_IRQHandler
                0x200026dc                TIM16_IRQHandler
                0x200026dc                GPDMA1_Channel15_IRQHandler
                0x200026dc                UART4_IRQHandler
                0x200026dc                SecureFault_Handler
                0x200026dc                TIM3_IRQHandler
                0x200026dc                RCC_IRQHandler
                0x200026dc                TIM1_TRG_COM_IRQHandler
                0x200026dc                Default_Handler
                0x200026dc                GPDMA1_Channel8_IRQHandler
                0x200026dc                FMAC_IRQHandler
                0x200026dc                GPDMA1_Channel11_IRQHandler
                0x200026dc                TIM7_IRQHandler
                0x200026dc                SDMMC1_IRQHandler
                0x200026dc                TIM5_IRQHandler
                0x200026dc                UCPD1_IRQHandler
                0x200026dc                GPDMA1_Channel0_IRQHandler
                0x200026dc                TIM15_IRQHandler
                0x200026dc                I2C3_EV_IRQHandler
                0x200026dc                LPDMA1_Channel0_IRQHandler
                0x200026dc                PVD_PVM_IRQHandler
                0x200026dc                SPI2_IRQHandler
                0x200026dc                LPDMA1_Channel1_IRQHandler
                0x200026dc                EXTI14_IRQHandler
                0x200026dc                EXTI11_IRQHandler
                0x200026dc                CRS_IRQHandler
                0x200026dc                GPDMA1_Channel14_IRQHandler
                0x200026dc                LSECSSD_IRQHandler
                0x200026dc                EXTI4_IRQHandler
                0x200026dc                RTC_S_IRQHandler
                0x200026dc                GPDMA1_Channel13_IRQHandler
                0x200026dc                RNG_IRQHandler
                0x200026dc                COMP_IRQHandler
                0x200026dc                TIM1_UP_IRQHandler
                0x200026dc                ADC4_IRQHandler
                0x200026dc                WWDG_IRQHandler
                0x200026dc                I2C4_EV_IRQHandler
                0x200026dc                ADF1_IRQHandler
                0x200026dc                IWDG_IRQHandler
                0x200026dc                LPUART1_IRQHandler
                0x200026dc                MDF1_FLT0_IRQHandler
                0x200026dc                FDCAN1_IT0_IRQHandler
                0x200026dc                TIM2_IRQHandler
                0x200026dc                GPDMA1_Channel4_IRQHandler
                0x200026dc                EXTI7_IRQHandler
                0x200026dc                DMA2D_IRQHandler
                0x200026dc                TIM1_BRK_IRQHandler
                0x200026dc                EXTI1_IRQHandler
                0x200026dc                SDMMC2_IRQHandler
                0x200026dc                DAC1_IRQHandler
                0x200026dc                GTZC_IRQHandler
                0x200026dc                MDF1_FLT3_IRQHandler
                0x200026dc                USART2_IRQHandler
                0x200026dc                GPDMA1_Channel6_IRQHandler
                0x200026dc                I2C2_ER_IRQHandler
                0x200026dc                TIM8_BRK_IRQHandler
                0x200026dc                FLASH_IRQHandler
                0x200026dc                USART1_IRQHandler
                0x200026dc                EXTI10_IRQHandler
                0x200026dc                OTG_FS_IRQHandler
                0x200026dc                SPI3_IRQHandler
                0x200026dc                LPDMA1_Channel2_IRQHandler
                0x200026dc                I2C1_ER_IRQHandler
                0x200026dc                FMC_IRQHandler
                0x200026dc                EXTI6_IRQHandler
                0x200026dc                LPTIM1_IRQHandler
                0x200026dc                DCMI_PSSI_IRQHandler
                0x200026dc                I2C4_ER_IRQHandler
                0x200026dc                GPDMA1_Channel10_IRQHandler
                0x200026dc                SAI1_IRQHandler
                0x200026dc                HASH_IRQHandler
 *fill*         0x200026de        0x2 
 .text.HAL_Init
                0x200026e0       0x60 ./Drivers/STM32U5xx_HAL_Driver/Src/stm32u5xx_hal.o
                0x200026e0                HAL_Init
 .text.HAL_DeInit
                0x20002740       0x80 ./Drivers/STM32U5xx_HAL_Driver/Src/stm32u5xx_hal.o
                0x20002740                HAL_DeInit
 .text.HAL_MspInit
                0x200027c0        0xe ./Drivers/STM32U5xx_HAL_Driver/Src/stm32u5xx_hal.o
 .text.HAL_MspDeInit
                0x200027ce        0xe ./Drivers/STM32U5xx_HAL_Driver/Src/stm32u5xx_hal.o
                0x200027ce                HAL_MspDeInit
 .text.HAL_InitTick
                0x200027dc       0xec ./Drivers/STM32U5xx_HAL_Driver/Src/stm32u5xx_hal.o
                0x200027dc                HAL_InitTick
 .text.HAL_IncTick
                0x200028c8       0x28 ./Drivers/STM32U5xx_HAL_Driver/Src/stm32u5xx_hal.o
                0x200028c8                HAL_IncTick
 .text.HAL_GetTick
                0x200028f0       0x18 ./Drivers/STM32U5xx_HAL_Driver/Src/stm32u5xx_hal.o
                0x200028f0                HAL_GetTick
 .text.HAL_GetTickPrio
                0x20002908       0x18 ./Drivers/STM32U5xx_HAL_Driver/Src/stm32u5xx_hal.o
                0x20002908                HAL_GetTickPrio
 .text.HAL_SetTickFreq
                0x20002920       0x50 ./Drivers/STM32U5xx_HAL_Driver/Src/stm32u5xx_hal.o
                0x20002920                HAL_SetTickFreq
 .text.HAL_GetTickFreq
                0x20002970       0x18 ./Drivers/STM32U5xx_HAL_Driver/Src/stm32u5xx_hal.o
                0x20002970                HAL_GetTickFreq
 .text.HAL_Delay
                0x20002988       0x48 ./Drivers/STM32U5xx_HAL_Driver/Src/stm32u5xx_hal.o
                0x20002988                HAL_Delay
 .text.HAL_SuspendTick
                0x200029d0       0x20 ./Drivers/STM32U5xx_HAL_Driver/Src/stm32u5xx_hal.o
                0x200029d0                HAL_SuspendTick
 .text.HAL_ResumeTick
                0x200029f0       0x20 ./Drivers/STM32U5xx_HAL_Driver/Src/stm32u5xx_hal.o
                0x200029f0                HAL_ResumeTick
 .text.HAL_GetHalVersion
                0x20002a10       0x14 ./Drivers/STM32U5xx_HAL_Driver/Src/stm32u5xx_hal.o
                0x20002a10                HAL_GetHalVersion
 .text.HAL_GetREVID
                0x20002a24       0x1c ./Drivers/STM32U5xx_HAL_Driver/Src/stm32u5xx_hal.o
                0x20002a24                HAL_GetREVID
 .text.HAL_GetDEVID
                0x20002a40       0x1c ./Drivers/STM32U5xx_HAL_Driver/Src/stm32u5xx_hal.o
                0x20002a40                HAL_GetDEVID
 .text.HAL_GetUIDw0
                0x20002a5c       0x18 ./Drivers/STM32U5xx_HAL_Driver/Src/stm32u5xx_hal.o
                0x20002a5c                HAL_GetUIDw0
 .text.HAL_GetUIDw1
                0x20002a74       0x18 ./Drivers/STM32U5xx_HAL_Driver/Src/stm32u5xx_hal.o
                0x20002a74                HAL_GetUIDw1
 .text.HAL_GetUIDw2
                0x20002a8c       0x18 ./Drivers/STM32U5xx_HAL_Driver/Src/stm32u5xx_hal.o
                0x20002a8c                HAL_GetUIDw2
 .text.HAL_DBGMCU_EnableDBGStopMode
                0x20002aa4       0x20 ./Drivers/STM32U5xx_HAL_Driver/Src/stm32u5xx_hal.o
                0x20002aa4                HAL_DBGMCU_EnableDBGStopMode
 .text.HAL_DBGMCU_DisableDBGStopMode
                0x20002ac4       0x20 ./Drivers/STM32U5xx_HAL_Driver/Src/stm32u5xx_hal.o
                0x20002ac4                HAL_DBGMCU_DisableDBGStopMode
 .text.HAL_DBGMCU_EnableDBGStandbyMode
                0x20002ae4       0x20 ./Drivers/STM32U5xx_HAL_Driver/Src/stm32u5xx_hal.o
                0x20002ae4                HAL_DBGMCU_EnableDBGStandbyMode
 .text.HAL_DBGMCU_DisableDBGStandbyMode
                0x20002b04       0x20 ./Drivers/STM32U5xx_HAL_Driver/Src/stm32u5xx_hal.o
                0x20002b04                HAL_DBGMCU_DisableDBGStandbyMode
 .text.HAL_SYSCFG_VREFBUF_VoltageScalingConfig
                0x20002b24       0x28 ./Drivers/STM32U5xx_HAL_Driver/Src/stm32u5xx_hal.o
                0x20002b24                HAL_SYSCFG_VREFBUF_VoltageScalingConfig
 .text.HAL_SYSCFG_VREFBUF_HighImpedanceConfig
                0x20002b4c       0x28 ./Drivers/STM32U5xx_HAL_Driver/Src/stm32u5xx_hal.o
                0x20002b4c                HAL_SYSCFG_VREFBUF_HighImpedanceConfig
 .text.HAL_SYSCFG_VREFBUF_TrimmingConfig
                0x20002b74       0x28 ./Drivers/STM32U5xx_HAL_Driver/Src/stm32u5xx_hal.o
                0x20002b74                HAL_SYSCFG_VREFBUF_TrimmingConfig
 .text.HAL_SYSCFG_EnableVREFBUF
                0x20002b9c       0x48 ./Drivers/STM32U5xx_HAL_Driver/Src/stm32u5xx_hal.o
                0x20002b9c                HAL_SYSCFG_EnableVREFBUF
 .text.HAL_SYSCFG_DisableVREFBUF
                0x20002be4       0x20 ./Drivers/STM32U5xx_HAL_Driver/Src/stm32u5xx_hal.o
                0x20002be4                HAL_SYSCFG_DisableVREFBUF
 .text.HAL_SYSCFG_EnableIOAnalogBooster
                0x20002c04       0x20 ./Drivers/STM32U5xx_HAL_Driver/Src/stm32u5xx_hal.o
                0x20002c04                HAL_SYSCFG_EnableIOAnalogBooster
 .text.HAL_SYSCFG_DisableIOAnalogBooster
                0x20002c24       0x20 ./Drivers/STM32U5xx_HAL_Driver/Src/stm32u5xx_hal.o
                0x20002c24                HAL_SYSCFG_DisableIOAnalogBooster
 .text.HAL_SYSCFG_EnableIOAnalogVoltageSelection
                0x20002c44       0x20 ./Drivers/STM32U5xx_HAL_Driver/Src/stm32u5xx_hal.o
                0x20002c44                HAL_SYSCFG_EnableIOAnalogVoltageSelection
 .text.HAL_SYSCFG_DisableIOAnalogVoltageSelection
                0x20002c64       0x20 ./Drivers/STM32U5xx_HAL_Driver/Src/stm32u5xx_hal.o
                0x20002c64                HAL_SYSCFG_DisableIOAnalogVoltageSelection
 .text.HAL_SYSCFG_EnableVddCompensationCell
                0x20002c84       0x20 ./Drivers/STM32U5xx_HAL_Driver/Src/stm32u5xx_hal.o
                0x20002c84                HAL_SYSCFG_EnableVddCompensationCell
 .text.HAL_SYSCFG_EnableVddIO2CompensationCell
                0x20002ca4       0x20 ./Drivers/STM32U5xx_HAL_Driver/Src/stm32u5xx_hal.o
                0x20002ca4                HAL_SYSCFG_EnableVddIO2CompensationCell
 .text.HAL_SYSCFG_DisableVddCompensationCell
                0x20002cc4       0x20 ./Drivers/STM32U5xx_HAL_Driver/Src/stm32u5xx_hal.o
                0x20002cc4                HAL_SYSCFG_DisableVddCompensationCell
 .text.HAL_SYSCFG_DisableVddIO2CompensationCell
                0x20002ce4       0x20 ./Drivers/STM32U5xx_HAL_Driver/Src/stm32u5xx_hal.o
                0x20002ce4                HAL_SYSCFG_DisableVddIO2CompensationCell
 .text.HAL_SYSCFG_Lock
                0x20002d04       0x20 ./Drivers/STM32U5xx_HAL_Driver/Src/stm32u5xx_hal.o
                0x20002d04                HAL_SYSCFG_Lock
 .text.HAL_SYSCFG_GetLock
                0x20002d24       0x30 ./Drivers/STM32U5xx_HAL_Driver/Src/stm32u5xx_hal.o
                0x20002d24                HAL_SYSCFG_GetLock
 .text.__NVIC_SetPriorityGrouping
                0x20002d54       0x48 ./Drivers/STM32U5xx_HAL_Driver/Src/stm32u5xx_hal_cortex.o
 .text.__NVIC_GetPriorityGrouping
                0x20002d9c       0x1c ./Drivers/STM32U5xx_HAL_Driver/Src/stm32u5xx_hal_cortex.o
 .text.__NVIC_EnableIRQ
                0x20002db8       0x3c ./Drivers/STM32U5xx_HAL_Driver/Src/stm32u5xx_hal_cortex.o
 .text.__NVIC_DisableIRQ
                0x20002df4       0x48 ./Drivers/STM32U5xx_HAL_Driver/Src/stm32u5xx_hal_cortex.o
 .text.__NVIC_GetPendingIRQ
                0x20002e3c       0x44 ./Drivers/STM32U5xx_HAL_Driver/Src/stm32u5xx_hal_cortex.o
 .text.__NVIC_SetPendingIRQ
                0x20002e80       0x3c ./Drivers/STM32U5xx_HAL_Driver/Src/stm32u5xx_hal_cortex.o
 .text.__NVIC_ClearPendingIRQ
                0x20002ebc       0x3c ./Drivers/STM32U5xx_HAL_Driver/Src/stm32u5xx_hal_cortex.o
 .text.__NVIC_GetActive
                0x20002ef8       0x44 ./Drivers/STM32U5xx_HAL_Driver/Src/stm32u5xx_hal_cortex.o
 .text.__NVIC_SetPriority
                0x20002f3c       0x54 ./Drivers/STM32U5xx_HAL_Driver/Src/stm32u5xx_hal_cortex.o
 .text.__NVIC_GetPriority
                0x20002f90       0x50 ./Drivers/STM32U5xx_HAL_Driver/Src/stm32u5xx_hal_cortex.o
 .text.NVIC_EncodePriority
                0x20002fe0       0x66 ./Drivers/STM32U5xx_HAL_Driver/Src/stm32u5xx_hal_cortex.o
 .text.NVIC_DecodePriority
                0x20003046       0x6e ./Drivers/STM32U5xx_HAL_Driver/Src/stm32u5xx_hal_cortex.o
 .text.__NVIC_SystemReset
                0x200030b4       0x2c ./Drivers/STM32U5xx_HAL_Driver/Src/stm32u5xx_hal_cortex.o
 .text.HAL_NVIC_SetPriorityGrouping
                0x200030e0       0x16 ./Drivers/STM32U5xx_HAL_Driver/Src/stm32u5xx_hal_cortex.o
                0x200030e0                HAL_NVIC_SetPriorityGrouping
 .text.HAL_NVIC_SetPriority
                0x200030f6       0x34 ./Drivers/STM32U5xx_HAL_Driver/Src/stm32u5xx_hal_cortex.o
                0x200030f6                HAL_NVIC_SetPriority
 .text.HAL_NVIC_EnableIRQ
                0x2000312a       0x1c ./Drivers/STM32U5xx_HAL_Driver/Src/stm32u5xx_hal_cortex.o
                0x2000312a                HAL_NVIC_EnableIRQ
 .text.HAL_NVIC_DisableIRQ
                0x20003146       0x1c ./Drivers/STM32U5xx_HAL_Driver/Src/stm32u5xx_hal_cortex.o
                0x20003146                HAL_NVIC_DisableIRQ
 .text.HAL_NVIC_SystemReset
                0x20003162        0x8 ./Drivers/STM32U5xx_HAL_Driver/Src/stm32u5xx_hal_cortex.o
                0x20003162                HAL_NVIC_SystemReset
 *fill*         0x2000316a        0x2 
 .text.HAL_SYSTICK_Config
                0x2000316c       0x44 ./Drivers/STM32U5xx_HAL_Driver/Src/stm32u5xx_hal_cortex.o
                0x2000316c                HAL_SYSTICK_Config
 .text.HAL_NVIC_GetPriorityGrouping
                0x200031b0        0xe ./Drivers/STM32U5xx_HAL_Driver/Src/stm32u5xx_hal_cortex.o
                0x200031b0                HAL_NVIC_GetPriorityGrouping
 .text.HAL_NVIC_GetPriority
                0x200031be       0x2c ./Drivers/STM32U5xx_HAL_Driver/Src/stm32u5xx_hal_cortex.o
                0x200031be                HAL_NVIC_GetPriority
 .text.HAL_NVIC_SetPendingIRQ
                0x200031ea       0x1c ./Drivers/STM32U5xx_HAL_Driver/Src/stm32u5xx_hal_cortex.o
                0x200031ea                HAL_NVIC_SetPendingIRQ
 .text.HAL_NVIC_GetPendingIRQ
                0x20003206       0x1e ./Drivers/STM32U5xx_HAL_Driver/Src/stm32u5xx_hal_cortex.o
                0x20003206                HAL_NVIC_GetPendingIRQ
 .text.HAL_NVIC_ClearPendingIRQ
                0x20003224       0x1c ./Drivers/STM32U5xx_HAL_Driver/Src/stm32u5xx_hal_cortex.o
                0x20003224                HAL_NVIC_ClearPendingIRQ
 .text.HAL_NVIC_GetActive
                0x20003240       0x1e ./Drivers/STM32U5xx_HAL_Driver/Src/stm32u5xx_hal_cortex.o
                0x20003240                HAL_NVIC_GetActive
 *fill*         0x2000325e        0x2 
 .text.HAL_SYSTICK_CLKSourceConfig
                0x20003260       0xb0 ./Drivers/STM32U5xx_HAL_Driver/Src/stm32u5xx_hal_cortex.o
                0x20003260                HAL_SYSTICK_CLKSourceConfig
 .text.HAL_SYSTICK_GetCLKSourceConfig
                0x20003310       0x74 ./Drivers/STM32U5xx_HAL_Driver/Src/stm32u5xx_hal_cortex.o
                0x20003310                HAL_SYSTICK_GetCLKSourceConfig
 .text.HAL_SYSTICK_IRQHandler
                0x20003384        0xc ./Drivers/STM32U5xx_HAL_Driver/Src/stm32u5xx_hal_cortex.o
                0x20003384                HAL_SYSTICK_IRQHandler
 .text.HAL_SYSTICK_Callback
                0x20003390        0xe ./Drivers/STM32U5xx_HAL_Driver/Src/stm32u5xx_hal_cortex.o
                0x20003390                HAL_SYSTICK_Callback
 *fill*         0x2000339e        0x2 
 .text.HAL_MPU_Enable
                0x200033a0       0x44 ./Drivers/STM32U5xx_HAL_Driver/Src/stm32u5xx_hal_cortex.o
                0x200033a0                HAL_MPU_Enable
 .text.HAL_MPU_Disable
                0x200033e4       0x40 ./Drivers/STM32U5xx_HAL_Driver/Src/stm32u5xx_hal_cortex.o
                0x200033e4                HAL_MPU_Disable
 .text.HAL_MPU_EnableRegion
                0x20003424       0x2c ./Drivers/STM32U5xx_HAL_Driver/Src/stm32u5xx_hal_cortex.o
                0x20003424                HAL_MPU_EnableRegion
 .text.HAL_MPU_DisableRegion
                0x20003450       0x2c ./Drivers/STM32U5xx_HAL_Driver/Src/stm32u5xx_hal_cortex.o
                0x20003450                HAL_MPU_DisableRegion
 .text.HAL_MPU_ConfigRegion
                0x2000347c       0x1c ./Drivers/STM32U5xx_HAL_Driver/Src/stm32u5xx_hal_cortex.o
                0x2000347c                HAL_MPU_ConfigRegion
 .text.HAL_MPU_ConfigMemoryAttributes
                0x20003498       0x1c ./Drivers/STM32U5xx_HAL_Driver/Src/stm32u5xx_hal_cortex.o
                0x20003498                HAL_MPU_ConfigMemoryAttributes
 .text.MPU_ConfigRegion
                0x200034b4       0x6e ./Drivers/STM32U5xx_HAL_Driver/Src/stm32u5xx_hal_cortex.o
 .text.MPU_ConfigMemoryAttributes
                0x20003522       0x6c ./Drivers/STM32U5xx_HAL_Driver/Src/stm32u5xx_hal_cortex.o
 *fill*         0x2000358e        0x2 
 .text.HAL_DMA_Init
                0x20003590      0x284 ./Drivers/STM32U5xx_HAL_Driver/Src/stm32u5xx_hal_dma.o
                0x20003590                HAL_DMA_Init
 .text.HAL_DMA_DeInit
                0x20003814      0x1b4 ./Drivers/STM32U5xx_HAL_Driver/Src/stm32u5xx_hal_dma.o
                0x20003814                HAL_DMA_DeInit
 .text.HAL_DMA_Start
                0x200039c8       0x80 ./Drivers/STM32U5xx_HAL_Driver/Src/stm32u5xx_hal_dma.o
                0x200039c8                HAL_DMA_Start
 .text.HAL_DMA_Start_IT
                0x20003a48       0xc0 ./Drivers/STM32U5xx_HAL_Driver/Src/stm32u5xx_hal_dma.o
                0x20003a48                HAL_DMA_Start_IT
 .text.HAL_DMA_Abort
                0x20003b08       0xf8 ./Drivers/STM32U5xx_HAL_Driver/Src/stm32u5xx_hal_dma.o
                0x20003b08                HAL_DMA_Abort
 .text.HAL_DMA_Abort_IT
                0x20003c00       0x52 ./Drivers/STM32U5xx_HAL_Driver/Src/stm32u5xx_hal_dma.o
                0x20003c00                HAL_DMA_Abort_IT
 .text.HAL_DMA_PollForTransfer
                0x20003c52      0x1cc ./Drivers/STM32U5xx_HAL_Driver/Src/stm32u5xx_hal_dma.o
                0x20003c52                HAL_DMA_PollForTransfer
 .text.HAL_DMA_IRQHandler
                0x20003e1e      0x2c2 ./Drivers/STM32U5xx_HAL_Driver/Src/stm32u5xx_hal_dma.o
                0x20003e1e                HAL_DMA_IRQHandler
 .text.HAL_DMA_RegisterCallback
                0x200040e0       0x88 ./Drivers/STM32U5xx_HAL_Driver/Src/stm32u5xx_hal_dma.o
                0x200040e0                HAL_DMA_RegisterCallback
 .text.HAL_DMA_UnRegisterCallback
                0x20004168       0xac ./Drivers/STM32U5xx_HAL_Driver/Src/stm32u5xx_hal_dma.o
                0x20004168                HAL_DMA_UnRegisterCallback
 .text.HAL_DMA_GetState
                0x20004214       0x1c ./Drivers/STM32U5xx_HAL_Driver/Src/stm32u5xx_hal_dma.o
                0x20004214                HAL_DMA_GetState
 .text.HAL_DMA_GetError
                0x20004230       0x18 ./Drivers/STM32U5xx_HAL_Driver/Src/stm32u5xx_hal_dma.o
                0x20004230                HAL_DMA_GetError
 .text.HAL_DMA_ConfigChannelAttributes
                0x20004248       0x78 ./Drivers/STM32U5xx_HAL_Driver/Src/stm32u5xx_hal_dma.o
                0x20004248                HAL_DMA_ConfigChannelAttributes
 .text.HAL_DMA_GetConfigChannelAttributes
                0x200042c0       0xb0 ./Drivers/STM32U5xx_HAL_Driver/Src/stm32u5xx_hal_dma.o
                0x200042c0                HAL_DMA_GetConfigChannelAttributes
 .text.HAL_DMA_GetLockChannelAttributes
                0x20004370       0x66 ./Drivers/STM32U5xx_HAL_Driver/Src/stm32u5xx_hal_dma.o
                0x20004370                HAL_DMA_GetLockChannelAttributes
 .text.DMA_SetConfig
                0x200043d6       0x4a ./Drivers/STM32U5xx_HAL_Driver/Src/stm32u5xx_hal_dma.o
 .text.DMA_Init
                0x20004420      0x500 ./Drivers/STM32U5xx_HAL_Driver/Src/stm32u5xx_hal_dma.o
 .text.HAL_DMAEx_List_Init
                0x20004920      0x258 ./Drivers/STM32U5xx_HAL_Driver/Src/stm32u5xx_hal_dma_ex.o
                0x20004920                HAL_DMAEx_List_Init
 .text.HAL_DMAEx_List_DeInit
                0x20004b78      0x1cc ./Drivers/STM32U5xx_HAL_Driver/Src/stm32u5xx_hal_dma_ex.o
                0x20004b78                HAL_DMAEx_List_DeInit
 .text.HAL_DMAEx_List_Start
                0x20004d44       0xe8 ./Drivers/STM32U5xx_HAL_Driver/Src/stm32u5xx_hal_dma_ex.o
                0x20004d44                HAL_DMAEx_List_Start
 .text.HAL_DMAEx_List_Start_IT
                0x20004e2c      0x128 ./Drivers/STM32U5xx_HAL_Driver/Src/stm32u5xx_hal_dma_ex.o
                0x20004e2c                HAL_DMAEx_List_Start_IT
 .text.HAL_DMAEx_List_BuildNode
                0x20004f54       0x2c ./Drivers/STM32U5xx_HAL_Driver/Src/stm32u5xx_hal_dma_ex.o
                0x20004f54                HAL_DMAEx_List_BuildNode
 .text.HAL_DMAEx_List_GetNodeConfig
                0x20004f80       0x2c ./Drivers/STM32U5xx_HAL_Driver/Src/stm32u5xx_hal_dma_ex.o
                0x20004f80                HAL_DMAEx_List_GetNodeConfig
 .text.HAL_DMAEx_List_InsertNode
                0x20004fac      0x192 ./Drivers/STM32U5xx_HAL_Driver/Src/stm32u5xx_hal_dma_ex.o
                0x20004fac                HAL_DMAEx_List_InsertNode
 .text.HAL_DMAEx_List_InsertNode_Head
                0x2000513e       0xd2 ./Drivers/STM32U5xx_HAL_Driver/Src/stm32u5xx_hal_dma_ex.o
                0x2000513e                HAL_DMAEx_List_InsertNode_Head
 .text.HAL_DMAEx_List_InsertNode_Tail
                0x20005210       0xf0 ./Drivers/STM32U5xx_HAL_Driver/Src/stm32u5xx_hal_dma_ex.o
                0x20005210                HAL_DMAEx_List_InsertNode_Tail
 .text.HAL_DMAEx_List_RemoveNode
                0x20005300      0x178 ./Drivers/STM32U5xx_HAL_Driver/Src/stm32u5xx_hal_dma_ex.o
                0x20005300                HAL_DMAEx_List_RemoveNode
 .text.HAL_DMAEx_List_RemoveNode_Head
                0x20005478      0x104 ./Drivers/STM32U5xx_HAL_Driver/Src/stm32u5xx_hal_dma_ex.o
                0x20005478                HAL_DMAEx_List_RemoveNode_Head
 .text.HAL_DMAEx_List_RemoveNode_Tail
                0x2000557c       0xd4 ./Drivers/STM32U5xx_HAL_Driver/Src/stm32u5xx_hal_dma_ex.o
                0x2000557c                HAL_DMAEx_List_RemoveNode_Tail
 .text.HAL_DMAEx_List_ReplaceNode
                0x20005650      0x218 ./Drivers/STM32U5xx_HAL_Driver/Src/stm32u5xx_hal_dma_ex.o
                0x20005650                HAL_DMAEx_List_ReplaceNode
 .text.HAL_DMAEx_List_ReplaceNode_Head
                0x20005868      0x10a ./Drivers/STM32U5xx_HAL_Driver/Src/stm32u5xx_hal_dma_ex.o
                0x20005868                HAL_DMAEx_List_ReplaceNode_Head
 .text.HAL_DMAEx_List_ReplaceNode_Tail
                0x20005972       0xf8 ./Drivers/STM32U5xx_HAL_Driver/Src/stm32u5xx_hal_dma_ex.o
                0x20005972                HAL_DMAEx_List_ReplaceNode_Tail
 .text.HAL_DMAEx_List_ResetQ
                0x20005a6a       0x94 ./Drivers/STM32U5xx_HAL_Driver/Src/stm32u5xx_hal_dma_ex.o
                0x20005a6a                HAL_DMAEx_List_ResetQ
 .text.HAL_DMAEx_List_InsertQ
                0x20005afe      0x282 ./Drivers/STM32U5xx_HAL_Driver/Src/stm32u5xx_hal_dma_ex.o
                0x20005afe                HAL_DMAEx_List_InsertQ
 .text.HAL_DMAEx_List_InsertQ_Head
                0x20005d80      0x17e ./Drivers/STM32U5xx_HAL_Driver/Src/stm32u5xx_hal_dma_ex.o
                0x20005d80                HAL_DMAEx_List_InsertQ_Head
 .text.HAL_DMAEx_List_InsertQ_Tail
                0x20005efe      0x176 ./Drivers/STM32U5xx_HAL_Driver/Src/stm32u5xx_hal_dma_ex.o
                0x20005efe                HAL_DMAEx_List_InsertQ_Tail
 .text.HAL_DMAEx_List_SetCircularModeConfig
                0x20006074       0xdc ./Drivers/STM32U5xx_HAL_Driver/Src/stm32u5xx_hal_dma_ex.o
                0x20006074                HAL_DMAEx_List_SetCircularModeConfig
 .text.HAL_DMAEx_List_SetCircularMode
                0x20006150       0xc0 ./Drivers/STM32U5xx_HAL_Driver/Src/stm32u5xx_hal_dma_ex.o
                0x20006150                HAL_DMAEx_List_SetCircularMode
 .text.HAL_DMAEx_List_ClearCircularMode
                0x20006210       0x98 ./Drivers/STM32U5xx_HAL_Driver/Src/stm32u5xx_hal_dma_ex.o
                0x20006210                HAL_DMAEx_List_ClearCircularMode
 .text.HAL_DMAEx_List_ConvertQToDynamic
                0x200062a8      0x136 ./Drivers/STM32U5xx_HAL_Driver/Src/stm32u5xx_hal_dma_ex.o
                0x200062a8                HAL_DMAEx_List_ConvertQToDynamic
 .text.HAL_DMAEx_List_ConvertQToStatic
                0x200063de       0xd2 ./Drivers/STM32U5xx_HAL_Driver/Src/stm32u5xx_hal_dma_ex.o
                0x200063de                HAL_DMAEx_List_ConvertQToStatic
 .text.HAL_DMAEx_List_LinkQ
                0x200064b0      0x12c ./Drivers/STM32U5xx_HAL_Driver/Src/stm32u5xx_hal_dma_ex.o
                0x200064b0                HAL_DMAEx_List_LinkQ
 .text.HAL_DMAEx_List_UnLinkQ
                0x200065dc       0x52 ./Drivers/STM32U5xx_HAL_Driver/Src/stm32u5xx_hal_dma_ex.o
                0x200065dc                HAL_DMAEx_List_UnLinkQ
 .text.HAL_DMAEx_ConfigDataHandling
                0x2000662e       0x66 ./Drivers/STM32U5xx_HAL_Driver/Src/stm32u5xx_hal_dma_ex.o
                0x2000662e                HAL_DMAEx_ConfigDataHandling
 .text.HAL_DMAEx_ConfigTrigger
                0x20006694       0x6e ./Drivers/STM32U5xx_HAL_Driver/Src/stm32u5xx_hal_dma_ex.o
                0x20006694                HAL_DMAEx_ConfigTrigger
 .text.HAL_DMAEx_ConfigRepeatBlock
                0x20006702      0x110 ./Drivers/STM32U5xx_HAL_Driver/Src/stm32u5xx_hal_dma_ex.o
                0x20006702                HAL_DMAEx_ConfigRepeatBlock
 .text.HAL_DMAEx_Suspend
                0x20006812       0x96 ./Drivers/STM32U5xx_HAL_Driver/Src/stm32u5xx_hal_dma_ex.o
                0x20006812                HAL_DMAEx_Suspend
 .text.HAL_DMAEx_Suspend_IT
                0x200068a8       0x52 ./Drivers/STM32U5xx_HAL_Driver/Src/stm32u5xx_hal_dma_ex.o
                0x200068a8                HAL_DMAEx_Suspend_IT
 .text.HAL_DMAEx_Resume
                0x200068fa       0x66 ./Drivers/STM32U5xx_HAL_Driver/Src/stm32u5xx_hal_dma_ex.o
                0x200068fa                HAL_DMAEx_Resume
 .text.HAL_DMAEx_GetFifoLevel
                0x20006960       0x1e ./Drivers/STM32U5xx_HAL_Driver/Src/stm32u5xx_hal_dma_ex.o
                0x20006960                HAL_DMAEx_GetFifoLevel
 *fill*         0x2000697e        0x2 
 .text.DMA_List_Init
                0x20006980      0x2b0 ./Drivers/STM32U5xx_HAL_Driver/Src/stm32u5xx_hal_dma_ex.o
 .text.DMA_List_BuildNode
                0x20006c30      0x2a4 ./Drivers/STM32U5xx_HAL_Driver/Src/stm32u5xx_hal_dma_ex.o
 .text.DMA_List_GetNodeConfig
                0x20006ed4      0x214 ./Drivers/STM32U5xx_HAL_Driver/Src/stm32u5xx_hal_dma_ex.o
 .text.DMA_List_CheckNodesBaseAddresses
                0x200070e8       0x60 ./Drivers/STM32U5xx_HAL_Driver/Src/stm32u5xx_hal_dma_ex.o
 .text.DMA_List_CheckNodesTypes
                0x20007148       0x78 ./Drivers/STM32U5xx_HAL_Driver/Src/stm32u5xx_hal_dma_ex.o
 .text.DMA_List_GetCLLRNodeInfo
                0x200071c0       0x60 ./Drivers/STM32U5xx_HAL_Driver/Src/stm32u5xx_hal_dma_ex.o
 .text.DMA_List_FindNode
                0x20007220      0x13e ./Drivers/STM32U5xx_HAL_Driver/Src/stm32u5xx_hal_dma_ex.o
 .text.DMA_List_ResetQueueNodes
                0x2000735e       0x96 ./Drivers/STM32U5xx_HAL_Driver/Src/stm32u5xx_hal_dma_ex.o
 .text.DMA_List_FillNode
                0x200073f4       0x40 ./Drivers/STM32U5xx_HAL_Driver/Src/stm32u5xx_hal_dma_ex.o
 .text.DMA_List_ConvertNodeToDynamic
                0x20007434      0x114 ./Drivers/STM32U5xx_HAL_Driver/Src/stm32u5xx_hal_dma_ex.o
 .text.DMA_List_ConvertNodeToStatic
                0x20007548       0xb4 ./Drivers/STM32U5xx_HAL_Driver/Src/stm32u5xx_hal_dma_ex.o
 .text.DMA_List_FormatNode
                0x200075fc       0x72 ./Drivers/STM32U5xx_HAL_Driver/Src/stm32u5xx_hal_dma_ex.o
 .text.DMA_List_ClearUnusedFields
                0x2000766e       0x34 ./Drivers/STM32U5xx_HAL_Driver/Src/stm32u5xx_hal_dma_ex.o
 .text.DMA_List_UpdateDynamicQueueNodesCLLR
                0x200076a2       0xf6 ./Drivers/STM32U5xx_HAL_Driver/Src/stm32u5xx_hal_dma_ex.o
 .text.DMA_List_UpdateStaticQueueNodesCLLR
                0x20007798       0xbe ./Drivers/STM32U5xx_HAL_Driver/Src/stm32u5xx_hal_dma_ex.o
 .text.DMA_List_CleanQueue
                0x20007856       0x38 ./Drivers/STM32U5xx_HAL_Driver/Src/stm32u5xx_hal_dma_ex.o
 *fill*         0x2000788e        0x2 
 .text.HAL_EXTI_SetConfigLine
                0x20007890      0x1a8 ./Drivers/STM32U5xx_HAL_Driver/Src/stm32u5xx_hal_exti.o
                0x20007890                HAL_EXTI_SetConfigLine
 .text.HAL_EXTI_GetConfigLine
                0x20007a38      0x148 ./Drivers/STM32U5xx_HAL_Driver/Src/stm32u5xx_hal_exti.o
                0x20007a38                HAL_EXTI_GetConfigLine
 .text.HAL_EXTI_ClearConfigLine
                0x20007b80      0x118 ./Drivers/STM32U5xx_HAL_Driver/Src/stm32u5xx_hal_exti.o
                0x20007b80                HAL_EXTI_ClearConfigLine
 .text.HAL_EXTI_RegisterCallback
                0x20007c98       0x58 ./Drivers/STM32U5xx_HAL_Driver/Src/stm32u5xx_hal_exti.o
                0x20007c98                HAL_EXTI_RegisterCallback
 .text.HAL_EXTI_GetHandle
                0x20007cf0       0x28 ./Drivers/STM32U5xx_HAL_Driver/Src/stm32u5xx_hal_exti.o
                0x20007cf0                HAL_EXTI_GetHandle
 .text.HAL_EXTI_IRQHandler
                0x20007d18       0x90 ./Drivers/STM32U5xx_HAL_Driver/Src/stm32u5xx_hal_exti.o
                0x20007d18                HAL_EXTI_IRQHandler
 .text.HAL_EXTI_GetPending
                0x20007da8       0x6c ./Drivers/STM32U5xx_HAL_Driver/Src/stm32u5xx_hal_exti.o
                0x20007da8                HAL_EXTI_GetPending
 .text.HAL_EXTI_ClearPending
                0x20007e14       0x5c ./Drivers/STM32U5xx_HAL_Driver/Src/stm32u5xx_hal_exti.o
                0x20007e14                HAL_EXTI_ClearPending
 .text.HAL_EXTI_GenerateSWI
                0x20007e70       0x44 ./Drivers/STM32U5xx_HAL_Driver/Src/stm32u5xx_hal_exti.o
                0x20007e70                HAL_EXTI_GenerateSWI
 .text.HAL_EXTI_ConfigLineAttributes
                0x20007eb4       0x7c ./Drivers/STM32U5xx_HAL_Driver/Src/stm32u5xx_hal_exti.o
                0x20007eb4                HAL_EXTI_ConfigLineAttributes
 .text.HAL_EXTI_GetConfigLineAttributes
                0x20007f30       0x6c ./Drivers/STM32U5xx_HAL_Driver/Src/stm32u5xx_hal_exti.o
                0x20007f30                HAL_EXTI_GetConfigLineAttributes
 .text.HAL_FLASH_Program
                0x20007f9c       0x94 ./Drivers/STM32U5xx_HAL_Driver/Src/stm32u5xx_hal_flash.o
                0x20007f9c                HAL_FLASH_Program
 .text.HAL_FLASH_Program_IT
                0x20008030       0x88 ./Drivers/STM32U5xx_HAL_Driver/Src/stm32u5xx_hal_flash.o
                0x20008030                HAL_FLASH_Program_IT
 .text.HAL_FLASH_IRQHandler
                0x200080b8      0x140 ./Drivers/STM32U5xx_HAL_Driver/Src/stm32u5xx_hal_flash.o
                0x200080b8                HAL_FLASH_IRQHandler
 .text.HAL_FLASH_EndOfOperationCallback