Archive member included to satisfy reference by file (symbol)

/opt/st/stm32cubeide_1.19.0/plugins/com.st.stm32cube.ide.mcu.externaltools.gnu-tools-for-stm32.13.3.rel1.linux64_1.0.0.202410170706/tools/bin/../lib/gcc/arm-none-eabi/13.3.1/../../../../arm-none-eabi/lib/thumb/v8-m.main+fp/hard/libc_nano.a(libc_a-exit.o)
                              /opt/st/stm32cubeide_1.19.0/plugins/com.st.stm32cube.ide.mcu.externaltools.gnu-tools-for-stm32.13.3.rel1.linux64_1.0.0.202410170706/tools/bin/../lib/gcc/arm-none-eabi/13.3.1/../../../../arm-none-eabi/lib/thumb/v8-m.main+fp/hard/crt0.o (exit)
/opt/st/stm32cubeide_1.19.0/plugins/com.st.stm32cube.ide.mcu.externaltools.gnu-tools-for-stm32.13.3.rel1.linux64_1.0.0.202410170706/tools/bin/../lib/gcc/arm-none-eabi/13.3.1/../../../../arm-none-eabi/lib/thumb/v8-m.main+fp/hard/libc_nano.a(libc_a-findfp.o)
                              /opt/st/stm32cubeide_1.19.0/plugins/com.st.stm32cube.ide.mcu.externaltools.gnu-tools-for-stm32.13.3.rel1.linux64_1.0.0.202410170706/tools/bin/../lib/gcc/arm-none-eabi/13.3.1/../../../../arm-none-eabi/lib/thumb/v8-m.main+fp/hard/libc_nano.a(libc_a-exit.o) (__stdio_exit_handler)
/opt/st/stm32cubeide_1.19.0/plugins/com.st.stm32cube.ide.mcu.externaltools.gnu-tools-for-stm32.13.3.rel1.linux64_1.0.0.202410170706/tools/bin/../lib/gcc/arm-none-eabi/13.3.1/../../../../arm-none-eabi/lib/thumb/v8-m.main+fp/hard/libc_nano.a(libc_a-fwalk.o)
                              /opt/st/stm32cubeide_1.19.0/plugins/com.st.stm32cube.ide.mcu.externaltools.gnu-tools-for-stm32.13.3.rel1.linux64_1.0.0.202410170706/tools/bin/../lib/gcc/arm-none-eabi/13.3.1/../../../../arm-none-eabi/lib/thumb/v8-m.main+fp/hard/libc_nano.a(libc_a-findfp.o) (_fwalk_sglue)
/opt/st/stm32cubeide_1.19.0/plugins/com.st.stm32cube.ide.mcu.externaltools.gnu-tools-for-stm32.13.3.rel1.linux64_1.0.0.202410170706/tools/bin/../lib/gcc/arm-none-eabi/13.3.1/../../../../arm-none-eabi/lib/thumb/v8-m.main+fp/hard/libc_nano.a(libc_a-stdio.o)
                              /opt/st/stm32cubeide_1.19.0/plugins/com.st.stm32cube.ide.mcu.externaltools.gnu-tools-for-stm32.13.3.rel1.linux64_1.0.0.202410170706/tools/bin/../lib/gcc/arm-none-eabi/13.3.1/../../../../arm-none-eabi/lib/thumb/v8-m.main+fp/hard/libc_nano.a(libc_a-findfp.o) (__sread)
/opt/st/stm32cubeide_1.19.0/plugins/com.st.stm32cube.ide.mcu.externaltools.gnu-tools-for-stm32.13.3.rel1.linux64_1.0.0.202410170706/tools/bin/../lib/gcc/arm-none-eabi/13.3.1/../../../../arm-none-eabi/lib/thumb/v8-m.main+fp/hard/libc_nano.a(libc_a-memset.o)
                              /opt/st/stm32cubeide_1.19.0/plugins/com.st.stm32cube.ide.mcu.externaltools.gnu-tools-for-stm32.13.3.rel1.linux64_1.0.0.202410170706/tools/bin/../lib/gcc/arm-none-eabi/13.3.1/../../../../arm-none-eabi/lib/thumb/v8-m.main+fp/hard/crt0.o (memset)
/opt/st/stm32cubeide_1.19.0/plugins/com.st.stm32cube.ide.mcu.externaltools.gnu-tools-for-stm32.13.3.rel1.linux64_1.0.0.202410170706/tools/bin/../lib/gcc/arm-none-eabi/13.3.1/../../../../arm-none-eabi/lib/thumb/v8-m.main+fp/hard/libc_nano.a(libc_a-closer.o)
                              /opt/st/stm32cubeide_1.19.0/plugins/com.st.stm32cube.ide.mcu.externaltools.gnu-tools-for-stm32.13.3.rel1.linux64_1.0.0.202410170706/tools/bin/../lib/gcc/arm-none-eabi/13.3.1/../../../../arm-none-eabi/lib/thumb/v8-m.main+fp/hard/libc_nano.a(libc_a-stdio.o) (_close_r)
/opt/st/stm32cubeide_1.19.0/plugins/com.st.stm32cube.ide.mcu.externaltools.gnu-tools-for-stm32.13.3.rel1.linux64_1.0.0.202410170706/tools/bin/../lib/gcc/arm-none-eabi/13.3.1/../../../../arm-none-eabi/lib/thumb/v8-m.main+fp/hard/libc_nano.a(libc_a-reent.o)
                              /opt/st/stm32cubeide_1.19.0/plugins/com.st.stm32cube.ide.mcu.externaltools.gnu-tools-for-stm32.13.3.rel1.linux64_1.0.0.202410170706/tools/bin/../lib/gcc/arm-none-eabi/13.3.1/../../../../arm-none-eabi/lib/thumb/v8-m.main+fp/hard/libc_nano.a(libc_a-closer.o) (errno)
/opt/st/stm32cubeide_1.19.0/plugins/com.st.stm32cube.ide.mcu.externaltools.gnu-tools-for-stm32.13.3.rel1.linux64_1.0.0.202410170706/tools/bin/../lib/gcc/arm-none-eabi/13.3.1/../../../../arm-none-eabi/lib/thumb/v8-m.main+fp/hard/libc_nano.a(libc_a-impure.o)
                              /opt/st/stm32cubeide_1.19.0/plugins/com.st.stm32cube.ide.mcu.externaltools.gnu-tools-for-stm32.13.3.rel1.linux64_1.0.0.202410170706/tools/bin/../lib/gcc/arm-none-eabi/13.3.1/../../../../arm-none-eabi/lib/thumb/v8-m.main+fp/hard/libc_nano.a(libc_a-reent.o) (_impure_ptr)
/opt/st/stm32cubeide_1.19.0/plugins/com.st.stm32cube.ide.mcu.externaltools.gnu-tools-for-stm32.13.3.rel1.linux64_1.0.0.202410170706/tools/bin/../lib/gcc/arm-none-eabi/13.3.1/../../../../arm-none-eabi/lib/thumb/v8-m.main+fp/hard/libc_nano.a(libc_a-lseekr.o)
[...]
Memory Configuration

Name             Origin             Length             Attributes
RAM              0x20000004         0x000c0000         xrw
*default*        0x00000000         0xffffffff

Linker script and memory map

LOAD /opt/st/stm32cubeide_1.19.0/plugins/com.st.stm32cube.ide.mcu.externaltools.gnu-tools-for-stm32.13.3.rel1.linux64_1.0.0.202410170706/tools/bin/../lib/gcc/arm-none-eabi/13.3.1/thumb/v8-m.main+fp/hard/crti.o
LOAD /opt/st/stm32cubeide_1.19.0/plugins/com.st.stm32cube.ide.mcu.externaltools.gnu-tools-for-stm32.13.3.rel1.linux64_1.0.0.202410170706/tools/bin/../lib/gcc/arm-none-eabi/13.3.1/thumb/v8-m.main+fp/hard/crtbegin.o
LOAD /opt/st/stm32cubeide_1.19.0/plugins/com.st.stm32cube.ide.mcu.externaltools.gnu-tools-for-stm32.13.3.rel1.linux64_1.0.0.202410170706/tools/bin/../lib/gcc/arm-none-eabi/13.3.1/../../../../arm-none-eabi/lib/thumb/v8-m.main+fp/hard/crt0.o
LOAD ./Core/Src/Dev_Inf.o
LOAD ./Core/Src/Loader_Src.o
LOAD ./Core/Src/gpio.o
LOAD ./Core/Src/icache.o
LOAD ./Core/Src/main.o
LOAD ./Core/Src/octospi.o
LOAD ./Core/Src/stm32u5xx_hal_msp.o
LOAD ./Core/Src/stm32u5xx_it.o
LOAD ./Core/Src/syscalls.o
LOAD ./Core/Src/sysmem.o
LOAD ./Core/Src/system_stm32u5xx.o
LOAD ./Core/Src/usart.o
LOAD ./Core/Src/w25q128jvsq.o
LOAD ./Core/Startup/startup_stm32u575vgtx.o
LOAD ./Drivers/STM32U5xx_HAL_Driver/Src/stm32u5xx_hal.o
LOAD ./Drivers/STM32U5xx_HAL_Driver/Src/stm32u5xx_hal_cortex.o
LOAD ./Drivers/STM32U5xx_HAL_Driver/Src/stm32u5xx_hal_dma.o
LOAD ./Drivers/STM32U5xx_HAL_Driver/Src/stm32u5xx_hal_dma_ex.o
LOAD ./Drivers/STM32U5xx_HAL_Driver/Src/stm32u5xx_hal_exti.o
LOAD ./Drivers/STM32U5xx_HAL_Driver/Src/stm32u5xx_hal_flash.o
LOAD ./Drivers/STM32U5xx_HAL_Driver/Src/stm32u5xx_hal_flash_ex.o
LOAD ./Drivers/STM32U5xx_HAL_Driver/Src/stm32u5xx_hal_gpio.o
LOAD ./Drivers/STM32U5xx_HAL_Driver/Src/stm32u5xx_hal_gtzc.o
LOAD ./Drivers/STM32U5xx_HAL_Driver/Src/stm32u5xx_hal_i2c.o
LOAD ./Drivers/STM32U5xx_HAL_Driver/Src/stm32u5xx_hal_i2c_ex.o
LOAD ./Drivers/STM32U5xx_HAL_Driver/Src/stm32u5xx_hal_icache.o
LOAD ./Drivers/STM32U5xx_HAL_Driver/Src/stm32u5xx_hal_ospi.o
LOAD ./Drivers/STM32U5xx_HAL_Driver/Src/stm32u5xx_hal_pwr.o
LOAD ./Drivers/STM32U5xx_HAL_Driver/Src/stm32u5xx_hal_pwr_ex.o
LOAD ./Drivers/STM32U5xx_HAL_Driver/Src/stm32u5xx_hal_rcc.o
LOAD ./Drivers/STM32U5xx_HAL_Driver/Src/stm32u5xx_hal_rcc_ex.o
LOAD ./Drivers/STM32U5xx_HAL_Driver/Src/stm32u5xx_hal_uart.o
LOAD ./Drivers/STM32U5xx_HAL_Driver/Src/stm32u5xx_hal_uart_ex.o
LOAD ./Drivers/STM32U5xx_HAL_Driver/Src/stm32u5xx_ll_dlyb.o
START GROUP
LOAD /opt/st/stm32cubeide_1.19.0/plugins/com.st.stm32cube.ide.mcu.externaltools.gnu-tools-for-stm32.13.3.rel1.linux64_1.0.0.202410170706/tools/bin/../lib/gcc/arm-none-eabi/13.3.1/../../../../arm-none-eabi/lib/thumb/v8-m.main+fp/hard/libc_nano.a
LOAD /opt/st/stm32cubeide_1.19.0/plugins/com.st.stm32cube.ide.mcu.externaltools.gnu-tools-for-stm32.13.3.rel1.linux64_1.0.0.202410170706/tools/bin/../lib/gcc/arm-none-eabi/13.3.1/../../../../arm-none-eabi/lib/thumb/v8-m.main+fp/hard/libm.a
END GROUP
START GROUP
LOAD /opt/st/stm32cubeide_1.19.0/plugins/com.st.stm32cube.ide.mcu.externaltools.gnu-tools-for-stm32.13.3.rel1.linux64_1.0.0.202410170706/tools/bin/../lib/gcc/arm-none-eabi/13.3.1/thumb/v8-m.main+fp/hard/libgcc.a
LOAD /opt/st/stm32cubeide_1.19.0/plugins/com.st.stm32cube.ide.mcu.externaltools.gnu-tools-for-stm32.13.3.rel1.linux64_1.0.0.202410170706/tools/bin/../lib/gcc/arm-none-eabi/13.3.1/../../../../arm-none-eabi/lib/thumb/v8-m.main+fp/hard/libc_nano.a
END GROUP
START GROUP
LOAD /opt/st/stm32cubeide_1.19.0/plugins/com.st.stm32cube.ide.mcu.externaltools.gnu-tools-for-stm32.13.3.rel1.linux64_1.0.0.202410170706/tools/bin/../lib/gcc/arm-none-eabi/13.3.1/thumb/v8-m.main+fp/hard/libgcc.a
LOAD /opt/st/stm32cubeide_1.19.0/plugins/com.st.stm32cube.ide.mcu.externaltools.gnu-tools-for-stm32.13.3.rel1.linux64_1.0.0.202410170706/tools/bin/../lib/gcc/arm-none-eabi/13.3.1/../../../../arm-none-eabi/lib/thumb/v8-m.main+fp/hard/libc_nano.a
LOAD /opt/st/stm32cubeide_1.19.0/plugins/com.st.stm32cube.ide.mcu.externaltools.gnu-tools-for-stm32.13.3.rel1.linux64_1.0.0.202410170706/tools/bin/../lib/gcc/arm-none-eabi/13.3.1/../../../../arm-none-eabi/lib/thumb/v8-m.main+fp/hard/libnosys.a
END GROUP
START GROUP
LOAD /opt/st/stm32cubeide_1.19.0/plugins/com.st.stm32cube.ide.mcu.externaltools.gnu-tools-for-stm32.13.3.rel1.linux64_1.0.0.202410170706/tools/bin/../lib/gcc/arm-none-eabi/13.3.1/thumb/v8-m.main+fp/hard/libgcc.a
LOAD /opt/st/stm32cubeide_1.19.0/plugins/com.st.stm32cube.ide.mcu.externaltools.gnu-tools-for-stm32.13.3.rel1.linux64_1.0.0.202410170706/tools/bin/../lib/gcc/arm-none-eabi/13.3.1/../../../../arm-none-eabi/lib/thumb/v8-m.main+fp/hard/libc_nano.a
LOAD /opt/st/stm32cubeide_1.19.0/plugins/com.st.stm32cube.ide.mcu.externaltools.gnu-tools-for-stm32.13.3.rel1.linux64_1.0.0.202410170706/tools/bin/../lib/gcc/arm-none-eabi/13.3.1/../../../../arm-none-eabi/lib/thumb/v8-m.main+fp/hard/libnosys.a
END GROUP
LOAD /opt/st/stm32cubeide_1.19.0/plugins/com.st.stm32cube.ide.mcu.externaltools.gnu-tools-for-stm32.13.3.rel1.linux64_1.0.0.202410170706/tools/bin/../lib/gcc/arm-none-eabi/13.3.1/thumb/v8-m.main+fp/hard/crtend.o
LOAD /opt/st/stm32cubeide_1.19.0/plugins/com.st.stm32cube.ide.mcu.externaltools.gnu-tools-for-stm32.13.3.rel1.linux64_1.0.0.202410170706/tools/bin/../lib/gcc/arm-none-eabi/13.3.1/thumb/v8-m.main+fp/hard/crtn.o
                0x200c0004                        _estack = (ORIGIN (RAM) + LENGTH (RAM))
                0x00000200                        _Min_Heap_Size = 0x200
                0x00000400                        _Min_Stack_Size = 0x400

.isr_vector     0x20000004      0x434
                0x20000200                        . = (. + 0x1fc)
 *fill*         0x20000004      0x1fc 
                0x20000200                        . = ALIGN (0x4)
 *(.isr_vector)
 .isr_vector    0x20000200      0x238 ./Core/Startup/startup_stm32u575vgtx.o
                0x20000200                g_pfnVectors
                0x20000438                        . = ALIGN (0x4)

.ARM.extab      0x20000438        0x0
 *(.ARM.extab* .gnu.linkonce.armextab.*)
 .ARM.extab     0x20000438        0x0 /opt/st/stm32cubeide_1.19.0/plugins/com.st.stm32cube.ide.mcu.externaltools.gnu-tools-for-stm32.13.3.rel1.linux64_1.0.0.202410170706/tools/bin/../lib/gcc/arm-none-eabi/13.3.1/../../../../arm-none-eabi/lib/thumb/v8-m.main+fp/hard/crt0.o
 .ARM.extab     0x20000438        0x0 /opt/st/stm32cubeide_1.19.0/plugins/com.st.stm32cube.ide.mcu.externaltools.gnu-tools-for-stm32.13.3.rel1.linux64_1.0.0.202410170706/tools/bin/../lib/gcc/arm-none-eabi/13.3.1/../../../../arm-none-eabi/lib/thumb/v8-m.main+fp/hard/libc_nano.a(libc_a-strlen.o)
 .ARM.extab     0x20000438        0x0 /opt/st/stm32cubeide_1.19.0/plugins/com.st.stm32cube.ide.mcu.externaltools.gnu-tools-for-stm32.13.3.rel1.linux64_1.0.0.202410170706/tools/bin/../lib/gcc/arm-none-eabi/13.3.1/thumb/v8-m.main+fp/hard/libgcc.a(_udivmoddi4.o)

.ARM            0x20000438        0x8
                0x20000438                        __exidx_start = .
 *(.ARM.exidx*)
 .ARM.exidx     0x20000438        0x8 /opt/st/stm32cubeide_1.19.0/plugins/com.st.stm32cube.ide.mcu.externaltools.gnu-tools-for-stm32.13.3.rel1.linux64_1.0.0.202410170706/tools/bin/../lib/gcc/arm-none-eabi/13.3.1/../../../../arm-none-eabi/lib/thumb/v8-m.main+fp/hard/crt0.o
                                 0x10 (size before relaxing)
 .ARM.exidx     0x20000440        0x0 /opt/st/stm32cubeide_1.19.0/plugins/com.st.stm32cube.ide.mcu.externaltools.gnu-tools-for-stm32.13.3.rel1.linux64_1.0.0.202410170706/tools/bin/../lib/gcc/arm-none-eabi/13.3.1/../../../../arm-none-eabi/lib/thumb/v8-m.main+fp/hard/libc_nano.a(libc_a-strlen.o)
                                  0x8 (size before relaxing)
 .ARM.exidx     0x20000440        0x0 /opt/st/stm32cubeide_1.19.0/plugins/com.st.stm32cube.ide.mcu.externaltools.gnu-tools-for-stm32.13.3.rel1.linux64_1.0.0.202410170706/tools/bin/../lib/gcc/arm-none-eabi/13.3.1/thumb/v8-m.main+fp/hard/libgcc.a(_udivmoddi4.o)
                                  0x8 (size before relaxing)
                0x20000440                        __exidx_end = .

.preinit_array  0x20000440        0x0
                0x20000440                        PROVIDE (__preinit_array_start = .)
 *(.preinit_array*)
                0x20000440                        PROVIDE (__preinit_array_end = .)

.init_array     0x20000440        0x4
                0x20000440                        PROVIDE (__init_array_start = .)
 *(SORT_BY_NAME(.init_array.*))
 *(.init_array*)
 .init_array    0x20000440        0x4 /opt/st/stm32cubeide_1.19.0/plugins/com.st.stm32cube.ide.mcu.externaltools.gnu-tools-for-stm32.13.3.rel1.linux64_1.0.0.202410170706/tools/bin/../lib/gcc/arm-none-eabi/13.3.1/thumb/v8-m.main+fp/hard/crtbegin.o
                0x20000444                        PROVIDE (__init_array_end = .)

.fini_array     0x20000444        0x4
                [!provide]                        PROVIDE (__fini_array_start = .)
 *(SORT_BY_NAME(.fini_array.*))
 *(.fini_array*)
 .fini_array    0x20000444        0x4 /opt/st/stm32cubeide_1.19.0/plugins/com.st.stm32cube.ide.mcu.externaltools.gnu-tools-for-stm32.13.3.rel1.linux64_1.0.0.202410170706/tools/bin/../lib/gcc/arm-none-eabi/13.3.1/thumb/v8-m.main+fp/hard/crtbegin.o
                [!provide]                        PROVIDE (__fini_array_end = .)
                0x20000448                        _sidata = LOADADDR (.data)

.data           0x20000448       0x98
                0x20000448                        . = ALIGN (0x4)
                0x20000448                        _sdata = .
 *(.data)
 .data          0x20000448        0x0 /opt/st/stm32cubeide_1.19.0/plugins/com.st.stm32cube.ide.mcu.externaltools.gnu-tools-for-stm32.13.3.rel1.linux64_1.0.0.202410170706/tools/bin/../lib/gcc/arm-none-eabi/13.3.1/thumb/v8-m.main+fp/hard/crti.o
 .data          0x20000448        0x4 /opt/st/stm32cubeide_1.19.0/plugins/com.st.stm32cube.ide.mcu.externaltools.gnu-tools-for-stm32.13.3.rel1.linux64_1.0.0.202410170706/tools/bin/../lib/gcc/arm-none-eabi/13.3.1/thumb/v8-m.main+fp/hard/crtbegin.o
                0x20000448                __dso_handle
 .data          0x2000044c        0x0 /opt/st/stm32cubeide_1.19.0/plugins/com.st.stm32cube.ide.mcu.externaltools.gnu-tools-for-stm32.13.3.rel1.linux64_1.0.0.202410170706/tools/bin/../lib/gcc/arm-none-eabi/13.3.1/../../../../arm-none-eabi/lib/thumb/v8-m.main+fp/hard/crt0.o
 .data          0x2000044c        0x0 ./Core/Src/Dev_Inf.o
 .data          0x2000044c        0x0 ./Core/Src/Loader_Src.o
 .data          0x2000044c        0x0 ./Core/Src/gpio.o
 .data          0x2000044c        0x0 ./Core/Src/icache.o
 .data          0x2000044c        0x0 ./Core/Src/main.o
 .data          0x2000044c        0x0 ./Core/Src/octospi.o
 .data          0x2000044c        0x0 ./Core/Src/stm32u5xx_hal_msp.o
 .data          0x2000044c        0x0 ./Core/Src/stm32u5xx_it.o
 .data          0x2000044c        0x0 ./Core/Src/syscalls.o
 .data          0x2000044c        0x0 ./Core/Src/sysmem.o
 .data          0x2000044c        0x0 ./Core/Src/system_stm32u5xx.o
 .data          0x2000044c        0x0 ./Core/Src/usart.o
 .data          0x2000044c        0x0 ./Core/Src/w25q128jvsq.o
 .data          0x2000044c        0x0 ./Core/Startup/startup_stm32u575vgtx.o
 .data          0x2000044c        0x0 ./Drivers/STM32U5xx_HAL_Driver/Src/stm32u5xx_hal.o
 .data          0x2000044c        0x0 ./Drivers/STM32U5xx_HAL_Driver/Src/stm32u5xx_hal_cortex.o
 .data          0x2000044c        0x0 ./Drivers/STM32U5xx_HAL_Driver/Src/stm32u5xx_hal_dma.o
 .data          0x2000044c        0x0 ./Drivers/STM32U5xx_HAL_Driver/Src/stm32u5xx_hal_dma_ex.o
 .data          0x2000044c        0x0 ./Drivers/STM32U5xx_HAL_Driver/Src/stm32u5xx_hal_exti.o
 .data          0x2000044c        0x0 ./Drivers/STM32U5xx_HAL_Driver/Src/stm32u5xx_hal_flash.o
 .data          0x2000044c        0x0 ./Drivers/STM32U5xx_HAL_Driver/Src/stm32u5xx_hal_flash_ex.o
 .data          0x2000044c        0x0 ./Drivers/STM32U5xx_HAL_Driver/Src/stm32u5xx_hal_gpio.o
 .data          0x2000044c        0x0 ./Drivers/STM32U5xx_HAL_Driver/Src/stm32u5xx_hal_gtzc.o
 .data          0x2000044c        0x0 ./Drivers/STM32U5xx_HAL_Driver/Src/stm32u5xx_hal_i2c.o
 .data          0x2000044c        0x0 ./Drivers/STM32U5xx_HAL_Driver/Src/stm32u5xx_hal_i2c_ex.o
 .data          0x2000044c        0x0 ./Drivers/STM32U5xx_HAL_Driver/Src/stm32u5xx_hal_icache.o
 .data          0x2000044c        0x0 ./Drivers/STM32U5xx_HAL_Driver/Src/stm32u5xx_hal_ospi.o
 .data          0x2000044c        0x0 ./Drivers/STM32U5xx_HAL_Driver/Src/stm32u5xx_hal_pwr.o
 .data          0x2000044c        0x0 ./Drivers/STM32U5xx_HAL_Driver/Src/stm32u5xx_hal_pwr_ex.o
 .data          0x2000044c        0x0 ./Drivers/STM32U5xx_HAL_Driver/Src/stm32u5xx_hal_rcc.o
 .data          0x2000044c        0x0 ./Drivers/STM32U5xx_HAL_Driver/Src/stm32u5xx_hal_rcc_ex.o
 .data          0x2000044c        0x0 ./Drivers/STM32U5xx_HAL_Driver/Src/stm32u5xx_hal_uart.o
 .data          0x2000044c        0x0 ./Drivers/STM32U5xx_HAL_Driver/Src/stm32u5xx_hal_uart_ex.o
 .data          0x2000044c        0x0 ./Drivers/STM32U5xx_HAL_Driver/Src/stm32u5xx_ll_dlyb.o
 .data          0x2000044c        0x0 /opt/st/stm32cubeide_1.19.0/plugins/com.st.stm32cube.ide.mcu.externaltools.gnu-tools-for-stm32.13.3.rel1.linux64_1.0.0.202410170706/tools/bin/../lib/gcc/arm-none-eabi/13.3.1/../../../../arm-none-eabi/lib/thumb/v8-m.main+fp/hard/libc_nano.a(libc_a-exit.o)
 .data          0x2000044c        0x0 /opt/st/stm32cubeide_1.19.0/plugins/com.st.stm32cube.ide.mcu.externaltools.gnu-tools-for-stm32.13.3.rel1.linux64_1.0.0.202410170706/tools/bin/../lib/gcc/arm-none-eabi/13.3.1/../../../../arm-none-eabi/lib/thumb/v8-m.main+fp/hard/libc_nano.a(libc_a-findfp.o)
 .data          0x2000044c        0x0 /opt/st/stm32cubeide_1.19.0/plugins/com.st.stm32cube.ide.mcu.externaltools.gnu-tools-for-stm32.13.3.rel1.linux64_1.0.0.202410170706/tools/bin/../lib/gcc/arm-none-eabi/13.3.1/../../../../arm-none-eabi/lib/thumb/v8-m.main+fp/hard/libc_nano.a(libc_a-fwalk.o)
 .data          0x2000044c        0x0 /opt/st/stm32cubeide_1.19.0/plugins/com.st.stm32cube.ide.mcu.externaltools.gnu-tools-for-stm32.13.3.rel1.linux64_1.0.0.202410170706/tools/bin/../lib/gcc/arm-none-eabi/13.3.1/../../../../arm-none-eabi/lib/thumb/v8-m.main+fp/hard/libc_nano.a(libc_a-stdio.o)
 .data          0x2000044c        0x0 /opt/st/stm32cubeide_1.19.0/plugins/com.st.stm32cube.ide.mcu.externaltools.gnu-tools-for-stm32.13.3.rel1.linux64_1.0.0.202410170706/tools/bin/../lib/gcc/arm-none-eabi/13.3.1/../../../../arm-none-eabi/lib/thumb/v8-m.main+fp/hard/libc_nano.a(libc_a-memset.o)
 .data          0x2000044c        0x0 /opt/st/stm32cubeide_1.19.0/plugins/com.st.stm32cube.ide.mcu.externaltools.gnu-tools-for-stm32.13.3.rel1.linux64_1.0.0.202410170706/tools/bin/../lib/gcc/arm-none-eabi/13.3.1/../../../../arm-none-eabi/lib/thumb/v8-m.main+fp/hard/libc_nano.a(libc_a-closer.o)
 .data          0x2000044c        0x0 /opt/st/stm32cubeide_1.19.0/plugins/com.st.stm32cube.ide.mcu.externaltools.gnu-tools-for-stm32.13.3.rel1.linux64_1.0.0.202410170706/tools/bin/../lib/gcc/arm-none-eabi/13.3.1/../../../../arm-none-eabi/lib/thumb/v8-m.main+fp/hard/libc_nano.a(libc_a-reent.o)
 .data          0x2000044c        0x0 /opt/st/stm32cubeide_1.19.0/plugins/com.st.stm32cube.ide.mcu.externaltools.gnu-tools-for-stm32.13.3.rel1.linux64_1.0.0.202410170706/tools/bin/../lib/gcc/arm-none-eabi/13.3.1/../../../../arm-none-eabi/lib/thumb/v8-m.main+fp/hard/libc_nano.a(libc_a-impure.o)
 .data          0x2000044c        0x0 /opt/st/stm32cubeide_1.19.0/plugins/com.st.stm32cube.ide.mcu.externaltools.gnu-tools-for-stm32.13.3.rel1.linux64_1.0.0.202410170706/tools/bin/../lib/gcc/arm-none-eabi/13.3.1/../../../../arm-none-eabi/lib/thumb/v8-m.main+fp/hard/libc_nano.a(libc_a-lseekr.o)
 .data          0x2000044c        0x0 /opt/st/stm32cubeide_1.19.0/plugins/com.st.stm32cube.ide.mcu.externaltools.gnu-tools-for-stm32.13.3.rel1.linux64_1.0.0.202410170706/tools/bin/../lib/gcc/arm-none-eabi/13.3.1/../../../../arm-none-eabi/lib/thumb/v8-m.main+fp/hard/libc_nano.a(libc_a-readr.o)
 .data          0x2000044c        0x0 /opt/st/stm32cubeide_1.19.0/plugins/com.st.stm32cube.ide.mcu.externaltools.gnu-tools-for-stm32.13.3.rel1.linux64_1.0.0.202410170706/tools/bin/../lib/gcc/arm-none-eabi/13.3.1/../../../../arm-none-eabi/lib/thumb/v8-m.main+fp/hard/libc_nano.a(libc_a-writer.o)
 .data          0x2000044c        0x0 /opt/st/stm32cubeide_1.19.0/plugins/com.st.stm32cube.ide.mcu.externaltools.gnu-tools-for-stm32.13.3.rel1.linux64_1.0.0.202410170706/tools/bin/../lib/gcc/arm-none-eabi/13.3.1/../../../../arm-none-eabi/lib/thumb/v8-m.main+fp/hard/libc_nano.a(libc_a-errno.o)
 .data          0x2000044c        0x0 /opt/st/stm32cubeide_1.19.0/plugins/com.st.stm32cube.ide.mcu.externaltools.gnu-tools-for-stm32.13.3.rel1.linux64_1.0.0.202410170706/tools/bin/../lib/gcc/arm-none-eabi/13.3.1/../../../../arm-none-eabi/lib/thumb/v8-m.main+fp/hard/libc_nano.a(libc_a-init.o)
 .data          0x2000044c        0x0 /opt/st/stm32cubeide_1.19.0/plugins/com.st.stm32cube.ide.mcu.externaltools.gnu-tools-for-stm32.13.3.rel1.linux64_1.0.0.202410170706/tools/bin/../lib/gcc/arm-none-eabi/13.3.1/../../../../arm-none-eabi/lib/thumb/v8-m.main+fp/hard/libc_nano.a(libc_a-lock.o)
 .data          0x2000044c        0x0 /opt/st/stm32cubeide_1.19.0/plugins/com.st.stm32cube.ide.mcu.externaltools.gnu-tools-for-stm32.13.3.rel1.linux64_1.0.0.202410170706/tools/bin/../lib/gcc/arm-none-eabi/13.3.1/../../../../arm-none-eabi/lib/thumb/v8-m.main+fp/hard/libc_nano.a(libc_a-strlen.o)
 .data          0x2000044c        0x0 /opt/st/stm32cubeide_1.19.0/plugins/com.st.stm32cube.ide.mcu.externaltools.gnu-tools-for-stm32.13.3.rel1.linux64_1.0.0.202410170706/tools/bin/../lib/gcc/arm-none-eabi/13.3.1/../../../../arm-none-eabi/lib/thumb/v8-m.main+fp/hard/libc_nano.a(libc_a-freer.o)
 .data          0x2000044c        0x0 /opt/st/stm32cubeide_1.19.0/plugins/com.st.stm32cube.ide.mcu.externaltools.gnu-tools-for-stm32.13.3.rel1.linux64_1.0.0.202410170706/tools/bin/../lib/gcc/arm-none-eabi/13.3.1/../../../../arm-none-eabi/lib/thumb/v8-m.main+fp/hard/libc_nano.a(libc_a-mallocr.o)
 .data          0x2000044c        0x0 /opt/st/stm32cubeide_1.19.0/plugins/com.st.stm32cube.ide.mcu.externaltools.gnu-tools-for-stm32.13.3.rel1.linux64_1.0.0.202410170706/tools/bin/../lib/gcc/arm-none-eabi/13.3.1/../../../../arm-none-eabi/lib/thumb/v8-m.main+fp/hard/libc_nano.a(libc_a-mlock.o)
 .data          0x2000044c        0x0 /opt/st/stm32cubeide_1.19.0/plugins/com.st.stm32cube.ide.mcu.externaltools.gnu-tools-for-stm32.13.3.rel1.linux64_1.0.0.202410170706/tools/bin/../lib/gcc/arm-none-eabi/13.3.1/../../../../arm-none-eabi/lib/thumb/v8-m.main+fp/hard/libc_nano.a(libc_a-fflush.o)
 .data          0x2000044c        0x0 /opt/st/stm32cubeide_1.19.0/plugins/com.st.stm32cube.ide.mcu.externaltools.gnu-tools-for-stm32.13.3.rel1.linux64_1.0.0.202410170706/tools/bin/../lib/gcc/arm-none-eabi/13.3.1/../../../../arm-none-eabi/lib/thumb/v8-m.main+fp/hard/libc_nano.a(libc_a-sbrkr.o)
 .data          0x2000044c        0x0 /opt/st/stm32cubeide_1.19.0/plugins/com.st.stm32cube.ide.mcu.externaltools.gnu-tools-for-stm32.13.3.rel1.linux64_1.0.0.202410170706/tools/bin/../lib/gcc/arm-none-eabi/13.3.1/thumb/v8-m.main+fp/hard/libgcc.a(_aeabi_uldivmod.o)
 .data          0x2000044c        0x0 /opt/st/stm32cubeide_1.19.0/plugins/com.st.stm32cube.ide.mcu.externaltools.gnu-tools-for-stm32.13.3.rel1.linux64_1.0.0.202410170706/tools/bin/../lib/gcc/arm-none-eabi/13.3.1/thumb/v8-m.main+fp/hard/libgcc.a(_udivmoddi4.o)
 .data          0x2000044c        0x0 /opt/st/stm32cubeide_1.19.0/plugins/com.st.stm32cube.ide.mcu.externaltools.gnu-tools-for-stm32.13.3.rel1.linux64_1.0.0.202410170706/tools/bin/../lib/gcc/arm-none-eabi/13.3.1/thumb/v8-m.main+fp/hard/libgcc.a(_dvmd_tls.o)
 .data          0x2000044c        0x0 /opt/st/stm32cubeide_1.19.0/plugins/com.st.stm32cube.ide.mcu.externaltools.gnu-tools-for-stm32.13.3.rel1.linux64_1.0.0.202410170706/tools/bin/../lib/gcc/arm-none-eabi/13.3.1/thumb/v8-m.main+fp/hard/crtend.o
 .data          0x2000044c        0x0 /opt/st/stm32cubeide_1.19.0/plugins/com.st.stm32cube.ide.mcu.externaltools.gnu-tools-for-stm32.13.3.rel1.linux64_1.0.0.202410170706/tools/bin/../lib/gcc/arm-none-eabi/13.3.1/thumb/v8-m.main+fp/hard/crtn.o
 *(.data*)
 .data.txbuf    0x2000044c        0xc ./Core/Src/main.o
                0x2000044c                txbuf
 .data.environ  0x20000458        0x4 ./Core/Src/syscalls.o
                0x20000458                environ
 .data.SystemCoreClock
                0x2000045c        0x4 ./Core/Src/system_stm32u5xx.o
                0x2000045c                SystemCoreClock
 .data.uwTickPrio
                0x20000460        0x4 ./Drivers/STM32U5xx_HAL_Driver/Src/stm32u5xx_hal.o
                0x20000460                uwTickPrio
 .data.uwTickFreq
                0x20000464        0x1 ./Drivers/STM32U5xx_HAL_Driver/Src/stm32u5xx_hal.o
                0x20000464                uwTickFreq
 *fill*         0x20000465        0x3 
 .data.pFlash   0x20000468       0x1c ./Drivers/STM32U5xx_HAL_Driver/Src/stm32u5xx_hal_flash.o
                0x20000468                pFlash
 .data.__sglue  0x20000484        0xc /opt/st/stm32cubeide_1.19.0/plugins/com.st.stm32cube.ide.mcu.externaltools.gnu-tools-for-stm32.13.3.rel1.linux64_1.0.0.202410170706/tools/bin/../lib/gcc/arm-none-eabi/13.3.1/../../../../arm-none-eabi/lib/thumb/v8-m.main+fp/hard/libc_nano.a(libc_a-findfp.o)
                0x20000484                __sglue
 .data._impure_ptr
                0x20000490        0x4 /opt/st/stm32cubeide_1.19.0/plugins/com.st.stm32cube.ide.mcu.externaltools.gnu-tools-for-stm32.13.3.rel1.linux64_1.0.0.202410170706/tools/bin/../lib/gcc/arm-none-eabi/13.3.1/../../../../arm-none-eabi/lib/thumb/v8-m.main+fp/hard/libc_nano.a(libc_a-impure.o)
                0x20000490                _impure_ptr
 .data._impure_data
                0x20000494       0x4c /opt/st/stm32cubeide_1.19.0/plugins/com.st.stm32cube.ide.mcu.externaltools.gnu-tools-for-stm32.13.3.rel1.linux64_1.0.0.202410170706/tools/bin/../lib/gcc/arm-none-eabi/13.3.1/../../../../arm-none-eabi/lib/thumb/v8-m.main+fp/hard/libc_nano.a(libc_a-impure.o)
                0x20000494                _impure_data
                0x200004e0                        . = ALIGN (0x4)
                0x200004e0                        _edata = .

.igot.plt       0x200004e0        0x0
 .igot.plt      0x200004e0        0x0 /opt/st/stm32cubeide_1.19.0/plugins/com.st.stm32cube.ide.mcu.externaltools.gnu-tools-for-stm32.13.3.rel1.linux64_1.0.0.202410170706/tools/bin/../lib/gcc/arm-none-eabi/13.3.1/thumb/v8-m.main+fp/hard/crtbegin.o
                0x200004e0                        . = ALIGN (0x4)

.bss            0x200004e0      0x334
                0x200004e0                        _sbss = .
                0x200004e0                        __bss_start__ = _sbss
 *(.bss)
 .bss           0x200004e0        0x0 /opt/st/stm32cubeide_1.19.0/plugins/com.st.stm32cube.ide.mcu.externaltools.gnu-tools-for-stm32.13.3.rel1.linux64_1.0.0.202410170706/tools/bin/../lib/gcc/arm-none-eabi/13.3.1/thumb/v8-m.main+fp/hard/crti.o
 .bss           0x200004e0       0x1c /opt/st/stm32cubeide_1.19.0/plugins/com.st.stm32cube.ide.mcu.externaltools.gnu-tools-for-stm32.13.3.rel1.linux64_1.0.0.202410170706/tools/bin/../lib/gcc/arm-none-eabi/13.3.1/thumb/v8-m.main+fp/hard/crtbegin.o
 .bss           0x200004fc        0x0 /opt/st/stm32cubeide_1.19.0/plugins/com.st.stm32cube.ide.mcu.externaltools.gnu-tools-for-stm32.13.3.rel1.linux64_1.0.0.202410170706/tools/bin/../lib/gcc/arm-none-eabi/13.3.1/../../../../arm-none-eabi/lib/thumb/v8-m.main+fp/hard/crt0.o
 .bss           0x200004fc        0x0 ./Core/Src/Dev_Inf.o
 .bss           0x200004fc        0x0 ./Core/Src/Loader_Src.o
 .bss           0x200004fc        0x0 ./Core/Src/gpio.o
 .bss           0x200004fc        0x0 ./Core/Src/icache.o
 .bss           0x200004fc        0x0 ./Core/Src/main.o
 .bss           0x200004fc        0x0 ./Core/Src/octospi.o
 .bss           0x200004fc        0x0 ./Core/Src/stm32u5xx_hal_msp.o
 .bss           0x200004fc        0x0 ./Core/Src/stm32u5xx_it.o
 .bss           0x200004fc        0x0 ./Core/Src/syscalls.o
 .bss           0x200004fc        0x0 ./Core/Src/sysmem.o
 .bss           0x200004fc        0x0 ./Core/Src/system_stm32u5xx.o
 .bss           0x200004fc        0x0 ./Core/Src/usart.o
 .bss           0x200004fc        0x0 ./Core/Src/w25q128jvsq.o
 .bss           0x200004fc        0x0 ./Core/Startup/startup_stm32u575vgtx.o
 .bss           0x200004fc        0x0 ./Drivers/STM32U5xx_HAL_Driver/Src/stm32u5xx_hal.o
 .bss           0x200004fc        0x0 ./Drivers/STM32U5xx_HAL_Driver/Src/stm32u5xx_hal_cortex.o
 .bss           0x200004fc        0x0 ./Drivers/STM32U5xx_HAL_Driver/Src/stm32u5xx_hal_dma.o
 .bss           0x200004fc        0x0 ./Drivers/STM32U5xx_HAL_Driver/Src/stm32u5xx_hal_dma_ex.o
 .bss           0x200004fc        0x0 ./Drivers/STM32U5xx_HAL_Driver/Src/stm32u5xx_hal_exti.o
 .bss           0x200004fc        0x0 ./Drivers/STM32U5xx_HAL_Driver/Src/stm32u5xx_hal_flash.o
 .bss           0x200004fc        0x0 ./Drivers/STM32U5xx_HAL_Driver/Src/stm32u5xx_hal_flash_ex.o
 .bss           0x200004fc        0x0 ./Drivers/STM32U5xx_HAL_Driver/Src/stm32u5xx_hal_gpio.o
 .bss           0x200004fc        0x0 ./Drivers/STM32U5xx_HAL_Driver/Src/stm32u5xx_hal_gtzc.o
 .bss           0x200004fc        0x0 ./Drivers/STM32U5xx_HAL_Driver/Src/stm32u5xx_hal_i2c.o
 .bss           0x200004fc        0x0 ./Drivers/STM32U5xx_HAL_Driver/Src/stm32u5xx_hal_i2c_ex.o
 .bss           0x200004fc        0x0 ./Drivers/STM32U5xx_HAL_Driver/Src/stm32u5xx_hal_icache.o
 .bss           0x200004fc        0x0 ./Drivers/STM32U5xx_HAL_Driver/Src/stm32u5xx_hal_ospi.o
 .bss           0x200004fc        0x0 ./Drivers/STM32U5xx_HAL_Driver/Src/stm32u5xx_hal_pwr.o
 .bss           0x200004fc        0x0 ./Drivers/STM32U5xx_HAL_Driver/Src/stm32u5xx_hal_pwr_ex.o
 .bss           0x200004fc        0x0 ./Drivers/STM32U5xx_HAL_Driver/Src/stm32u5xx_hal_rcc.o
 .bss           0x200004fc        0x0 ./Drivers/STM32U5xx_HAL_Driver/Src/stm32u5xx_hal_rcc_ex.o
 .bss           0x200004fc        0x0 ./Drivers/STM32U5xx_HAL_Driver/Src/stm32u5xx_hal_uart.o
 .bss           0x200004fc        0x0 ./Drivers/STM32U5xx_HAL_Driver/Src/stm32u5xx_hal_uart_ex.o
 .bss           0x200004fc        0x0 ./Drivers/STM32U5xx_HAL_Driver/Src/stm32u5xx_ll_dlyb.o
 .bss           0x200004fc        0x0 /opt/st/stm32cubeide_1.19.0/plugins/com.st.stm32cube.ide.mcu.externaltools.gnu-tools-for-stm32.13.3.rel1.linux64_1.0.0.202410170706/tools/bin/../lib/gcc/arm-none-eabi/13.3.1/../../../../arm-none-eabi/lib/thumb/v8-m.main+fp/hard/libc_nano.a(libc_a-exit.o)
 .bss           0x200004fc        0x0 /opt/st/stm32cubeide_1.19.0/plugins/com.st.stm32cube.ide.mcu.externaltools.gnu-tools-for-stm32.13.3.rel1.linux64_1.0.0.202410170706/tools/bin/../lib/gcc/arm-none-eabi/13.3.1/../../../../arm-none-eabi/lib/thumb/v8-m.main+fp/hard/libc_nano.a(libc_a-findfp.o)
 .bss           0x200004fc        0x0 /opt/st/stm32cubeide_1.19.0/plugins/com.st.stm32cube.ide.mcu.externaltools.gnu-tools-for-stm32.13.3.rel1.linux64_1.0.0.202410170706/tools/bin/../lib/gcc/arm-none-eabi/13.3.1/../../../../arm-none-eabi/lib/thumb/v8-m.main+fp/hard/libc_nano.a(libc_a-fwalk.o)
 .bss           0x200004fc        0x0 /opt/st/stm32cubeide_1.19.0/plugins/com.st.stm32cube.ide.mcu.externaltools.gnu-tools-for-stm32.13.3.rel1.linux64_1.0.0.202410170706/tools/bin/../lib/gcc/arm-none-eabi/13.3.1/../../../../arm-none-eabi/lib/thumb/v8-m.main+fp/hard/libc_nano.a(libc_a-stdio.o)
 .bss           0x200004fc        0x0 /opt/st/stm32cubeide_1.19.0/plugins/com.st.stm32cube.ide.mcu.externaltools.gnu-tools-for-stm32.13.3.rel1.linux64_1.0.0.202410170706/tools/bin/../lib/gcc/arm-none-eabi/13.3.1/../../../../arm-none-eabi/lib/thumb/v8-m.main+fp/hard/libc_nano.a(libc_a-memset.o)
 .bss           0x200004fc        0x0 /opt/st/stm32cubeide_1.19.0/plugins/com.st.stm32cube.ide.mcu.externaltools.gnu-tools-for-stm32.13.3.rel1.linux64_1.0.0.202410170706/tools/bin/../lib/gcc/arm-none-eabi/13.3.1/../../../../arm-none-eabi/lib/thumb/v8-m.main+fp/hard/libc_nano.a(libc_a-closer.o)
 .bss           0x200004fc        0x0 /opt/st/stm32cubeide_1.19.0/plugins/com.st.stm32cube.ide.mcu.externaltools.gnu-tools-for-stm32.13.3.rel1.linux64_1.0.0.202410170706/tools/bin/../lib/gcc/arm-none-eabi/13.3.1/../../../../arm-none-eabi/lib/thumb/v8-m.main+fp/hard/libc_nano.a(libc_a-reent.o)
 .bss           0x200004fc        0x0 /opt/st/stm32cubeide_1.19.0/plugins/com.st.stm32cube.ide.mcu.externaltools.gnu-tools-for-stm32.13.3.rel1.linux64_1.0.0.202410170706/tools/bin/../lib/gcc/arm-none-eabi/13.3.1/../../../../arm-none-eabi/lib/thumb/v8-m.main+fp/hard/libc_nano.a(libc_a-impure.o)
 .bss           0x200004fc        0x0 /opt/st/stm32cubeide_1.19.0/plugins/com.st.stm32cube.ide.mcu.externaltools.gnu-tools-for-stm32.13.3.rel1.linux64_1.0.0.202410170706/tools/bin/../lib/gcc/arm-none-eabi/13.3.1/../../../../arm-none-eabi/lib/thumb/v8-m.main+fp/hard/libc_nano.a(libc_a-lseekr.o)
 .bss           0x200004fc        0x0 /opt/st/stm32cubeide_1.19.0/plugins/com.st.stm32cube.ide.mcu.externaltools.gnu-tools-for-stm32.13.3.rel1.linux64_1.0.0.202410170706/tools/bin/../lib/gcc/arm-none-eabi/13.3.1/../../../../arm-none-eabi/lib/thumb/v8-m.main+fp/hard/libc_nano.a(libc_a-readr.o)
 .bss           0x200004fc        0x0 /opt/st/stm32cubeide_1.19.0/plugins/com.st.stm32cube.ide.mcu.externaltools.gnu-tools-for-stm32.13.3.rel1.linux64_1.0.0.202410170706/tools/bin/../lib/gcc/arm-none-eabi/13.3.1/../../../../arm-none-eabi/lib/thumb/v8-m.main+fp/hard/libc_nano.a(libc_a-writer.o)
 .bss           0x200004fc        0x0 /opt/st/stm32cubeide_1.19.0/plugins/com.st.stm32cube.ide.mcu.externaltools.gnu-tools-for-stm32.13.3.rel1.linux64_1.0.0.202410170706/tools/bin/../lib/gcc/arm-none-eabi/13.3.1/../../../../arm-none-eabi/lib/thumb/v8-m.main+fp/hard/libc_nano.a(libc_a-errno.o)
 .bss           0x200004fc        0x0 /opt/st/stm32cubeide_1.19.0/plugins/com.st.stm32cube.ide.mcu.externaltools.gnu-tools-for-stm32.13.3.rel1.linux64_1.0.0.202410170706/tools/bin/../lib/gcc/arm-none-eabi/13.3.1/../../../../arm-none-eabi/lib/thumb/v8-m.main+fp/hard/libc_nano.a(libc_a-init.o)
 .bss           0x200004fc        0x0 /opt/st/stm32cubeide_1.19.0/plugins/com.st.stm32cube.ide.mcu.externaltools.gnu-tools-for-stm32.13.3.rel1.linux64_1.0.0.202410170706/tools/bin/../lib/gcc/arm-none-eabi/13.3.1/../../../../arm-none-eabi/lib/thumb/v8-m.main+fp/hard/libc_nano.a(libc_a-lock.o)
 .bss           0x200004fc        0x0 /opt/st/stm32cubeide_1.19.0/plugins/com.st.stm32cube.ide.mcu.externaltools.gnu-tools-for-stm32.13.3.rel1.linux64_1.0.0.202410170706/tools/bin/../lib/gcc/arm-none-eabi/13.3.1/../../../../arm-none-eabi/lib/thumb/v8-m.main+fp/hard/libc_nano.a(libc_a-strlen.o)
 .bss           0x200004fc        0x0 /opt/st/stm32cubeide_1.19.0/plugins/com.st.stm32cube.ide.mcu.externaltools.gnu-tools-for-stm32.13.3.rel1.linux64_1.0.0.202410170706/tools/bin/../lib/gcc/arm-none-eabi/13.3.1/../../../../arm-none-eabi/lib/thumb/v8-m.main+fp/hard/libc_nano.a(libc_a-freer.o)
 .bss           0x200004fc        0x0 /opt/st/stm32cubeide_1.19.0/plugins/com.st.stm32cube.ide.mcu.externaltools.gnu-tools-for-stm32.13.3.rel1.linux64_1.0.0.202410170706/tools/bin/../lib/gcc/arm-none-eabi/13.3.1/../../../../arm-none-eabi/lib/thumb/v8-m.main+fp/hard/libc_nano.a(libc_a-mallocr.o)
 .bss           0x200004fc        0x0 /opt/st/stm32cubeide_1.19.0/plugins/com.st.stm32cube.ide.mcu.externaltools.gnu-tools-for-stm32.13.3.rel1.linux64_1.0.0.202410170706/tools/bin/../lib/gcc/arm-none-eabi/13.3.1/../../../../arm-none-eabi/lib/thumb/v8-m.main+fp/hard/libc_nano.a(libc_a-mlock.o)
 .bss           0x200004fc        0x0 /opt/st/stm32cubeide_1.19.0/plugins/com.st.stm32cube.ide.mcu.externaltools.gnu-tools-for-stm32.13.3.rel1.linux64_1.0.0.202410170706/tools/bin/../lib/gcc/arm-none-eabi/13.3.1/../../../../arm-none-eabi/lib/thumb/v8-m.main+fp/hard/libc_nano.a(libc_a-fflush.o)
 .bss           0x200004fc        0x0 /opt/st/stm32cubeide_1.19.0/plugins/com.st.stm32cube.ide.mcu.externaltools.gnu-tools-for-stm32.13.3.rel1.linux64_1.0.0.202410170706/tools/bin/../lib/gcc/arm-none-eabi/13.3.1/../../../../arm-none-eabi/lib/thumb/v8-m.main+fp/hard/libc_nano.a(libc_a-sbrkr.o)
 .bss           0x200004fc        0x0 /opt/st/stm32cubeide_1.19.0/plugins/com.st.stm32cube.ide.mcu.externaltools.gnu-tools-for-stm32.13.3.rel1.linux64_1.0.0.202410170706/tools/bin/../lib/gcc/arm-none-eabi/13.3.1/thumb/v8-m.main+fp/hard/libgcc.a(_aeabi_uldivmod.o)
 .bss           0x200004fc        0x0 /opt/st/stm32cubeide_1.19.0/plugins/com.st.stm32cube.ide.mcu.externaltools.gnu-tools-for-stm32.13.3.rel1.linux64_1.0.0.202410170706/tools/bin/../lib/gcc/arm-none-eabi/13.3.1/thumb/v8-m.main+fp/hard/libgcc.a(_udivmoddi4.o)
 .bss           0x200004fc        0x0 /opt/st/stm32cubeide_1.19.0/plugins/com.st.stm32cube.ide.mcu.externaltools.gnu-tools-for-stm32.13.3.rel1.linux64_1.0.0.202410170706/tools/bin/../lib/gcc/arm-none-eabi/13.3.1/thumb/v8-m.main+fp/hard/libgcc.a(_dvmd_tls.o)
 .bss           0x200004fc        0x0 /opt/st/stm32cubeide_1.19.0/plugins/com.st.stm32cube.ide.mcu.externaltools.gnu-tools-for-stm32.13.3.rel1.linux64_1.0.0.202410170706/tools/bin/../lib/gcc/arm-none-eabi/13.3.1/thumb/v8-m.main+fp/hard/crtend.o
 .bss           0x200004fc        0x0 /opt/st/stm32cubeide_1.19.0/plugins/com.st.stm32cube.ide.mcu.externaltools.gnu-tools-for-stm32.13.3.rel1.linux64_1.0.0.202410170706/tools/bin/../lib/gcc/arm-none-eabi/13.3.1/thumb/v8-m.main+fp/hard/crtn.o
 *(.bss*)
 .bss.ret       0x200004fc        0x1 ./Core/Src/main.o
                0x200004fc                ret
 *fill*         0x200004fd        0x3 
 .bss.rxbuf     0x20000500       0x64 ./Core/Src/main.o
                0x20000500                rxbuf
 .bss.rxbuf2    0x20000564       0x64 ./Core/Src/main.o
                0x20000564                rxbuf2
 .bss.hospi1    0x200005c8       0x5c ./Core/Src/octospi.o
                0x200005c8                hospi1
 .bss.__env     0x20000624        0x4 ./Core/Src/syscalls.o
                0x20000624                __env
 .bss.__sbrk_heap_end
                0x20000628        0x4 ./Core/Src/sysmem.o
 .bss.huart2    0x2000062c       0x94 ./Core/Src/usart.o
                0x2000062c                huart2
 .bss.uwTick    0x200006c0        0x4 ./Drivers/STM32U5xx_HAL_Driver/Src/stm32u5xx_hal.o
                0x200006c0                uwTick
 .bss.__sf      0x200006c4      0x138 /opt/st/stm32cubeide_1.19.0/plugins/com.st.stm32cube.ide.mcu.externaltools.gnu-tools-for-stm32.13.3.rel1.linux64_1.0.0.202410170706/tools/bin/../lib/gcc/arm-none-eabi/13.3.1/../../../../arm-none-eabi/lib/thumb/v8-m.main+fp/hard/libc_nano.a(libc_a-findfp.o)
                0x200006c4                __sf
 .bss.__stdio_exit_handler
                0x200007fc        0x4 /opt/st/stm32cubeide_1.19.0/plugins/com.st.stm32cube.ide.mcu.externaltools.gnu-tools-for-stm32.13.3.rel1.linux64_1.0.0.202410170706/tools/bin/../lib/gcc/arm-none-eabi/13.3.1/../../../../arm-none-eabi/lib/thumb/v8-m.main+fp/hard/libc_nano.a(libc_a-findfp.o)
                0x200007fc                __stdio_exit_handler
 .bss.errno     0x20000800        0x4 /opt/st/stm32cubeide_1.19.0/plugins/com.st.stm32cube.ide.mcu.externaltools.gnu-tools-for-stm32.13.3.rel1.linux64_1.0.0.202410170706/tools/bin/../lib/gcc/arm-none-eabi/13.3.1/../../../../arm-none-eabi/lib/thumb/v8-m.main+fp/hard/libc_nano.a(libc_a-reent.o)
                0x20000800                errno
 .bss.__lock___arc4random_mutex
                0x20000804        0x1 /opt/st/stm32cubeide_1.19.0/plugins/com.st.stm32cube.ide.mcu.externaltools.gnu-tools-for-stm32.13.3.rel1.linux64_1.0.0.202410170706/tools/bin/../lib/gcc/arm-none-eabi/13.3.1/../../../../arm-none-eabi/lib/thumb/v8-m.main+fp/hard/libc_nano.a(libc_a-lock.o)
                0x20000804                __lock___arc4random_mutex
 .bss.__lock___dd_hash_mutex
                0x20000805        0x1 /opt/st/stm32cubeide_1.19.0/plugins/com.st.stm32cube.ide.mcu.externaltools.gnu-tools-for-stm32.13.3.rel1.linux64_1.0.0.202410170706/tools/bin/../lib/gcc/arm-none-eabi/13.3.1/../../../../arm-none-eabi/lib/thumb/v8-m.main+fp/hard/libc_nano.a(libc_a-lock.o)
                0x20000805                __lock___dd_hash_mutex
 .bss.__lock___tz_mutex
                0x20000806        0x1 /opt/st/stm32cubeide_1.19.0/plugins/com.st.stm32cube.ide.mcu.externaltools.gnu-tools-for-stm32.13.3.rel1.linux64_1.0.0.202410170706/tools/bin/../lib/gcc/arm-none-eabi/13.3.1/../../../../arm-none-eabi/lib/thumb/v8-m.main+fp/hard/libc_nano.a(libc_a-lock.o)
                0x20000806                __lock___tz_mutex
 .bss.__lock___env_recursive_mutex
                0x20000807        0x1 /opt/st/stm32cubeide_1.19.0/plugins/com.st.stm32cube.ide.mcu.externaltools.gnu-tools-for-stm32.13.3.rel1.linux64_1.0.0.202410170706/tools/bin/../lib/gcc/arm-none-eabi/13.3.1/../../../../arm-none-eabi/lib/thumb/v8-m.main+fp/hard/libc_nano.a(libc_a-lock.o)
                0x20000807                __lock___env_recursive_mutex
 .bss.__lock___malloc_recursive_mutex
                0x20000808        0x1 /opt/st/stm32cubeide_1.19.0/plugins/com.st.stm32cube.ide.mcu.externaltools.gnu-tools-for-stm32.13.3.rel1.linux64_1.0.0.202410170706/tools/bin/../lib/gcc/arm-none-eabi/13.3.1/../../../../arm-none-eabi/lib/thumb/v8-m.main+fp/hard/libc_nano.a(libc_a-lock.o)
                0x20000808                __lock___malloc_recursive_mutex
 .bss.__lock___at_quick_exit_mutex
                0x20000809        0x1 /opt/st/stm32cubeide_1.19.0/plugins/com.st.stm32cube.ide.mcu.externaltools.gnu-tools-for-stm32.13.3.rel1.linux64_1.0.0.202410170706/tools/bin/../lib/gcc/arm-none-eabi/13.3.1/../../../../arm-none-eabi/lib/thumb/v8-m.main+fp/hard/libc_nano.a(libc_a-lock.o)
                0x20000809                __lock___at_quick_exit_mutex
 .bss.__lock___atexit_recursive_mutex
                0x2000080a        0x1 /opt/st/stm32cubeide_1.19.0/plugins/com.st.stm32cube.ide.mcu.externaltools.gnu-tools-for-stm32.13.3.rel1.linux64_1.0.0.202410170706/tools/bin/../lib/gcc/arm-none-eabi/13.3.1/../../../../arm-none-eabi/lib/thumb/v8-m.main+fp/hard/libc_nano.a(libc_a-lock.o)
                0x2000080a                __lock___atexit_recursive_mutex
 .bss.__lock___sfp_recursive_mutex
                0x2000080b        0x1 /opt/st/stm32cubeide_1.19.0/plugins/com.st.stm32cube.ide.mcu.externaltools.gnu-tools-for-stm32.13.3.rel1.linux64_1.0.0.202410170706/tools/bin/../lib/gcc/arm-none-eabi/13.3.1/../../../../arm-none-eabi/lib/thumb/v8-m.main+fp/hard/libc_nano.a(libc_a-lock.o)
                0x2000080b                __lock___sfp_recursive_mutex
 .bss.__malloc_sbrk_start
                0x2000080c        0x4 /opt/st/stm32cubeide_1.19.0/plugins/com.st.stm32cube.ide.mcu.externaltools.gnu-tools-for-stm32.13.3.rel1.linux64_1.0.0.202410170706/tools/bin/../lib/gcc/arm-none-eabi/13.3.1/../../../../arm-none-eabi/lib/thumb/v8-m.main+fp/hard/libc_nano.a(libc_a-mallocr.o)
                0x2000080c                __malloc_sbrk_start
 .bss.__malloc_free_list
                0x20000810        0x4 /opt/st/stm32cubeide_1.19.0/plugins/com.st.stm32cube.ide.mcu.externaltools.gnu-tools-for-stm32.13.3.rel1.linux64_1.0.0.202410170706/tools/bin/../lib/gcc/arm-none-eabi/13.3.1/../../../../arm-none-eabi/lib/thumb/v8-m.main+fp/hard/libc_nano.a(libc_a-mallocr.o)
                0x20000810                __malloc_free_list
 *(COMMON)
                0x20000814                        . = ALIGN (0x4)
                0x20000814                        _ebss = .
                0x20000814                        __bss_end__ = _ebss

.text           0x20000814    0x17e70
                0x20000814                        . = ALIGN (0x4)
 *(.text)
 .text          0x20000814        0x0 /opt/st/stm32cubeide_1.19.0/plugins/com.st.stm32cube.ide.mcu.externaltools.gnu-tools-for-stm32.13.3.rel1.linux64_1.0.0.202410170706/tools/bin/../lib/gcc/arm-none-eabi/13.3.1/thumb/v8-m.main+fp/hard/crti.o
 .text          0x20000814       0x40 /opt/st/stm32cubeide_1.19.0/plugins/com.st.stm32cube.ide.mcu.externaltools.gnu-tools-for-stm32.13.3.rel1.linux64_1.0.0.202410170706/tools/bin/../lib/gcc/arm-none-eabi/13.3.1/thumb/v8-m.main+fp/hard/crtbegin.o
 .text          0x20000854       0x7c /opt/st/stm32cubeide_1.19.0/plugins/com.st.stm32cube.ide.mcu.externaltools.gnu-tools-for-stm32.13.3.rel1.linux64_1.0.0.202410170706/tools/bin/../lib/gcc/arm-none-eabi/13.3.1/../../../../arm-none-eabi/lib/thumb/v8-m.main+fp/hard/crt0.o
                0x20000854                _stack_init
                0x2000085c                _mainCRTStartup
                0x2000085c                _start
 .text          0x200008d0        0x0 ./Core/Src/Dev_Inf.o
 .text          0x200008d0        0x0 ./Core/Src/Loader_Src.o
 .text          0x200008d0        0x0 ./Core/Src/gpio.o
 .text          0x200008d0        0x0 ./Core/Src/icache.o
 .text          0x200008d0        0x0 ./Core/Src/main.o
 .text          0x200008d0        0x0 ./Core/Src/octospi.o
 .text          0x200008d0        0x0 ./Core/Src/stm32u5xx_hal_msp.o
 .text          0x200008d0        0x0 ./Core/Src/stm32u5xx_it.o
 .text          0x200008d0        0x0 ./Core/Src/syscalls.o
 .text          0x200008d0        0x0 ./Core/Src/sysmem.o
 .text          0x200008d0        0x0 ./Core/Src/system_stm32u5xx.o
 .text          0x200008d0        0x0 ./Core/Src/usart.o
 .text          0x200008d0        0x0 ./Core/Src/w25q128jvsq.o
 .text          0x200008d0       0x14 ./Core/Startup/startup_stm32u575vgtx.o
 .text          0x200008e4        0x0 ./Drivers/STM32U5xx_HAL_Driver/Src/stm32u5xx_hal.o
 .text          0x200008e4        0x0 ./Drivers/STM32U5xx_HAL_Driver/Src/stm32u5xx_hal_cortex.o
 .text          0x200008e4        0x0 ./Drivers/STM32U5xx_HAL_Driver/Src/stm32u5xx_hal_dma.o
 .text          0x200008e4        0x0 ./Drivers/STM32U5xx_HAL_Driver/Src/stm32u5xx_hal_dma_ex.o
 .text          0x200008e4        0x0 ./Drivers/STM32U5xx_HAL_Driver/Src/stm32u5xx_hal_exti.o
 .text          0x200008e4        0x0 ./Drivers/STM32U5xx_HAL_Driver/Src/stm32u5xx_hal_flash.o
 .text          0x200008e4        0x0 ./Drivers/STM32U5xx_HAL_Driver/Src/stm32u5xx_hal_flash_ex.o
 .text          0x200008e4        0x0 ./Drivers/STM32U5xx_HAL_Driver/Src/stm32u5xx_hal_gpio.o
 .text          0x200008e4        0x0 ./Drivers/STM32U5xx_HAL_Driver/Src/stm32u5xx_hal_gtzc.o
 .text          0x200008e4        0x0 ./Drivers/STM32U5xx_HAL_Driver/Src/stm32u5xx_hal_i2c.o
 .text          0x200008e4        0x0 ./Drivers/STM32U5xx_HAL_Driver/Src/stm32u5xx_hal_i2c_ex.o
 .text          0x200008e4        0x0 ./Drivers/STM32U5xx_HAL_Driver/Src/stm32u5xx_hal_icache.o
 .text          0x200008e4        0x0 ./Drivers/STM32U5xx_HAL_Driver/Src/stm32u5xx_hal_ospi.o
 .text          0x200008e4        0x0 ./Drivers/STM32U5xx_HAL_Driver/Src/stm32u5xx_hal_pwr.o
 .text          0x200008e4        0x0 ./Drivers/STM32U5xx_HAL_Driver/Src/stm32u5xx_hal_pwr_ex.o
 .text          0x200008e4        0x0 ./Drivers/STM32U5xx_HAL_Driver/Src/stm32u5xx_hal_rcc.o
 .text          0x200008e4        0x0 ./Drivers/STM32U5xx_HAL_Driver/Src/stm32u5xx_hal_rcc_ex.o
 .text          0x200008e4        0x0 ./Drivers/STM32U5xx_HAL_Driver/Src/stm32u5xx_hal_uart.o
 .text          0x200008e4        0x0 ./Drivers/STM32U5xx_HAL_Driver/Src/stm32u5xx_hal_uart_ex.o
 .text          0x200008e4        0x0 ./Drivers/STM32U5xx_HAL_Driver/Src/stm32u5xx_ll_dlyb.o
 .text          0x200008e4        0x0 /opt/st/stm32cubeide_1.19.0/plugins/com.st.stm32cube.ide.mcu.externaltools.gnu-tools-for-stm32.13.3.rel1.linux64_1.0.0.202410170706/tools/bin/../lib/gcc/arm-none-eabi/13.3.1/../../../../arm-none-eabi/lib/thumb/v8-m.main+fp/hard/libc_nano.a(libc_a-exit.o)
 .text          0x200008e4        0x0 /opt/st/stm32cubeide_1.19.0/plugins/com.st.stm32cube.ide.mcu.externaltools.gnu-tools-for-stm32.13.3.rel1.linux64_1.0.0.202410170706/tools/bin/../lib/gcc/arm-none-eabi/13.3.1/../../../../arm-none-eabi/lib/thumb/v8-m.main+fp/hard/libc_nano.a(libc_a-findfp.o)
 .text          0x200008e4        0x0 /opt/st/stm32cubeide_1.19.0/plugins/com.st.stm32cube.ide.mcu.externaltools.gnu-tools-for-stm32.13.3.rel1.linux64_1.0.0.202410170706/tools/bin/../lib/gcc/arm-none-eabi/13.3.1/../../../../arm-none-eabi/lib/thumb/v8-m.main+fp/hard/libc_nano.a(libc_a-fwalk.o)
 .text          0x200008e4        0x0 /opt/st/stm32cubeide_1.19.0/plugins/com.st.stm32cube.ide.mcu.externaltools.gnu-tools-for-stm32.13.3.rel1.linux64_1.0.0.202410170706/tools/bin/../lib/gcc/arm-none-eabi/13.3.1/../../../../arm-none-eabi/lib/thumb/v8-m.main+fp/hard/libc_nano.a(libc_a-stdio.o)
 .text          0x200008e4        0x0 /opt/st/stm32cubeide_1.19.0/plugins/com.st.stm32cube.ide.mcu.externaltools.gnu-tools-for-stm32.13.3.rel1.linux64_1.0.0.202410170706/tools/bin/../lib/gcc/arm-none-eabi/13.3.1/../../../../arm-none-eabi/lib/thumb/v8-m.main+fp/hard/libc_nano.a(libc_a-memset.o)
 .text          0x200008e4        0x0 /opt/st/stm32cubeide_1.19.0/plugins/com.st.stm32cube.ide.mcu.externaltools.gnu-tools-for-stm32.13.3.rel1.linux64_1.0.0.202410170706/tools/bin/../lib/gcc/arm-none-eabi/13.3.1/../../../../arm-none-eabi/lib/thumb/v8-m.main+fp/hard/libc_nano.a(libc_a-closer.o)
 .text          0x200008e4        0x0 /opt/st/stm32cubeide_1.19.0/plugins/com.st.stm32cube.ide.mcu.externaltools.gnu-tools-for-stm32.13.3.rel1.linux64_1.0.0.202410170706/tools/bin/../lib/gcc/arm-none-eabi/13.3.1/../../../../arm-none-eabi/lib/thumb/v8-m.main+fp/hard/libc_nano.a(libc_a-reent.o)
 .text          0x200008e4        0x0 /opt/st/stm32cubeide_1.19.0/plugins/com.st.stm32cube.ide.mcu.externaltools.gnu-tools-for-stm32.13.3.rel1.linux64_1.0.0.202410170706/tools/bin/../lib/gcc/arm-none-eabi/13.3.1/../../../../arm-none-eabi/lib/thumb/v8-m.main+fp/hard/libc_nano.a(libc_a-impure.o)
 .text          0x200008e4        0x0 /opt/st/stm32cubeide_1.19.0/plugins/com.st.stm32cube.ide.mcu.externaltools.gnu-tools-for-stm32.13.3.rel1.linux64_1.0.0.202410170706/tools/bin/../lib/gcc/arm-none-eabi/13.3.1/../../../../arm-none-eabi/lib/thumb/v8-m.main+fp/hard/libc_nano.a(libc_a-lseekr.o)
 .text          0x200008e4        0x0 /opt/st/stm32cubeide_1.19.0/plugins/com.st.stm32cube.ide.mcu.externaltools.gnu-tools-for-stm32.13.3.rel1.linux64_1.0.0.202410170706/tools/bin/../lib/gcc/arm-none-eabi/13.3.1/../../../../arm-none-eabi/lib/thumb/v8-m.main+fp/hard/libc_nano.a(libc_a-readr.o)
 .text          0x200008e4        0x0 /opt/st/stm32cubeide_1.19.0/plugins/com.st.stm32cube.ide.mcu.externaltools.gnu-tools-for-stm32.13.3.rel1.linux64_1.0.0.202410170706/tools/bin/../lib/gcc/arm-none-eabi/13.3.1/../../../../arm-none-eabi/lib/thumb/v8-m.main+fp/hard/libc_nano.a(libc_a-writer.o)
 .text          0x200008e4        0x0 /opt/st/stm32cubeide_1.19.0/plugins/com.st.stm32cube.ide.mcu.externaltools.gnu-tools-for-stm32.13.3.rel1.linux64_1.0.0.202410170706/tools/bin/../lib/gcc/arm-none-eabi/13.3.1/../../../../arm-none-eabi/lib/thumb/v8-m.main+fp/hard/libc_nano.a(libc_a-errno.o)
 .text          0x200008e4        0x0 /opt/st/stm32cubeide_1.19.0/plugins/com.st.stm32cube.ide.mcu.externaltools.gnu-tools-for-stm32.13.3.rel1.linux64_1.0.0.202410170706/tools/bin/../lib/gcc/arm-none-eabi/13.3.1/../../../../arm-none-eabi/lib/thumb/v8-m.main+fp/hard/libc_nano.a(libc_a-init.o)
 .text          0x200008e4        0x0 /opt/st/stm32cubeide_1.19.0/plugins/com.st.stm32cube.ide.mcu.externaltools.gnu-tools-for-stm32.13.3.rel1.linux64_1.0.0.202410170706/tools/bin/../lib/gcc/arm-none-eabi/13.3.1/../../../../arm-none-eabi/lib/thumb/v8-m.main+fp/hard/libc_nano.a(libc_a-lock.o)
 .text          0x200008e4       0x10 /opt/st/stm32cubeide_1.19.0/plugins/com.st.stm32cube.ide.mcu.externaltools.gnu-tools-for-stm32.13.3.rel1.linux64_1.0.0.202410170706/tools/bin/../lib/gcc/arm-none-eabi/13.3.1/../../../../arm-none-eabi/lib/thumb/v8-m.main+fp/hard/libc_nano.a(libc_a-strlen.o)
                0x200008e4                strlen
 .text          0x200008f4        0x0 /opt/st/stm32cubeide_1.19.0/plugins/com.st.stm32cube.ide.mcu.externaltools.gnu-tools-for-stm32.13.3.rel1.linux64_1.0.0.202410170706/tools/bin/../lib/gcc/arm-none-eabi/13.3.1/../../../../arm-none-eabi/lib/thumb/v8-m.main+fp/hard/libc_nano.a(libc_a-freer.o)
 .text          0x200008f4        0x0 /opt/st/stm32cubeide_1.19.0/plugins/com.st.stm32cube.ide.mcu.externaltools.gnu-tools-for-stm32.13.3.rel1.linux64_1.0.0.202410170706/tools/bin/../lib/gcc/arm-none-eabi/13.3.1/../../../../arm-none-eabi/lib/thumb/v8-m.main+fp/hard/libc_nano.a(libc_a-mallocr.o)
 .text          0x200008f4        0x0 /opt/st/stm32cubeide_1.19.0/plugins/com.st.stm32cube.ide.mcu.externaltools.gnu-tools-for-stm32.13.3.rel1.linux64_1.0.0.202410170706/tools/bin/../lib/gcc/arm-none-eabi/13.3.1/../../../../arm-none-eabi/lib/thumb/v8-m.main+fp/hard/libc_nano.a(libc_a-mlock.o)
 .text          0x200008f4        0x0 /opt/st/stm32cubeide_1.19.0/plugins/com.st.stm32cube.ide.mcu.externaltools.gnu-tools-for-stm32.13.3.rel1.linux64_1.0.0.202410170706/tools/bin/../lib/gcc/arm-none-eabi/13.3.1/../../../../arm-none-eabi/lib/thumb/v8-m.main+fp/hard/libc_nano.a(libc_a-fflush.o)
 .text          0x200008f4        0x0 /opt/st/stm32cubeide_1.19.0/plugins/com.st.stm32cube.ide.mcu.externaltools.gnu-tools-for-stm32.13.3.rel1.linux64_1.0.0.202410170706/tools/bin/../lib/gcc/arm-none-eabi/13.3.1/../../../../arm-none-eabi/lib/thumb/v8-m.main+fp/hard/libc_nano.a(libc_a-sbrkr.o)
 .text          0x200008f4       0x30 /opt/st/stm32cubeide_1.19.0/plugins/com.st.stm32cube.ide.mcu.externaltools.gnu-tools-for-stm32.13.3.rel1.linux64_1.0.0.202410170706/tools/bin/../lib/gcc/arm-none-eabi/13.3.1/thumb/v8-m.main+fp/hard/libgcc.a(_aeabi_uldivmod.o)
                0x200008f4                __aeabi_uldivmod
 .text          0x20000924      0x348 /opt/st/stm32cubeide_1.19.0/plugins/com.st.stm32cube.ide.mcu.externaltools.gnu-tools-for-stm32.13.3.rel1.linux64_1.0.0.202410170706/tools/bin/../lib/gcc/arm-none-eabi/13.3.1/thumb/v8-m.main+fp/hard/libgcc.a(_udivmoddi4.o)
                0x20000924                __udivmoddi4
 .text          0x20000c6c        0x4 /opt/st/stm32cubeide_1.19.0/plugins/com.st.stm32cube.ide.mcu.externaltools.gnu-tools-for-stm32.13.3.rel1.linux64_1.0.0.202410170706/tools/bin/../lib/gcc/arm-none-eabi/13.3.1/thumb/v8-m.main+fp/hard/libgcc.a(_dvmd_tls.o)
                0x20000c6c                __aeabi_ldiv0
                0x20000c6c                __aeabi_idiv0
 .text          0x20000c70        0x0 /opt/st/stm32cubeide_1.19.0/plugins/com.st.stm32cube.ide.mcu.externaltools.gnu-tools-for-stm32.13.3.rel1.linux64_1.0.0.202410170706/tools/bin/../lib/gcc/arm-none-eabi/13.3.1/thumb/v8-m.main+fp/hard/crtend.o
 .text          0x20000c70        0x0 /opt/st/stm32cubeide_1.19.0/plugins/com.st.stm32cube.ide.mcu.externaltools.gnu-tools-for-stm32.13.3.rel1.linux64_1.0.0.202410170706/tools/bin/../lib/gcc/arm-none-eabi/13.3.1/thumb/v8-m.main+fp/hard/crtn.o
 *(.text*)
 .text.Init     0x20000c70       0xc4 ./Core/Src/Loader_Src.o
                0x20000c70                Init
 .text.Write    0x20000d34       0x90 ./Core/Src/Loader_Src.o
                0x20000d34                Write
 .text.SectorErase
                0x20000dc4       0x7c ./Core/Src/Loader_Src.o
                0x20000dc4                SectorErase
 .text.MassErase
                0x20000e40       0x40 ./Core/Src/Loader_Src.o
                0x20000e40                MassErase
 .text.CheckSum
                0x20000e80      0x1c6 ./Core/Src/Loader_Src.o
                0x20000e80                CheckSum
 *fill*         0x20001046        0x2 
 .text.Verify   0x20001048       0xf4 ./Core/Src/Loader_Src.o
                0x20001048                Verify
 .text.MX_GPIO_Init
                0x2000113c       0x70 ./Core/Src/gpio.o
                0x2000113c                MX_GPIO_Init
 .text.MX_ICACHE_Init
                0x200011ac       0x16 ./Core/Src/icache.o
                0x200011ac                MX_ICACHE_Init
 .text.main     0x200011c2       0x20 ./Core/Src/main.o
                0x200011c2                main
 .text.SystemClock_Config
                0x200011e2       0xb8 ./Core/Src/main.o
                0x200011e2                SystemClock_Config
 .text.Error_Handler
                0x2000129a        0xc ./Core/Src/main.o
                0x2000129a                Error_Handler
 *fill*         0x200012a6        0x2 
 .text.MX_OCTOSPI1_Init
                0x200012a8       0xbc ./Core/Src/octospi.o
                0x200012a8                MX_OCTOSPI1_Init
 .text.HAL_OSPI_MspInit
                0x20001364      0x1b4 ./Core/Src/octospi.o
                0x20001364                HAL_OSPI_MspInit
 .text.HAL_OSPI_MspDeInit
                0x20001518       0x68 ./Core/Src/octospi.o
                0x20001518                HAL_OSPI_MspDeInit
 .text.HAL_MspInit
                0x20001580       0x40 ./Core/Src/stm32u5xx_hal_msp.o
                0x20001580                HAL_MspInit
 .text.NMI_Handler
                0x200015c0        0x8 ./Core/Src/stm32u5xx_it.o
                0x200015c0                NMI_Handler
 .text.HardFault_Handler
                0x200015c8        0x8 ./Core/Src/stm32u5xx_it.o
                0x200015c8                HardFault_Handler
 .text.MemManage_Handler
                0x200015d0        0x8 ./Core/Src/stm32u5xx_it.o
                0x200015d0                MemManage_Handler
 .text.BusFault_Handler
                0x200015d8        0x8 ./Core/Src/stm32u5xx_it.o
                0x200015d8                BusFault_Handler
 .text.UsageFault_Handler
                0x200015e0        0x8 ./Core/Src/stm32u5xx_it.o
                0x200015e0                UsageFault_Handler
 .text.SVC_Handler
                0x200015e8        0xe ./Core/Src/stm32u5xx_it.o
                0x200015e8                SVC_Handler
 .text.DebugMon_Handler
                0x200015f6        0xe ./Core/Src/stm32u5xx_it.o
                0x200015f6                DebugMon_Handler
 .text.PendSV_Handler
                0x20001604        0xe ./Core/Src/stm32u5xx_it.o
                0x20001604                PendSV_Handler
 .text.SysTick_Handler
                0x20001612        0xc ./Core/Src/stm32u5xx_it.o
                0x20001612                SysTick_Handler
 .text.ICACHE_IRQHandler
                0x2000161e        0xc ./Core/Src/stm32u5xx_it.o
                0x2000161e                ICACHE_IRQHandler
 .text.initialise_monitor_handles
                0x2000162a        0xe ./Core/Src/syscalls.o
                0x2000162a                initialise_monitor_handles
 .text._getpid  0x20001638       0x10 ./Core/Src/syscalls.o
                0x20001638                _getpid
 .text._kill    0x20001648       0x20 ./Core/Src/syscalls.o
                0x20001648                _kill
 .text._exit    0x20001668       0x16 ./Core/Src/syscalls.o
                0x20001668                _exit
 .text._read    0x2000167e       0x3a ./Core/Src/syscalls.o
                0x2000167e                _read
 .text._write   0x200016b8       0x38 ./Core/Src/syscalls.o
                0x200016b8                _write
 .text._close   0x200016f0       0x18 ./Core/Src/syscalls.o
                0x200016f0                _close
 .text._fstat   0x20001708       0x20 ./Core/Src/syscalls.o
                0x20001708                _fstat
 .text._isatty  0x20001728       0x16 ./Core/Src/syscalls.o
                0x20001728                _isatty
 .text._lseek   0x2000173e       0x1a ./Core/Src/syscalls.o
                0x2000173e                _lseek
 .text._open    0x20001758       0x1c ./Core/Src/syscalls.o
                0x20001758                _open
 .text._wait    0x20001774       0x1e ./Core/Src/syscalls.o
                0x20001774                _wait
 .text._unlink  0x20001792       0x1e ./Core/Src/syscalls.o
                0x20001792                _unlink
 .text._times   0x200017b0       0x18 ./Core/Src/syscalls.o
                0x200017b0                _times
 .text._stat    0x200017c8       0x20 ./Core/Src/syscalls.o
                0x200017c8                _stat
 .text._link    0x200017e8       0x20 ./Core/Src/syscalls.o
                0x200017e8                _link
 .text._fork    0x20001808       0x16 ./Core/Src/syscalls.o
                0x20001808                _fork
 .text._execve  0x2000181e       0x22 ./Core/Src/syscalls.o
                0x2000181e                _execve
 .text._sbrk    0x20001840       0x6c ./Core/Src/sysmem.o
                0x20001840                _sbrk
 .text.SystemInit
                0x200018ac       0x70 ./Core/Src/system_stm32u5xx.o
                0x200018ac                SystemInit
 .text.SystemCoreClockUpdate
                0x2000191c      0x1f0 ./Core/Src/system_stm32u5xx.o
                0x2000191c                SystemCoreClockUpdate
 .text.MX_USART2_UART_Init
                0x20001b0c       0x98 ./Core/Src/usart.o
                0x20001b0c                MX_USART2_UART_Init
 .text.HAL_UART_MspInit
                0x20001ba4       0xd0 ./Core/Src/usart.o
                0x20001ba4                HAL_UART_MspInit
 .text.HAL_UART_MspDeInit
                0x20001c74       0x40 ./Core/Src/usart.o
                0x20001c74                HAL_UART_MspDeInit
 .text.USART_Println
                0x20001cb4       0x3c ./Core/Src/usart.o
                0x20001cb4                USART_Println
 .text.ospi_command_default_init
                0x20001cf0       0x6a ./Core/Src/w25q128jvsq.o
 .text.W25Q128_OCTO_SPI_Init
                0x20001d5a       0x6e ./Core/Src/w25q128jvsq.o
                0x20001d5a                W25Q128_OCTO_SPI_Init
 .text.W25Q128_OSPI_ResetChip
                0x20001dc8       0x98 ./Core/Src/w25q128jvsq.o
                0x20001dc8                W25Q128_OSPI_ResetChip
 .text.W25Q128_OSPI_Configuration
                0x20001e60      0x10c ./Core/Src/w25q128jvsq.o
                0x20001e60                W25Q128_OSPI_Configuration
 .text.W25Q128_OSPI_WriteEnable
                0x20001f6c       0xbc ./Core/Src/w25q128jvsq.o
                0x20001f6c                W25Q128_OSPI_WriteEnable
 .text.W25Q128_OSPI_AutoPollingMemReady
                0x20002028       0x80 ./Core/Src/w25q128jvsq.o
                0x20002028                W25Q128_OSPI_AutoPollingMemReady
 .text.W25Q128_OSPI_Erase_Chip
                0x200020a8       0x8e ./Core/Src/w25q128jvsq.o
                0x200020a8                W25Q128_OSPI_Erase_Chip
 .text.W25Q128_OSPI_EraseSector
                0x20002136       0xa4 ./Core/Src/w25q128jvsq.o
                0x20002136                W25Q128_OSPI_EraseSector
 .text.W25Q128_OSPI_Write
                0x200021da      0x124 ./Core/Src/w25q128jvsq.o
                0x200021da                W25Q128_OSPI_Write
 .text.W25Q128_OSPI_Read
                0x200022fe       0x7c ./Core/Src/w25q128jvsq.o
                0x200022fe                W25Q128_OSPI_Read
 .text.W25Q128_OSPI_EnableMemoryMappedMode
                0x2000237a      0x124 ./Core/Src/w25q128jvsq.o
                0x2000237a                W25Q128_OSPI_EnableMemoryMappedMode
 .text.W25Q128_IsBusy
                0x2000249e       0x46 ./Core/Src/w25q128jvsq.o
                0x2000249e                W25Q128_IsBusy
 .text.W25Q128_Read_Status_Registers
                0x200024e4       0xa2 ./Core/Src/w25q128jvsq.o
                0x200024e4                W25Q128_Read_Status_Registers
 .text.W25Q128_Write_Status_Registers
                0x20002586      0x118 ./Core/Src/w25q128jvsq.o
                0x20002586                W25Q128_Write_Status_Registers
 *fill*         0x2000269e        0x2 
 .text.Reset_Handler
                0x200026a0       0x50 ./Core/Startup/startup_stm32u575vgtx.o
                0x200026a0                Reset_Handler
 .text.Default_Handler
                0x200026f0        0x2 ./Core/Startup/startup_stm32u575vgtx.o
                0x200026f0                EXTI2_IRQHandler
                0x200026f0                TIM8_TRG_COM_IRQHandler
                0x200026f0                TIM8_CC_IRQHandler
                0x200026f0                EXTI5_IRQHandler
                0x200026f0                FLASH_S_IRQHandler
                0x200026f0                EXTI13_IRQHandler
                0x200026f0                TIM1_CC_IRQHandler
                0x200026f0                TSC_IRQHandler
                0x200026f0                TAMP_IRQHandler
                0x200026f0                TIM6_IRQHandler
                0x200026f0                EXTI12_IRQHandler
                0x200026f0                CORDIC_IRQHandler
                0x200026f0                EXTI3_IRQHandler
                0x200026f0                LPTIM4_IRQHandler
                0x200026f0                GPDMA1_Channel5_IRQHandler
                0x200026f0                EXTI8_IRQHandler
                0x200026f0                LPTIM2_IRQHandler
                0x200026f0                I2C3_ER_IRQHandler
                0x200026f0                PWR_S3WU_IRQHandler
                0x200026f0                MDF1_FLT2_IRQHandler
                0x200026f0                LPDMA1_Channel3_IRQHandler
                0x200026f0                LPTIM3_IRQHandler
                0x200026f0                EXTI0_IRQHandler
                0x200026f0                I2C2_EV_IRQHandler
                0x200026f0                FPU_IRQHandler
                0x200026f0                GPDMA1_Channel3_IRQHandler
                0x200026f0                GPDMA1_Channel7_IRQHandler
                0x200026f0                MDF1_FLT4_IRQHandler
                0x200026f0                FDCAN1_IT1_IRQHandler
                0x200026f0                RAMCFG_IRQHandler
                0x200026f0                GPDMA1_Channel9_IRQHandler
                0x200026f0                DCACHE1_IRQHandler
                0x200026f0                SPI1_IRQHandler
                0x200026f0                OCTOSPI1_IRQHandler
                0x200026f0                GPDMA1_Channel2_IRQHandler
                0x200026f0                TIM8_UP_IRQHandler
                0x200026f0                RCC_S_IRQHandler
                0x200026f0                OCTOSPI2_IRQHandler
                0x200026f0                SAI2_IRQHandler
                0x200026f0                MDF1_FLT1_IRQHandler
                0x200026f0                ADC1_IRQHandler
                0x200026f0                MDF1_FLT5_IRQHandler
                0x200026f0                EXTI15_IRQHandler
                0x200026f0                TIM17_IRQHandler
                0x200026f0                USART3_IRQHandler
                0x200026f0                RTC_IRQHandler
                0x200026f0                EXTI9_IRQHandler
                0x200026f0                UART5_IRQHandler
                0x200026f0                TIM4_IRQHandler
                0x200026f0                I2C1_EV_IRQHandler
                0x200026f0                GPDMA1_Channel12_IRQHandler
                0x200026f0                GPDMA1_Channel1_IRQHandler
                0x200026f0                TIM16_IRQHandler
                0x200026f0                GPDMA1_Channel15_IRQHandler
                0x200026f0                UART4_IRQHandler
                0x200026f0                SecureFault_Handler
                0x200026f0                TIM3_IRQHandler
                0x200026f0                RCC_IRQHandler
                0x200026f0                TIM1_TRG_COM_IRQHandler
                0x200026f0                Default_Handler
                0x200026f0                GPDMA1_Channel8_IRQHandler
                0x200026f0                FMAC_IRQHandler
                0x200026f0                GPDMA1_Channel11_IRQHandler
                0x200026f0                TIM7_IRQHandler
                0x200026f0                SDMMC1_IRQHandler
                0x200026f0                TIM5_IRQHandler
                0x200026f0                UCPD1_IRQHandler
                0x200026f0                GPDMA1_Channel0_IRQHandler
                0x200026f0                TIM15_IRQHandler
                0x200026f0                I2C3_EV_IRQHandler
                0x200026f0                LPDMA1_Channel0_IRQHandler
                0x200026f0                PVD_PVM_IRQHandler
                0x200026f0                SPI2_IRQHandler
                0x200026f0                LPDMA1_Channel1_IRQHandler
                0x200026f0                EXTI14_IRQHandler
                0x200026f0                EXTI11_IRQHandler
                0x200026f0                CRS_IRQHandler
                0x200026f0                GPDMA1_Channel14_IRQHandler
                0x200026f0                LSECSSD_IRQHandler
                0x200026f0                EXTI4_IRQHandler
                0x200026f0                RTC_S_IRQHandler
                0x200026f0                GPDMA1_Channel13_IRQHandler
                0x200026f0                RNG_IRQHandler
                0x200026f0                COMP_IRQHandler
                0x200026f0                TIM1_UP_IRQHandler
                0x200026f0                ADC4_IRQHandler
                0x200026f0                WWDG_IRQHandler
                0x200026f0                I2C4_EV_IRQHandler
                0x200026f0                ADF1_IRQHandler
                0x200026f0                IWDG_IRQHandler
                0x200026f0                LPUART1_IRQHandler
                0x200026f0                MDF1_FLT0_IRQHandler
                0x200026f0                FDCAN1_IT0_IRQHandler
                0x200026f0                TIM2_IRQHandler
                0x200026f0                GPDMA1_Channel4_IRQHandler
                0x200026f0                EXTI7_IRQHandler
                0x200026f0                DMA2D_IRQHandler
                0x200026f0                TIM1_BRK_IRQHandler
                0x200026f0                EXTI1_IRQHandler
                0x200026f0                SDMMC2_IRQHandler
                0x200026f0                DAC1_IRQHandler
                0x200026f0                GTZC_IRQHandler
                0x200026f0                MDF1_FLT3_IRQHandler
                0x200026f0                USART2_IRQHandler
                0x200026f0                GPDMA1_Channel6_IRQHandler
                0x200026f0                I2C2_ER_IRQHandler
                0x200026f0                TIM8_BRK_IRQHandler
                0x200026f0                FLASH_IRQHandler
                0x200026f0                USART1_IRQHandler
                0x200026f0                EXTI10_IRQHandler
                0x200026f0                OTG_FS_IRQHandler
                0x200026f0                SPI3_IRQHandler
                0x200026f0                LPDMA1_Channel2_IRQHandler
                0x200026f0                I2C1_ER_IRQHandler
                0x200026f0                FMC_IRQHandler
                0x200026f0                EXTI6_IRQHandler
                0x200026f0                LPTIM1_IRQHandler
                0x200026f0                DCMI_PSSI_IRQHandler
                0x200026f0                I2C4_ER_IRQHandler
                0x200026f0                GPDMA1_Channel10_IRQHandler
                0x200026f0                SAI1_IRQHandler
                0x200026f0                HASH_IRQHandler
 *fill*         0x200026f2        0x2 
 .text.HAL_Init
                0x200026f4       0x60 ./Drivers/STM32U5xx_HAL_Driver/Src/stm32u5xx_hal.o
                0x200026f4                HAL_Init
 .text.HAL_DeInit
                0x20002754       0x80 ./Drivers/STM32U5xx_HAL_Driver/Src/stm32u5xx_hal.o
                0x20002754                HAL_DeInit
 .text.HAL_MspInit
                0x200027d4        0xe ./Drivers/STM32U5xx_HAL_Driver/Src/stm32u5xx_hal.o
 .text.HAL_MspDeInit
                0x200027e2        0xe ./Drivers/STM32U5xx_HAL_Driver/Src/stm32u5xx_hal.o
                0x200027e2                HAL_MspDeInit
 .text.HAL_InitTick
                0x200027f0       0xec ./Drivers/STM32U5xx_HAL_Driver/Src/stm32u5xx_hal.o
                0x200027f0                HAL_InitTick
 .text.HAL_IncTick
                0x200028dc       0x28 ./Drivers/STM32U5xx_HAL_Driver/Src/stm32u5xx_hal.o
                0x200028dc                HAL_IncTick
 .text.HAL_GetTick
                0x20002904       0x18 ./Drivers/STM32U5xx_HAL_Driver/Src/stm32u5xx_hal.o
                0x20002904                HAL_GetTick
 .text.HAL_GetTickPrio
                0x2000291c       0x18 ./Drivers/STM32U5xx_HAL_Driver/Src/stm32u5xx_hal.o
                0x2000291c                HAL_GetTickPrio
 .text.HAL_SetTickFreq
                0x20002934       0x50 ./Drivers/STM32U5xx_HAL_Driver/Src/stm32u5xx_hal.o
                0x20002934                HAL_SetTickFreq
 .text.HAL_GetTickFreq
                0x20002984       0x18 ./Drivers/STM32U5xx_HAL_Driver/Src/stm32u5xx_hal.o
                0x20002984                HAL_GetTickFreq
 .text.HAL_Delay
                0x2000299c       0x48 ./Drivers/STM32U5xx_HAL_Driver/Src/stm32u5xx_hal.o
                0x2000299c                HAL_Delay
 .text.HAL_SuspendTick
                0x200029e4       0x20 ./Drivers/STM32U5xx_HAL_Driver/Src/stm32u5xx_hal.o
                0x200029e4                HAL_SuspendTick
 .text.HAL_ResumeTick
                0x20002a04       0x20 ./Drivers/STM32U5xx_HAL_Driver/Src/stm32u5xx_hal.o
                0x20002a04                HAL_ResumeTick
 .text.HAL_GetHalVersion
                0x20002a24       0x14 ./Drivers/STM32U5xx_HAL_Driver/Src/stm32u5xx_hal.o
                0x20002a24                HAL_GetHalVersion
 .text.HAL_GetREVID
                0x20002a38       0x1c ./Drivers/STM32U5xx_HAL_Driver/Src/stm32u5xx_hal.o
                0x20002a38                HAL_GetREVID
 .text.HAL_GetDEVID
                0x20002a54       0x1c ./Drivers/STM32U5xx_HAL_Driver/Src/stm32u5xx_hal.o
                0x20002a54                HAL_GetDEVID
 .text.HAL_GetUIDw0
                0x20002a70       0x18 ./Drivers/STM32U5xx_HAL_Driver/Src/stm32u5xx_hal.o
                0x20002a70                HAL_GetUIDw0
 .text.HAL_GetUIDw1
                0x20002a88       0x18 ./Drivers/STM32U5xx_HAL_Driver/Src/stm32u5xx_hal.o
                0x20002a88                HAL_GetUIDw1
 .text.HAL_GetUIDw2
                0x20002aa0       0x18 ./Drivers/STM32U5xx_HAL_Driver/Src/stm32u5xx_hal.o
                0x20002aa0                HAL_GetUIDw2
 .text.HAL_DBGMCU_EnableDBGStopMode
                0x20002ab8       0x20 ./Drivers/STM32U5xx_HAL_Driver/Src/stm32u5xx_hal.o
                0x20002ab8                HAL_DBGMCU_EnableDBGStopMode
 .text.HAL_DBGMCU_DisableDBGStopMode
                0x20002ad8       0x20 ./Drivers/STM32U5xx_HAL_Driver/Src/stm32u5xx_hal.o
                0x20002ad8                HAL_DBGMCU_DisableDBGStopMode
 .text.HAL_DBGMCU_EnableDBGStandbyMode
                0x20002af8       0x20 ./Drivers/STM32U5xx_HAL_Driver/Src/stm32u5xx_hal.o
                0x20002af8                HAL_DBGMCU_EnableDBGStandbyMode
 .text.HAL_DBGMCU_DisableDBGStandbyMode
                0x20002b18       0x20 ./Drivers/STM32U5xx_HAL_Driver/Src/stm32u5xx_hal.o
                0x20002b18                HAL_DBGMCU_DisableDBGStandbyMode
 .text.HAL_SYSCFG_VREFBUF_VoltageScalingConfig
                0x20002b38       0x28 ./Drivers/STM32U5xx_HAL_Driver/Src/stm32u5xx_hal.o
                0x20002b38                HAL_SYSCFG_VREFBUF_VoltageScalingConfig
 .text.HAL_SYSCFG_VREFBUF_HighImpedanceConfig
                0x20002b60       0x28 ./Drivers/STM32U5xx_HAL_Driver/Src/stm32u5xx_hal.o
                0x20002b60                HAL_SYSCFG_VREFBUF_HighImpedanceConfig
 .text.HAL_SYSCFG_VREFBUF_TrimmingConfig
                0x20002b88       0x28 ./Drivers/STM32U5xx_HAL_Driver/Src/stm32u5xx_hal.o
                0x20002b88                HAL_SYSCFG_VREFBUF_TrimmingConfig
 .text.HAL_SYSCFG_EnableVREFBUF
                0x20002bb0       0x48 ./Drivers/STM32U5xx_HAL_Driver/Src/stm32u5xx_hal.o
                0x20002bb0                HAL_SYSCFG_EnableVREFBUF
 .text.HAL_SYSCFG_DisableVREFBUF
                0x20002bf8       0x20 ./Drivers/STM32U5xx_HAL_Driver/Src/stm32u5xx_hal.o
                0x20002bf8                HAL_SYSCFG_DisableVREFBUF
 .text.HAL_SYSCFG_EnableIOAnalogBooster
                0x20002c18       0x20 ./Drivers/STM32U5xx_HAL_Driver/Src/stm32u5xx_hal.o
                0x20002c18                HAL_SYSCFG_EnableIOAnalogBooster
 .text.HAL_SYSCFG_DisableIOAnalogBooster
                0x20002c38       0x20 ./Drivers/STM32U5xx_HAL_Driver/Src/stm32u5xx_hal.o
                0x20002c38                HAL_SYSCFG_DisableIOAnalogBooster
 .text.HAL_SYSCFG_EnableIOAnalogVoltageSelection
                0x20002c58       0x20 ./Drivers/STM32U5xx_HAL_Driver/Src/stm32u5xx_hal.o
                0x20002c58                HAL_SYSCFG_EnableIOAnalogVoltageSelection
 .text.HAL_SYSCFG_DisableIOAnalogVoltageSelection
                0x20002c78       0x20 ./Drivers/STM32U5xx_HAL_Driver/Src/stm32u5xx_hal.o
                0x20002c78                HAL_SYSCFG_DisableIOAnalogVoltageSelection
 .text.HAL_SYSCFG_EnableVddCompensationCell
                0x20002c98       0x20 ./Drivers/STM32U5xx_HAL_Driver/Src/stm32u5xx_hal.o
                0x20002c98                HAL_SYSCFG_EnableVddCompensationCell
 .text.HAL_SYSCFG_EnableVddIO2CompensationCell
                0x20002cb8       0x20 ./Drivers/STM32U5xx_HAL_Driver/Src/stm32u5xx_hal.o
                0x20002cb8                HAL_SYSCFG_EnableVddIO2CompensationCell
 .text.HAL_SYSCFG_DisableVddCompensationCell
                0x20002cd8       0x20 ./Drivers/STM32U5xx_HAL_Driver/Src/stm32u5xx_hal.o
                0x20002cd8                HAL_SYSCFG_DisableVddCompensationCell
 .text.HAL_SYSCFG_DisableVddIO2CompensationCell
                0x20002cf8       0x20 ./Drivers/STM32U5xx_HAL_Driver/Src/stm32u5xx_hal.o
                0x20002cf8                HAL_SYSCFG_DisableVddIO2CompensationCell
 .text.HAL_SYSCFG_Lock
                0x20002d18       0x20 ./Drivers/STM32U5xx_HAL_Driver/Src/stm32u5xx_hal.o
                0x20002d18                HAL_SYSCFG_Lock
 .text.HAL_SYSCFG_GetLock
                0x20002d38       0x30 ./Drivers/STM32U5xx_HAL_Driver/Src/stm32u5xx_hal.o
                0x20002d38                HAL_SYSCFG_GetLock
 .text.__NVIC_SetPriorityGrouping
                0x20002d68       0x48 ./Drivers/STM32U5xx_HAL_Driver/Src/stm32u5xx_hal_cortex.o
 .text.__NVIC_GetPriorityGrouping
                0x20002db0       0x1c ./Drivers/STM32U5xx_HAL_Driver/Src/stm32u5xx_hal_cortex.o
 .text.__NVIC_EnableIRQ
                0x20002dcc       0x3c ./Drivers/STM32U5xx_HAL_Driver/Src/stm32u5xx_hal_cortex.o
 .text.__NVIC_DisableIRQ
                0x20002e08       0x48 ./Drivers/STM32U5xx_HAL_Driver/Src/stm32u5xx_hal_cortex.o
 .text.__NVIC_GetPendingIRQ
                0x20002e50       0x44 ./Drivers/STM32U5xx_HAL_Driver/Src/stm32u5xx_hal_cortex.o
 .text.__NVIC_SetPendingIRQ
                0x20002e94       0x3c ./Drivers/STM32U5xx_HAL_Driver/Src/stm32u5xx_hal_cortex.o
 .text.__NVIC_ClearPendingIRQ
                0x20002ed0       0x3c ./Drivers/STM32U5xx_HAL_Driver/Src/stm32u5xx_hal_cortex.o
 .text.__NVIC_GetActive
                0x20002f0c       0x44 ./Drivers/STM32U5xx_HAL_Driver/Src/stm32u5xx_hal_cortex.o
 .text.__NVIC_SetPriority
                0x20002f50       0x54 ./Drivers/STM32U5xx_HAL_Driver/Src/stm32u5xx_hal_cortex.o
 .text.__NVIC_GetPriority
                0x20002fa4       0x50 ./Drivers/STM32U5xx_HAL_Driver/Src/stm32u5xx_hal_cortex.o
 .text.NVIC_EncodePriority
                0x20002ff4       0x66 ./Drivers/STM32U5xx_HAL_Driver/Src/stm32u5xx_hal_cortex.o
 .text.NVIC_DecodePriority
                0x2000305a       0x6e ./Drivers/STM32U5xx_HAL_Driver/Src/stm32u5xx_hal_cortex.o
 .text.__NVIC_SystemReset
                0x200030c8       0x2c ./Drivers/STM32U5xx_HAL_Driver/Src/stm32u5xx_hal_cortex.o
 .text.HAL_NVIC_SetPriorityGrouping
                0x200030f4       0x16 ./Drivers/STM32U5xx_HAL_Driver/Src/stm32u5xx_hal_cortex.o
                0x200030f4                HAL_NVIC_SetPriorityGrouping
 .text.HAL_NVIC_SetPriority
                0x2000310a       0x34 ./Drivers/STM32U5xx_HAL_Driver/Src/stm32u5xx_hal_cortex.o
                0x2000310a                HAL_NVIC_SetPriority
 .text.HAL_NVIC_EnableIRQ
                0x2000313e       0x1c ./Drivers/STM32U5xx_HAL_Driver/Src/stm32u5xx_hal_cortex.o
                0x2000313e                HAL_NVIC_EnableIRQ
 .text.HAL_NVIC_DisableIRQ
                0x2000315a       0x1c ./Drivers/STM32U5xx_HAL_Driver/Src/stm32u5xx_hal_cortex.o
                0x2000315a                HAL_NVIC_DisableIRQ
 .text.HAL_NVIC_SystemReset
                0x20003176        0x8 ./Drivers/STM32U5xx_HAL_Driver/Src/stm32u5xx_hal_cortex.o
                0x20003176                HAL_NVIC_SystemReset
 *fill*         0x2000317e        0x2 
 .text.HAL_SYSTICK_Config
                0x20003180       0x44 ./Drivers/STM32U5xx_HAL_Driver/Src/stm32u5xx_hal_cortex.o
                0x20003180                HAL_SYSTICK_Config
 .text.HAL_NVIC_GetPriorityGrouping
                0x200031c4        0xe ./Drivers/STM32U5xx_HAL_Driver/Src/stm32u5xx_hal_cortex.o
                0x200031c4                HAL_NVIC_GetPriorityGrouping
 .text.HAL_NVIC_GetPriority
                0x200031d2       0x2c ./Drivers/STM32U5xx_HAL_Driver/Src/stm32u5xx_hal_cortex.o
                0x200031d2                HAL_NVIC_GetPriority
 .text.HAL_NVIC_SetPendingIRQ
                0x200031fe       0x1c ./Drivers/STM32U5xx_HAL_Driver/Src/stm32u5xx_hal_cortex.o
                0x200031fe                HAL_NVIC_SetPendingIRQ
 .text.HAL_NVIC_GetPendingIRQ
                0x2000321a       0x1e ./Drivers/STM32U5xx_HAL_Driver/Src/stm32u5xx_hal_cortex.o
                0x2000321a                HAL_NVIC_GetPendingIRQ
 .text.HAL_NVIC_ClearPendingIRQ
                0x20003238       0x1c ./Drivers/STM32U5xx_HAL_Driver/Src/stm32u5xx_hal_cortex.o
                0x20003238                HAL_NVIC_ClearPendingIRQ
 .text.HAL_NVIC_GetActive
                0x20003254       0x1e ./Drivers/STM32U5xx_HAL_Driver/Src/stm32u5xx_hal_cortex.o
                0x20003254                HAL_NVIC_GetActive
 *fill*         0x20003272        0x2 
 .text.HAL_SYSTICK_CLKSourceConfig
                0x20003274       0xb0 ./Drivers/STM32U5xx_HAL_Driver/Src/stm32u5xx_hal_cortex.o
                0x20003274                HAL_SYSTICK_CLKSourceConfig
 .text.HAL_SYSTICK_GetCLKSourceConfig
                0x20003324       0x74 ./Drivers/STM32U5xx_HAL_Driver/Src/stm32u5xx_hal_cortex.o
                0x20003324                HAL_SYSTICK_GetCLKSourceConfig
 .text.HAL_SYSTICK_IRQHandler
                0x20003398        0xc ./Drivers/STM32U5xx_HAL_Driver/Src/stm32u5xx_hal_cortex.o
                0x20003398                HAL_SYSTICK_IRQHandler
 .text.HAL_SYSTICK_Callback
                0x200033a4        0xe ./Drivers/STM32U5xx_HAL_Driver/Src/stm32u5xx_hal_cortex.o
                0x200033a4                HAL_SYSTICK_Callback
 *fill*         0x200033b2        0x2 
 .text.HAL_MPU_Enable
                0x200033b4       0x44 ./Drivers/STM32U5xx_HAL_Driver/Src/stm32u5xx_hal_cortex.o
                0x200033b4                HAL_MPU_Enable
 .text.HAL_MPU_Disable
                0x200033f8       0x40 ./Drivers/STM32U5xx_HAL_Driver/Src/stm32u5xx_hal_cortex.o
                0x200033f8                HAL_MPU_Disable
 .text.HAL_MPU_EnableRegion
                0x20003438       0x2c ./Drivers/STM32U5xx_HAL_Driver/Src/stm32u5xx_hal_cortex.o
                0x20003438                HAL_MPU_EnableRegion
 .text.HAL_MPU_DisableRegion
                0x20003464       0x2c ./Drivers/STM32U5xx_HAL_Driver/Src/stm32u5xx_hal_cortex.o
                0x20003464                HAL_MPU_DisableRegion
 .text.HAL_MPU_ConfigRegion
                0x20003490       0x1c ./Drivers/STM32U5xx_HAL_Driver/Src/stm32u5xx_hal_cortex.o
                0x20003490                HAL_MPU_ConfigRegion
 .text.HAL_MPU_ConfigMemoryAttributes
                0x200034ac       0x1c ./Drivers/STM32U5xx_HAL_Driver/Src/stm32u5xx_hal_cortex.o
                0x200034ac                HAL_MPU_ConfigMemoryAttributes
 .text.MPU_ConfigRegion
                0x200034c8       0x6e ./Drivers/STM32U5xx_HAL_Driver/Src/stm32u5xx_hal_cortex.o
 .text.MPU_ConfigMemoryAttributes
                0x20003536       0x6c ./Drivers/STM32U5xx_HAL_Driver/Src/stm32u5xx_hal_cortex.o
 *fill*         0x200035a2        0x2 
 .text.HAL_DMA_Init
                0x200035a4      0x284 ./Drivers/STM32U5xx_HAL_Driver/Src/stm32u5xx_hal_dma.o
                0x200035a4                HAL_DMA_Init
 .text.HAL_DMA_DeInit
                0x20003828      0x1b4 ./Drivers/STM32U5xx_HAL_Driver/Src/stm32u5xx_hal_dma.o
                0x20003828                HAL_DMA_DeInit
 .text.HAL_DMA_Start
                0x200039dc       0x80 ./Drivers/STM32U5xx_HAL_Driver/Src/stm32u5xx_hal_dma.o
                0x200039dc                HAL_DMA_Start
 .text.HAL_DMA_Start_IT
                0x20003a5c       0xc0 ./Drivers/STM32U5xx_HAL_Driver/Src/stm32u5xx_hal_dma.o
                0x20003a5c                HAL_DMA_Start_IT
 .text.HAL_DMA_Abort
                0x20003b1c       0xf8 ./Drivers/STM32U5xx_HAL_Driver/Src/stm32u5xx_hal_dma.o
                0x20003b1c                HAL_DMA_Abort
 .text.HAL_DMA_Abort_IT
                0x20003c14       0x52 ./Drivers/STM32U5xx_HAL_Driver/Src/stm32u5xx_hal_dma.o
                0x20003c14                HAL_DMA_Abort_IT
 .text.HAL_DMA_PollForTransfer
                0x20003c66      0x1cc ./Drivers/STM32U5xx_HAL_Driver/Src/stm32u5xx_hal_dma.o
                0x20003c66                HAL_DMA_PollForTransfer
 .text.HAL_DMA_IRQHandler
                0x20003e32      0x2c2 ./Drivers/STM32U5xx_HAL_Driver/Src/stm32u5xx_hal_dma.o
                0x20003e32                HAL_DMA_IRQHandler
 .text.HAL_DMA_RegisterCallback
                0x200040f4       0x88 ./Drivers/STM32U5xx_HAL_Driver/Src/stm32u5xx_hal_dma.o
                0x200040f4                HAL_DMA_RegisterCallback
 .text.HAL_DMA_UnRegisterCallback
                0x2000417c       0xac ./Drivers/STM32U5xx_HAL_Driver/Src/stm32u5xx_hal_dma.o
                0x2000417c                HAL_DMA_UnRegisterCallback
 .text.HAL_DMA_GetState
                0x20004228       0x1c ./Drivers/STM32U5xx_HAL_Driver/Src/stm32u5xx_hal_dma.o
                0x20004228                HAL_DMA_GetState
 .text.HAL_DMA_GetError
                0x20004244       0x18 ./Drivers/STM32U5xx_HAL_Driver/Src/stm32u5xx_hal_dma.o
                0x20004244                HAL_DMA_GetError
 .text.HAL_DMA_ConfigChannelAttributes
                0x2000425c       0x78 ./Drivers/STM32U5xx_HAL_Driver/Src/stm32u5xx_hal_dma.o
                0x2000425c                HAL_DMA_ConfigChannelAttributes
 .text.HAL_DMA_GetConfigChannelAttributes
                0x200042d4       0xb0 ./Drivers/STM32U5xx_HAL_Driver/Src/stm32u5xx_hal_dma.o
                0x200042d4                HAL_DMA_GetConfigChannelAttributes
 .text.HAL_DMA_GetLockChannelAttributes
                0x20004384       0x66 ./Drivers/STM32U5xx_HAL_Driver/Src/stm32u5xx_hal_dma.o
                0x20004384                HAL_DMA_GetLockChannelAttributes
 .text.DMA_SetConfig
                0x200043ea       0x4a ./Drivers/STM32U5xx_HAL_Driver/Src/stm32u5xx_hal_dma.o
 .text.DMA_Init
                0x20004434      0x500 ./Drivers/STM32U5xx_HAL_Driver/Src/stm32u5xx_hal_dma.o
 .text.HAL_DMAEx_List_Init
                0x20004934      0x258 ./Drivers/STM32U5xx_HAL_Driver/Src/stm32u5xx_hal_dma_ex.o
                0x20004934                HAL_DMAEx_List_Init
 .text.HAL_DMAEx_List_DeInit
                0x20004b8c      0x1cc ./Drivers/STM32U5xx_HAL_Driver/Src/stm32u5xx_hal_dma_ex.o
                0x20004b8c                HAL_DMAEx_List_DeInit
 .text.HAL_DMAEx_List_Start
                0x20004d58       0xe8 ./Drivers/STM32U5xx_HAL_Driver/Src/stm32u5xx_hal_dma_ex.o
                0x20004d58                HAL_DMAEx_List_Start
 .text.HAL_DMAEx_List_Start_IT
                0x20004e40      0x128 ./Drivers/STM32U5xx_HAL_Driver/Src/stm32u5xx_hal_dma_ex.o
                0x20004e40                HAL_DMAEx_List_Start_IT
 .text.HAL_DMAEx_List_BuildNode
                0x20004f68       0x2c ./Drivers/STM32U5xx_HAL_Driver/Src/stm32u5xx_hal_dma_ex.o
                0x20004f68                HAL_DMAEx_List_BuildNode
 .text.HAL_DMAEx_List_GetNodeConfig
                0x20004f94       0x2c ./Drivers/STM32U5xx_HAL_Driver/Src/stm32u5xx_hal_dma_ex.o
                0x20004f94                HAL_DMAEx_List_GetNodeConfig
 .text.HAL_DMAEx_List_InsertNode
                0x20004fc0      0x192 ./Drivers/STM32U5xx_HAL_Driver/Src/stm32u5xx_hal_dma_ex.o
                0x20004fc0                HAL_DMAEx_List_InsertNode
 .text.HAL_DMAEx_List_InsertNode_Head
                0x20005152       0xd2 ./Drivers/STM32U5xx_HAL_Driver/Src/stm32u5xx_hal_dma_ex.o
                0x20005152                HAL_DMAEx_List_InsertNode_Head
 .text.HAL_DMAEx_List_InsertNode_Tail
                0x20005224       0xf0 ./Drivers/STM32U5xx_HAL_Driver/Src/stm32u5xx_hal_dma_ex.o
                0x20005224                HAL_DMAEx_List_InsertNode_Tail
 .text.HAL_DMAEx_List_RemoveNode
                0x20005314      0x178 ./Drivers/STM32U5xx_HAL_Driver/Src/stm32u5xx_hal_dma_ex.o
                0x20005314                HAL_DMAEx_List_RemoveNode
 .text.HAL_DMAEx_List_RemoveNode_Head
                0x2000548c      0x104 ./Drivers/STM32U5xx_HAL_Driver/Src/stm32u5xx_hal_dma_ex.o
                0x2000548c                HAL_DMAEx_List_RemoveNode_Head
 .text.HAL_DMAEx_List_RemoveNode_Tail
                0x20005590       0xd4 ./Drivers/STM32U5xx_HAL_Driver/Src/stm32u5xx_hal_dma_ex.o
                0x20005590                HAL_DMAEx_List_RemoveNode_Tail
 .text.HAL_DMAEx_List_ReplaceNode
                0x20005664      0x218 ./Drivers/STM32U5xx_HAL_Driver/Src/stm32u5xx_hal_dma_ex.o
                0x20005664                HAL_DMAEx_List_ReplaceNode
 .text.HAL_DMAEx_List_ReplaceNode_Head
                0x2000587c      0x10a ./Drivers/STM32U5xx_HAL_Driver/Src/stm32u5xx_hal_dma_ex.o
                0x2000587c                HAL_DMAEx_List_ReplaceNode_Head
 .text.HAL_DMAEx_List_ReplaceNode_Tail
                0x20005986       0xf8 ./Drivers/STM32U5xx_HAL_Driver/Src/stm32u5xx_hal_dma_ex.o
                0x20005986                HAL_DMAEx_List_ReplaceNode_Tail
 .text.HAL_DMAEx_List_ResetQ
                0x20005a7e       0x94 ./Drivers/STM32U5xx_HAL_Driver/Src/stm32u5xx_hal_dma_ex.o
                0x20005a7e                HAL_DMAEx_List_ResetQ
 .text.HAL_DMAEx_List_InsertQ
                0x20005b12      0x282 ./Drivers/STM32U5xx_HAL_Driver/Src/stm32u5xx_hal_dma_ex.o
                0x20005b12                HAL_DMAEx_List_InsertQ
 .text.HAL_DMAEx_List_InsertQ_Head
                0x20005d94      0x17e ./Drivers/STM32U5xx_HAL_Driver/Src/stm32u5xx_hal_dma_ex.o
                0x20005d94                HAL_DMAEx_List_InsertQ_Head
 .text.HAL_DMAEx_List_InsertQ_Tail
                0x20005f12      0x176 ./Drivers/STM32U5xx_HAL_Driver/Src/stm32u5xx_hal_dma_ex.o
                0x20005f12                HAL_DMAEx_List_InsertQ_Tail
 .text.HAL_DMAEx_List_SetCircularModeConfig
                0x20006088       0xdc ./Drivers/STM32U5xx_HAL_Driver/Src/stm32u5xx_hal_dma_ex.o
                0x20006088                HAL_DMAEx_List_SetCircularModeConfig
 .text.HAL_DMAEx_List_SetCircularMode
                0x20006164       0xc0 ./Drivers/STM32U5xx_HAL_Driver/Src/stm32u5xx_hal_dma_ex.o
                0x20006164                HAL_DMAEx_List_SetCircularMode
 .text.HAL_DMAEx_List_ClearCircularMode
                0x20006224       0x98 ./Drivers/STM32U5xx_HAL_Driver/Src/stm32u5xx_hal_dma_ex.o
                0x20006224                HAL_DMAEx_List_ClearCircularMode
 .text.HAL_DMAEx_List_ConvertQToDynamic
                0x200062bc      0x136 ./Drivers/STM32U5xx_HAL_Driver/Src/stm32u5xx_hal_dma_ex.o
                0x200062bc                HAL_DMAEx_List_ConvertQToDynamic
 .text.HAL_DMAEx_List_ConvertQToStatic
                0x200063f2       0xd2 ./Drivers/STM32U5xx_HAL_Driver/Src/stm32u5xx_hal_dma_ex.o
                0x200063f2                HAL_DMAEx_List_ConvertQToStatic
 .text.HAL_DMAEx_List_LinkQ
                0x200064c4      0x12c ./Drivers/STM32U5xx_HAL_Driver/Src/stm32u5xx_hal_dma_ex.o
                0x200064c4                HAL_DMAEx_List_LinkQ
 .text.HAL_DMAEx_List_UnLinkQ
                0x200065f0       0x52 ./Drivers/STM32U5xx_HAL_Driver/Src/stm32u5xx_hal_dma_ex.o
                0x200065f0                HAL_DMAEx_List_UnLinkQ
 .text.HAL_DMAEx_ConfigDataHandling
                0x20006642       0x66 ./Drivers/STM32U5xx_HAL_Driver/Src/stm32u5xx_hal_dma_ex.o
                0x20006642                HAL_DMAEx_ConfigDataHandling
 .text.HAL_DMAEx_ConfigTrigger
                0x200066a8       0x6e ./Drivers/STM32U5xx_HAL_Driver/Src/stm32u5xx_hal_dma_ex.o
                0x200066a8                HAL_DMAEx_ConfigTrigger
 .text.HAL_DMAEx_ConfigRepeatBlock
                0x20006716      0x110 ./Drivers/STM32U5xx_HAL_Driver/Src/stm32u5xx_hal_dma_ex.o
                0x20006716                HAL_DMAEx_ConfigRepeatBlock
 .text.HAL_DMAEx_Suspend
                0x20006826       0x96 ./Drivers/STM32U5xx_HAL_Driver/Src/stm32u5xx_hal_dma_ex.o
                0x20006826                HAL_DMAEx_Suspend
 .text.HAL_DMAEx_Suspend_IT
                0x200068bc       0x52 ./Drivers/STM32U5xx_HAL_Driver/Src/stm32u5xx_hal_dma_ex.o
                0x200068bc                HAL_DMAEx_Suspend_IT
 .text.HAL_DMAEx_Resume
                0x2000690e       0x66 ./Drivers/STM32U5xx_HAL_Driver/Src/stm32u5xx_hal_dma_ex.o
                0x2000690e                HAL_DMAEx_Resume
 .text.HAL_DMAEx_GetFifoLevel
                0x20006974       0x1e ./Drivers/STM32U5xx_HAL_Driver/Src/stm32u5xx_hal_dma_ex.o
                0x20006974                HAL_DMAEx_GetFifoLevel
 *fill*         0x20006992        0x2 
 .text.DMA_List_Init
                0x20006994      0x2b0 ./Drivers/STM32U5xx_HAL_Driver/Src/stm32u5xx_hal_dma_ex.o
 .text.DMA_List_BuildNode
                0x20006c44      0x2a4 ./Drivers/STM32U5xx_HAL_Driver/Src/stm32u5xx_hal_dma_ex.o
 .text.DMA_List_GetNodeConfig
                0x20006ee8      0x214 ./Drivers/STM32U5xx_HAL_Driver/Src/stm32u5xx_hal_dma_ex.o
 .text.DMA_List_CheckNodesBaseAddresses
                0x200070fc       0x60 ./Drivers/STM32U5xx_HAL_Driver/Src/stm32u5xx_hal_dma_ex.o
 .text.DMA_List_CheckNodesTypes
                0x2000715c       0x78 ./Drivers/STM32U5xx_HAL_Driver/Src/stm32u5xx_hal_dma_ex.o
 .text.DMA_List_GetCLLRNodeInfo
                0x200071d4       0x60 ./Drivers/STM32U5xx_HAL_Driver/Src/stm32u5xx_hal_dma_ex.o
 .text.DMA_List_FindNode
                0x20007234      0x13e ./Drivers/STM32U5xx_HAL_Driver/Src/stm32u5xx_hal_dma_ex.o
 .text.DMA_List_ResetQueueNodes
                0x20007372       0x96 ./Drivers/STM32U5xx_HAL_Driver/Src/stm32u5xx_hal_dma_ex.o
 .text.DMA_List_FillNode
                0x20007408       0x40 ./Drivers/STM32U5xx_HAL_Driver/Src/stm32u5xx_hal_dma_ex.o
 .text.DMA_List_ConvertNodeToDynamic
                0x20007448      0x114 ./Drivers/STM32U5xx_HAL_Driver/Src/stm32u5xx_hal_dma_ex.o
 .text.DMA_List_ConvertNodeToStatic
                0x2000755c       0xb4 ./Drivers/STM32U5xx_HAL_Driver/Src/stm32u5xx_hal_dma_ex.o
 .text.DMA_List_FormatNode
                0x20007610       0x72 ./Drivers/STM32U5xx_HAL_Driver/Src/stm32u5xx_hal_dma_ex.o
 .text.DMA_List_ClearUnusedFields
                0x20007682       0x34 ./Drivers/STM32U5xx_HAL_Driver/Src/stm32u5xx_hal_dma_ex.o
 .text.DMA_List_UpdateDynamicQueueNodesCLLR
                0x200076b6       0xf6 ./Drivers/STM32U5xx_HAL_Driver/Src/stm32u5xx_hal_dma_ex.o
 .text.DMA_List_UpdateStaticQueueNodesCLLR
                0x200077ac       0xbe ./Drivers/STM32U5xx_HAL_Driver/Src/stm32u5xx_hal_dma_ex.o
 .text.DMA_List_CleanQueue
                0x2000786a       0x38 ./Drivers/STM32U5xx_HAL_Driver/Src/stm32u5xx_hal_dma_ex.o
 *fill*         0x200078a2        0x2 
 .text.HAL_EXTI_SetConfigLine
                0x200078a4      0x1a8 ./Drivers/STM32U5xx_HAL_Driver/Src/stm32u5xx_hal_exti.o
                0x200078a4                HAL_EXTI_SetConfigLine
 .text.HAL_EXTI_GetConfigLine
                0x20007a4c      0x148 ./Drivers/STM32U5xx_HAL_Driver/Src/stm32u5xx_hal_exti.o
                0x20007a4c                HAL_EXTI_GetConfigLine
 .text.HAL_EXTI_ClearConfigLine
                0x20007b94      0x118 ./Drivers/STM32U5xx_HAL_Driver/Src/stm32u5xx_hal_exti.o
                0x20007b94                HAL_EXTI_ClearConfigLine
 .text.HAL_EXTI_RegisterCallback
                0x20007cac       0x58 ./Drivers/STM32U5xx_HAL_Driver/Src/stm32u5xx_hal_exti.o
                0x20007cac                HAL_EXTI_RegisterCallback
 .text.HAL_EXTI_GetHandle
                0x20007d04       0x28 ./Drivers/STM32U5xx_HAL_Driver/Src/stm32u5xx_hal_exti.o
                0x20007d04                HAL_EXTI_GetHandle
 .text.HAL_EXTI_IRQHandler
                0x20007d2c       0x90 ./Drivers/STM32U5xx_HAL_Driver/Src/stm32u5xx_hal_exti.o
                0x20007d2c                HAL_EXTI_IRQHandler
 .text.HAL_EXTI_GetPending
                0x20007dbc       0x6c ./Drivers/STM32U5xx_HAL_Driver/Src/stm32u5xx_hal_exti.o
                0x20007dbc                HAL_EXTI_GetPending
 .text.HAL_EXTI_ClearPending
                0x20007e28       0x5c ./Drivers/STM32U5xx_HAL_Driver/Src/stm32u5xx_hal_exti.o
                0x20007e28                HAL_EXTI_ClearPending
 .text.HAL_EXTI_GenerateSWI
                0x20007e84       0x44 ./Drivers/STM32U5xx_HAL_Driver/Src/stm32u5xx_hal_exti.o
                0x20007e84                HAL_EXTI_GenerateSWI
 .text.HAL_EXTI_ConfigLineAttributes
                0x20007ec8       0x7c ./Drivers/STM32U5xx_HAL_Driver/Src/stm32u5xx_hal_exti.o
                0x20007ec8                HAL_EXTI_ConfigLineAttributes
 .text.HAL_EXTI_GetConfigLineAttributes
                0x20007f44       0x6c ./Drivers/STM32U5xx_HAL_Driver/Src/stm32u5xx_hal_exti.o
                0x20007f44                HAL_EXTI_GetConfigLineAttributes
 .text.HAL_FLASH_Program
                0x20007fb0       0x94 ./Drivers/STM32U5xx_HAL_Driver/Src/stm32u5xx_hal_flash.o
                0x20007fb0                HAL_FLASH_Program
 .text.HAL_FLASH_Program_IT
                0x20008044       0x88 ./Drivers/STM32U5xx_HAL_Driver/Src/stm32u5xx_hal_flash.o
                0x20008044                HAL_FLASH_Program_IT
 .text.HAL_FLASH_IRQHandler
                0x200080cc      0x140 ./Drivers/STM32U5xx_HAL_Driver/Src/stm32u5xx_hal_flash.o
                0x200080cc                HAL_FLASH_IRQHandler
 .text.HAL_FLASH_EndOfOperationCallback