Archive member included to satisfy reference by file (symbol)

/opt/st/stm32cubeide_1.19.0/plugins/com.st.stm32cube.ide.mcu.externaltools.gnu-tools-for-stm32.13.3.rel1.linux64_1.0.0.202410170706/tools/bin/../lib/gcc/arm-none-eabi/13.3.1/../../../../arm-none-eabi/lib/thumb/v8-m.main+fp/hard/libc_nano.a(libc_a-exit.o)
                              /opt/st/stm32cubeide_1.19.0/plugins/com.st.stm32cube.ide.mcu.externaltools.gnu-tools-for-stm32.13.3.rel1.linux64_1.0.0.202410170706/tools/bin/../lib/gcc/arm-none-eabi/13.3.1/../../../../arm-none-eabi/lib/thumb/v8-m.main+fp/hard/crt0.o (exit)
/opt/st/stm32cubeide_1.19.0/plugins/com.st.stm32cube.ide.mcu.externaltools.gnu-tools-for-stm32.13.3.rel1.linux64_1.0.0.202410170706/tools/bin/../lib/gcc/arm-none-eabi/13.3.1/../../../../arm-none-eabi/lib/thumb/v8-m.main+fp/hard/libc_nano.a(libc_a-findfp.o)
                              /opt/st/stm32cubeide_1.19.0/plugins/com.st.stm32cube.ide.mcu.externaltools.gnu-tools-for-stm32.13.3.rel1.linux64_1.0.0.202410170706/tools/bin/../lib/gcc/arm-none-eabi/13.3.1/../../../../arm-none-eabi/lib/thumb/v8-m.main+fp/hard/libc_nano.a(libc_a-exit.o) (__stdio_exit_handler)
/opt/st/stm32cubeide_1.19.0/plugins/com.st.stm32cube.ide.mcu.externaltools.gnu-tools-for-stm32.13.3.rel1.linux64_1.0.0.202410170706/tools/bin/../lib/gcc/arm-none-eabi/13.3.1/../../../../arm-none-eabi/lib/thumb/v8-m.main+fp/hard/libc_nano.a(libc_a-fwalk.o)
                              /opt/st/stm32cubeide_1.19.0/plugins/com.st.stm32cube.ide.mcu.externaltools.gnu-tools-for-stm32.13.3.rel1.linux64_1.0.0.202410170706/tools/bin/../lib/gcc/arm-none-eabi/13.3.1/../../../../arm-none-eabi/lib/thumb/v8-m.main+fp/hard/libc_nano.a(libc_a-findfp.o) (_fwalk_sglue)
/opt/st/stm32cubeide_1.19.0/plugins/com.st.stm32cube.ide.mcu.externaltools.gnu-tools-for-stm32.13.3.rel1.linux64_1.0.0.202410170706/tools/bin/../lib/gcc/arm-none-eabi/13.3.1/../../../../arm-none-eabi/lib/thumb/v8-m.main+fp/hard/libc_nano.a(libc_a-stdio.o)
                              /opt/st/stm32cubeide_1.19.0/plugins/com.st.stm32cube.ide.mcu.externaltools.gnu-tools-for-stm32.13.3.rel1.linux64_1.0.0.202410170706/tools/bin/../lib/gcc/arm-none-eabi/13.3.1/../../../../arm-none-eabi/lib/thumb/v8-m.main+fp/hard/libc_nano.a(libc_a-findfp.o) (__sread)
/opt/st/stm32cubeide_1.19.0/plugins/com.st.stm32cube.ide.mcu.externaltools.gnu-tools-for-stm32.13.3.rel1.linux64_1.0.0.202410170706/tools/bin/../lib/gcc/arm-none-eabi/13.3.1/../../../../arm-none-eabi/lib/thumb/v8-m.main+fp/hard/libc_nano.a(libc_a-memset.o)
                              /opt/st/stm32cubeide_1.19.0/plugins/com.st.stm32cube.ide.mcu.externaltools.gnu-tools-for-stm32.13.3.rel1.linux64_1.0.0.202410170706/tools/bin/../lib/gcc/arm-none-eabi/13.3.1/../../../../arm-none-eabi/lib/thumb/v8-m.main+fp/hard/crt0.o (memset)
/opt/st/stm32cubeide_1.19.0/plugins/com.st.stm32cube.ide.mcu.externaltools.gnu-tools-for-stm32.13.3.rel1.linux64_1.0.0.202410170706/tools/bin/../lib/gcc/arm-none-eabi/13.3.1/../../../../arm-none-eabi/lib/thumb/v8-m.main+fp/hard/libc_nano.a(libc_a-closer.o)
                              /opt/st/stm32cubeide_1.19.0/plugins/com.st.stm32cube.ide.mcu.externaltools.gnu-tools-for-stm32.13.3.rel1.linux64_1.0.0.202410170706/tools/bin/../lib/gcc/arm-none-eabi/13.3.1/../../../../arm-none-eabi/lib/thumb/v8-m.main+fp/hard/libc_nano.a(libc_a-stdio.o) (_close_r)
/opt/st/stm32cubeide_1.19.0/plugins/com.st.stm32cube.ide.mcu.externaltools.gnu-tools-for-stm32.13.3.rel1.linux64_1.0.0.202410170706/tools/bin/../lib/gcc/arm-none-eabi/13.3.1/../../../../arm-none-eabi/lib/thumb/v8-m.main+fp/hard/libc_nano.a(libc_a-reent.o)
                              /opt/st/stm32cubeide_1.19.0/plugins/com.st.stm32cube.ide.mcu.externaltools.gnu-tools-for-stm32.13.3.rel1.linux64_1.0.0.202410170706/tools/bin/../lib/gcc/arm-none-eabi/13.3.1/../../../../arm-none-eabi/lib/thumb/v8-m.main+fp/hard/libc_nano.a(libc_a-closer.o) (errno)
/opt/st/stm32cubeide_1.19.0/plugins/com.st.stm32cube.ide.mcu.externaltools.gnu-tools-for-stm32.13.3.rel1.linux64_1.0.0.202410170706/tools/bin/../lib/gcc/arm-none-eabi/13.3.1/../../../../arm-none-eabi/lib/thumb/v8-m.main+fp/hard/libc_nano.a(libc_a-impure.o)
                              /opt/st/stm32cubeide_1.19.0/plugins/com.st.stm32cube.ide.mcu.externaltools.gnu-tools-for-stm32.13.3.rel1.linux64_1.0.0.202410170706/tools/bin/../lib/gcc/arm-none-eabi/13.3.1/../../../../arm-none-eabi/lib/thumb/v8-m.main+fp/hard/libc_nano.a(libc_a-reent.o) (_impure_ptr)
/opt/st/stm32cubeide_1.19.0/plugins/com.st.stm32cube.ide.mcu.externaltools.gnu-tools-for-stm32.13.3.rel1.linux64_1.0.0.202410170706/tools/bin/../lib/gcc/arm-none-eabi/13.3.1/../../../../arm-none-eabi/lib/thumb/v8-m.main+fp/hard/libc_nano.a(libc_a-lseekr.o)
[...]
Memory Configuration

Name             Origin             Length             Attributes
RAM              0x20000004         0x000c0000         xrw
*default*        0x00000000         0xffffffff

Linker script and memory map

LOAD /opt/st/stm32cubeide_1.19.0/plugins/com.st.stm32cube.ide.mcu.externaltools.gnu-tools-for-stm32.13.3.rel1.linux64_1.0.0.202410170706/tools/bin/../lib/gcc/arm-none-eabi/13.3.1/thumb/v8-m.main+fp/hard/crti.o
LOAD /opt/st/stm32cubeide_1.19.0/plugins/com.st.stm32cube.ide.mcu.externaltools.gnu-tools-for-stm32.13.3.rel1.linux64_1.0.0.202410170706/tools/bin/../lib/gcc/arm-none-eabi/13.3.1/thumb/v8-m.main+fp/hard/crtbegin.o
LOAD /opt/st/stm32cubeide_1.19.0/plugins/com.st.stm32cube.ide.mcu.externaltools.gnu-tools-for-stm32.13.3.rel1.linux64_1.0.0.202410170706/tools/bin/../lib/gcc/arm-none-eabi/13.3.1/../../../../arm-none-eabi/lib/thumb/v8-m.main+fp/hard/crt0.o
LOAD ./Core/Src/Dev_Inf.o
LOAD ./Core/Src/Loader_Src.o
LOAD ./Core/Src/W25Q128.o
LOAD ./Core/Src/gpio.o
LOAD ./Core/Src/main.o
LOAD ./Core/Src/octospi.o
LOAD ./Core/Src/stm32u5xx_hal_msp.o
LOAD ./Core/Src/stm32u5xx_it.o
LOAD ./Core/Src/syscalls.o
LOAD ./Core/Src/sysmem.o
LOAD ./Core/Src/system_stm32u5xx.o
LOAD ./Core/Src/usart.o
LOAD ./Core/Startup/startup_stm32u575vgtx.o
LOAD ./Drivers/STM32U5xx_HAL_Driver/Src/stm32u5xx_hal.o
LOAD ./Drivers/STM32U5xx_HAL_Driver/Src/stm32u5xx_hal_cortex.o
LOAD ./Drivers/STM32U5xx_HAL_Driver/Src/stm32u5xx_hal_dma.o
LOAD ./Drivers/STM32U5xx_HAL_Driver/Src/stm32u5xx_hal_dma_ex.o
LOAD ./Drivers/STM32U5xx_HAL_Driver/Src/stm32u5xx_hal_exti.o
LOAD ./Drivers/STM32U5xx_HAL_Driver/Src/stm32u5xx_hal_flash.o
LOAD ./Drivers/STM32U5xx_HAL_Driver/Src/stm32u5xx_hal_flash_ex.o
LOAD ./Drivers/STM32U5xx_HAL_Driver/Src/stm32u5xx_hal_gpio.o
LOAD ./Drivers/STM32U5xx_HAL_Driver/Src/stm32u5xx_hal_gtzc.o
LOAD ./Drivers/STM32U5xx_HAL_Driver/Src/stm32u5xx_hal_i2c.o
LOAD ./Drivers/STM32U5xx_HAL_Driver/Src/stm32u5xx_hal_i2c_ex.o
LOAD ./Drivers/STM32U5xx_HAL_Driver/Src/stm32u5xx_hal_icache.o
LOAD ./Drivers/STM32U5xx_HAL_Driver/Src/stm32u5xx_hal_ospi.o
LOAD ./Drivers/STM32U5xx_HAL_Driver/Src/stm32u5xx_hal_pwr.o
LOAD ./Drivers/STM32U5xx_HAL_Driver/Src/stm32u5xx_hal_pwr_ex.o
LOAD ./Drivers/STM32U5xx_HAL_Driver/Src/stm32u5xx_hal_rcc.o
LOAD ./Drivers/STM32U5xx_HAL_Driver/Src/stm32u5xx_hal_rcc_ex.o
LOAD ./Drivers/STM32U5xx_HAL_Driver/Src/stm32u5xx_hal_uart.o
LOAD ./Drivers/STM32U5xx_HAL_Driver/Src/stm32u5xx_hal_uart_ex.o
LOAD ./Drivers/STM32U5xx_HAL_Driver/Src/stm32u5xx_ll_dlyb.o
START GROUP
LOAD /opt/st/stm32cubeide_1.19.0/plugins/com.st.stm32cube.ide.mcu.externaltools.gnu-tools-for-stm32.13.3.rel1.linux64_1.0.0.202410170706/tools/bin/../lib/gcc/arm-none-eabi/13.3.1/../../../../arm-none-eabi/lib/thumb/v8-m.main+fp/hard/libc_nano.a
LOAD /opt/st/stm32cubeide_1.19.0/plugins/com.st.stm32cube.ide.mcu.externaltools.gnu-tools-for-stm32.13.3.rel1.linux64_1.0.0.202410170706/tools/bin/../lib/gcc/arm-none-eabi/13.3.1/../../../../arm-none-eabi/lib/thumb/v8-m.main+fp/hard/libm.a
END GROUP
START GROUP
LOAD /opt/st/stm32cubeide_1.19.0/plugins/com.st.stm32cube.ide.mcu.externaltools.gnu-tools-for-stm32.13.3.rel1.linux64_1.0.0.202410170706/tools/bin/../lib/gcc/arm-none-eabi/13.3.1/thumb/v8-m.main+fp/hard/libgcc.a
LOAD /opt/st/stm32cubeide_1.19.0/plugins/com.st.stm32cube.ide.mcu.externaltools.gnu-tools-for-stm32.13.3.rel1.linux64_1.0.0.202410170706/tools/bin/../lib/gcc/arm-none-eabi/13.3.1/../../../../arm-none-eabi/lib/thumb/v8-m.main+fp/hard/libc_nano.a
END GROUP
START GROUP
LOAD /opt/st/stm32cubeide_1.19.0/plugins/com.st.stm32cube.ide.mcu.externaltools.gnu-tools-for-stm32.13.3.rel1.linux64_1.0.0.202410170706/tools/bin/../lib/gcc/arm-none-eabi/13.3.1/thumb/v8-m.main+fp/hard/libgcc.a
LOAD /opt/st/stm32cubeide_1.19.0/plugins/com.st.stm32cube.ide.mcu.externaltools.gnu-tools-for-stm32.13.3.rel1.linux64_1.0.0.202410170706/tools/bin/../lib/gcc/arm-none-eabi/13.3.1/../../../../arm-none-eabi/lib/thumb/v8-m.main+fp/hard/libc_nano.a
LOAD /opt/st/stm32cubeide_1.19.0/plugins/com.st.stm32cube.ide.mcu.externaltools.gnu-tools-for-stm32.13.3.rel1.linux64_1.0.0.202410170706/tools/bin/../lib/gcc/arm-none-eabi/13.3.1/../../../../arm-none-eabi/lib/thumb/v8-m.main+fp/hard/libnosys.a
END GROUP
START GROUP
LOAD /opt/st/stm32cubeide_1.19.0/plugins/com.st.stm32cube.ide.mcu.externaltools.gnu-tools-for-stm32.13.3.rel1.linux64_1.0.0.202410170706/tools/bin/../lib/gcc/arm-none-eabi/13.3.1/thumb/v8-m.main+fp/hard/libgcc.a
LOAD /opt/st/stm32cubeide_1.19.0/plugins/com.st.stm32cube.ide.mcu.externaltools.gnu-tools-for-stm32.13.3.rel1.linux64_1.0.0.202410170706/tools/bin/../lib/gcc/arm-none-eabi/13.3.1/../../../../arm-none-eabi/lib/thumb/v8-m.main+fp/hard/libc_nano.a
LOAD /opt/st/stm32cubeide_1.19.0/plugins/com.st.stm32cube.ide.mcu.externaltools.gnu-tools-for-stm32.13.3.rel1.linux64_1.0.0.202410170706/tools/bin/../lib/gcc/arm-none-eabi/13.3.1/../../../../arm-none-eabi/lib/thumb/v8-m.main+fp/hard/libnosys.a
END GROUP
LOAD /opt/st/stm32cubeide_1.19.0/plugins/com.st.stm32cube.ide.mcu.externaltools.gnu-tools-for-stm32.13.3.rel1.linux64_1.0.0.202410170706/tools/bin/../lib/gcc/arm-none-eabi/13.3.1/thumb/v8-m.main+fp/hard/crtend.o
LOAD /opt/st/stm32cubeide_1.19.0/plugins/com.st.stm32cube.ide.mcu.externaltools.gnu-tools-for-stm32.13.3.rel1.linux64_1.0.0.202410170706/tools/bin/../lib/gcc/arm-none-eabi/13.3.1/thumb/v8-m.main+fp/hard/crtn.o
                0x200c0004                        _estack = (ORIGIN (RAM) + LENGTH (RAM))
                0x00000200                        _Min_Heap_Size = 0x200
                0x00000400                        _Min_Stack_Size = 0x400

.isr_vector     0x20000004      0x434
                0x20000200                        . = (. + 0x1fc)
 *fill*         0x20000004      0x1fc 
                0x20000200                        . = ALIGN (0x4)
 *(.isr_vector)
 .isr_vector    0x20000200      0x238 ./Core/Startup/startup_stm32u575vgtx.o
                0x20000200                g_pfnVectors
                0x20000438                        . = ALIGN (0x4)

.ARM.extab      0x20000438        0x0
 *(.ARM.extab* .gnu.linkonce.armextab.*)
 .ARM.extab     0x20000438        0x0 /opt/st/stm32cubeide_1.19.0/plugins/com.st.stm32cube.ide.mcu.externaltools.gnu-tools-for-stm32.13.3.rel1.linux64_1.0.0.202410170706/tools/bin/../lib/gcc/arm-none-eabi/13.3.1/../../../../arm-none-eabi/lib/thumb/v8-m.main+fp/hard/crt0.o
 .ARM.extab     0x20000438        0x0 /opt/st/stm32cubeide_1.19.0/plugins/com.st.stm32cube.ide.mcu.externaltools.gnu-tools-for-stm32.13.3.rel1.linux64_1.0.0.202410170706/tools/bin/../lib/gcc/arm-none-eabi/13.3.1/../../../../arm-none-eabi/lib/thumb/v8-m.main+fp/hard/libc_nano.a(libc_a-strlen.o)
 .ARM.extab     0x20000438        0x0 /opt/st/stm32cubeide_1.19.0/plugins/com.st.stm32cube.ide.mcu.externaltools.gnu-tools-for-stm32.13.3.rel1.linux64_1.0.0.202410170706/tools/bin/../lib/gcc/arm-none-eabi/13.3.1/thumb/v8-m.main+fp/hard/libgcc.a(_udivmoddi4.o)

.ARM            0x20000438        0x8
                0x20000438                        __exidx_start = .
 *(.ARM.exidx*)
 .ARM.exidx     0x20000438        0x8 /opt/st/stm32cubeide_1.19.0/plugins/com.st.stm32cube.ide.mcu.externaltools.gnu-tools-for-stm32.13.3.rel1.linux64_1.0.0.202410170706/tools/bin/../lib/gcc/arm-none-eabi/13.3.1/../../../../arm-none-eabi/lib/thumb/v8-m.main+fp/hard/crt0.o
                                 0x10 (size before relaxing)
 .ARM.exidx     0x20000440        0x0 /opt/st/stm32cubeide_1.19.0/plugins/com.st.stm32cube.ide.mcu.externaltools.gnu-tools-for-stm32.13.3.rel1.linux64_1.0.0.202410170706/tools/bin/../lib/gcc/arm-none-eabi/13.3.1/../../../../arm-none-eabi/lib/thumb/v8-m.main+fp/hard/libc_nano.a(libc_a-strlen.o)
                                  0x8 (size before relaxing)
 .ARM.exidx     0x20000440        0x0 /opt/st/stm32cubeide_1.19.0/plugins/com.st.stm32cube.ide.mcu.externaltools.gnu-tools-for-stm32.13.3.rel1.linux64_1.0.0.202410170706/tools/bin/../lib/gcc/arm-none-eabi/13.3.1/thumb/v8-m.main+fp/hard/libgcc.a(_udivmoddi4.o)
                                  0x8 (size before relaxing)
                0x20000440                        __exidx_end = .

.preinit_array  0x20000440        0x0
                0x20000440                        PROVIDE (__preinit_array_start = .)
 *(.preinit_array*)
                0x20000440                        PROVIDE (__preinit_array_end = .)

.init_array     0x20000440        0x4
                0x20000440                        PROVIDE (__init_array_start = .)
 *(SORT_BY_NAME(.init_array.*))
 *(.init_array*)
 .init_array    0x20000440        0x4 /opt/st/stm32cubeide_1.19.0/plugins/com.st.stm32cube.ide.mcu.externaltools.gnu-tools-for-stm32.13.3.rel1.linux64_1.0.0.202410170706/tools/bin/../lib/gcc/arm-none-eabi/13.3.1/thumb/v8-m.main+fp/hard/crtbegin.o
                0x20000444                        PROVIDE (__init_array_end = .)

.fini_array     0x20000444        0x4
                [!provide]                        PROVIDE (__fini_array_start = .)
 *(SORT_BY_NAME(.fini_array.*))
 *(.fini_array*)
 .fini_array    0x20000444        0x4 /opt/st/stm32cubeide_1.19.0/plugins/com.st.stm32cube.ide.mcu.externaltools.gnu-tools-for-stm32.13.3.rel1.linux64_1.0.0.202410170706/tools/bin/../lib/gcc/arm-none-eabi/13.3.1/thumb/v8-m.main+fp/hard/crtbegin.o
                [!provide]                        PROVIDE (__fini_array_end = .)
                0x20000448                        _sidata = LOADADDR (.data)

.data           0x20000448       0x98
                0x20000448                        . = ALIGN (0x4)
                0x20000448                        _sdata = .
 *(.data)
 .data          0x20000448        0x0 /opt/st/stm32cubeide_1.19.0/plugins/com.st.stm32cube.ide.mcu.externaltools.gnu-tools-for-stm32.13.3.rel1.linux64_1.0.0.202410170706/tools/bin/../lib/gcc/arm-none-eabi/13.3.1/thumb/v8-m.main+fp/hard/crti.o
 .data          0x20000448        0x4 /opt/st/stm32cubeide_1.19.0/plugins/com.st.stm32cube.ide.mcu.externaltools.gnu-tools-for-stm32.13.3.rel1.linux64_1.0.0.202410170706/tools/bin/../lib/gcc/arm-none-eabi/13.3.1/thumb/v8-m.main+fp/hard/crtbegin.o
                0x20000448                __dso_handle
 .data          0x2000044c        0x0 /opt/st/stm32cubeide_1.19.0/plugins/com.st.stm32cube.ide.mcu.externaltools.gnu-tools-for-stm32.13.3.rel1.linux64_1.0.0.202410170706/tools/bin/../lib/gcc/arm-none-eabi/13.3.1/../../../../arm-none-eabi/lib/thumb/v8-m.main+fp/hard/crt0.o
 .data          0x2000044c        0x0 ./Core/Src/Dev_Inf.o
 .data          0x2000044c        0x0 ./Core/Src/Loader_Src.o
 .data          0x2000044c        0x0 ./Core/Src/W25Q128.o
 .data          0x2000044c        0x0 ./Core/Src/gpio.o
 .data          0x2000044c        0x0 ./Core/Src/main.o
 .data          0x2000044c        0x0 ./Core/Src/octospi.o
 .data          0x2000044c        0x0 ./Core/Src/stm32u5xx_hal_msp.o
 .data          0x2000044c        0x0 ./Core/Src/stm32u5xx_it.o
 .data          0x2000044c        0x0 ./Core/Src/syscalls.o
 .data          0x2000044c        0x0 ./Core/Src/sysmem.o
 .data          0x2000044c        0x0 ./Core/Src/system_stm32u5xx.o
 .data          0x2000044c        0x0 ./Core/Src/usart.o
 .data          0x2000044c        0x0 ./Core/Startup/startup_stm32u575vgtx.o
 .data          0x2000044c        0x0 ./Drivers/STM32U5xx_HAL_Driver/Src/stm32u5xx_hal.o
 .data          0x2000044c        0x0 ./Drivers/STM32U5xx_HAL_Driver/Src/stm32u5xx_hal_cortex.o
 .data          0x2000044c        0x0 ./Drivers/STM32U5xx_HAL_Driver/Src/stm32u5xx_hal_dma.o
 .data          0x2000044c        0x0 ./Drivers/STM32U5xx_HAL_Driver/Src/stm32u5xx_hal_dma_ex.o
 .data          0x2000044c        0x0 ./Drivers/STM32U5xx_HAL_Driver/Src/stm32u5xx_hal_exti.o
 .data          0x2000044c        0x0 ./Drivers/STM32U5xx_HAL_Driver/Src/stm32u5xx_hal_flash.o
 .data          0x2000044c        0x0 ./Drivers/STM32U5xx_HAL_Driver/Src/stm32u5xx_hal_flash_ex.o
 .data          0x2000044c        0x0 ./Drivers/STM32U5xx_HAL_Driver/Src/stm32u5xx_hal_gpio.o
 .data          0x2000044c        0x0 ./Drivers/STM32U5xx_HAL_Driver/Src/stm32u5xx_hal_gtzc.o
 .data          0x2000044c        0x0 ./Drivers/STM32U5xx_HAL_Driver/Src/stm32u5xx_hal_i2c.o
 .data          0x2000044c        0x0 ./Drivers/STM32U5xx_HAL_Driver/Src/stm32u5xx_hal_i2c_ex.o
 .data          0x2000044c        0x0 ./Drivers/STM32U5xx_HAL_Driver/Src/stm32u5xx_hal_icache.o
 .data          0x2000044c        0x0 ./Drivers/STM32U5xx_HAL_Driver/Src/stm32u5xx_hal_ospi.o
 .data          0x2000044c        0x0 ./Drivers/STM32U5xx_HAL_Driver/Src/stm32u5xx_hal_pwr.o
 .data          0x2000044c        0x0 ./Drivers/STM32U5xx_HAL_Driver/Src/stm32u5xx_hal_pwr_ex.o
 .data          0x2000044c        0x0 ./Drivers/STM32U5xx_HAL_Driver/Src/stm32u5xx_hal_rcc.o
 .data          0x2000044c        0x0 ./Drivers/STM32U5xx_HAL_Driver/Src/stm32u5xx_hal_rcc_ex.o
 .data          0x2000044c        0x0 ./Drivers/STM32U5xx_HAL_Driver/Src/stm32u5xx_hal_uart.o
 .data          0x2000044c        0x0 ./Drivers/STM32U5xx_HAL_Driver/Src/stm32u5xx_hal_uart_ex.o
 .data          0x2000044c        0x0 ./Drivers/STM32U5xx_HAL_Driver/Src/stm32u5xx_ll_dlyb.o
 .data          0x2000044c        0x0 /opt/st/stm32cubeide_1.19.0/plugins/com.st.stm32cube.ide.mcu.externaltools.gnu-tools-for-stm32.13.3.rel1.linux64_1.0.0.202410170706/tools/bin/../lib/gcc/arm-none-eabi/13.3.1/../../../../arm-none-eabi/lib/thumb/v8-m.main+fp/hard/libc_nano.a(libc_a-exit.o)
 .data          0x2000044c        0x0 /opt/st/stm32cubeide_1.19.0/plugins/com.st.stm32cube.ide.mcu.externaltools.gnu-tools-for-stm32.13.3.rel1.linux64_1.0.0.202410170706/tools/bin/../lib/gcc/arm-none-eabi/13.3.1/../../../../arm-none-eabi/lib/thumb/v8-m.main+fp/hard/libc_nano.a(libc_a-findfp.o)
 .data          0x2000044c        0x0 /opt/st/stm32cubeide_1.19.0/plugins/com.st.stm32cube.ide.mcu.externaltools.gnu-tools-for-stm32.13.3.rel1.linux64_1.0.0.202410170706/tools/bin/../lib/gcc/arm-none-eabi/13.3.1/../../../../arm-none-eabi/lib/thumb/v8-m.main+fp/hard/libc_nano.a(libc_a-fwalk.o)
 .data          0x2000044c        0x0 /opt/st/stm32cubeide_1.19.0/plugins/com.st.stm32cube.ide.mcu.externaltools.gnu-tools-for-stm32.13.3.rel1.linux64_1.0.0.202410170706/tools/bin/../lib/gcc/arm-none-eabi/13.3.1/../../../../arm-none-eabi/lib/thumb/v8-m.main+fp/hard/libc_nano.a(libc_a-stdio.o)
 .data          0x2000044c        0x0 /opt/st/stm32cubeide_1.19.0/plugins/com.st.stm32cube.ide.mcu.externaltools.gnu-tools-for-stm32.13.3.rel1.linux64_1.0.0.202410170706/tools/bin/../lib/gcc/arm-none-eabi/13.3.1/../../../../arm-none-eabi/lib/thumb/v8-m.main+fp/hard/libc_nano.a(libc_a-memset.o)
 .data          0x2000044c        0x0 /opt/st/stm32cubeide_1.19.0/plugins/com.st.stm32cube.ide.mcu.externaltools.gnu-tools-for-stm32.13.3.rel1.linux64_1.0.0.202410170706/tools/bin/../lib/gcc/arm-none-eabi/13.3.1/../../../../arm-none-eabi/lib/thumb/v8-m.main+fp/hard/libc_nano.a(libc_a-closer.o)
 .data          0x2000044c        0x0 /opt/st/stm32cubeide_1.19.0/plugins/com.st.stm32cube.ide.mcu.externaltools.gnu-tools-for-stm32.13.3.rel1.linux64_1.0.0.202410170706/tools/bin/../lib/gcc/arm-none-eabi/13.3.1/../../../../arm-none-eabi/lib/thumb/v8-m.main+fp/hard/libc_nano.a(libc_a-reent.o)
 .data          0x2000044c        0x0 /opt/st/stm32cubeide_1.19.0/plugins/com.st.stm32cube.ide.mcu.externaltools.gnu-tools-for-stm32.13.3.rel1.linux64_1.0.0.202410170706/tools/bin/../lib/gcc/arm-none-eabi/13.3.1/../../../../arm-none-eabi/lib/thumb/v8-m.main+fp/hard/libc_nano.a(libc_a-impure.o)
 .data          0x2000044c        0x0 /opt/st/stm32cubeide_1.19.0/plugins/com.st.stm32cube.ide.mcu.externaltools.gnu-tools-for-stm32.13.3.rel1.linux64_1.0.0.202410170706/tools/bin/../lib/gcc/arm-none-eabi/13.3.1/../../../../arm-none-eabi/lib/thumb/v8-m.main+fp/hard/libc_nano.a(libc_a-lseekr.o)
 .data          0x2000044c        0x0 /opt/st/stm32cubeide_1.19.0/plugins/com.st.stm32cube.ide.mcu.externaltools.gnu-tools-for-stm32.13.3.rel1.linux64_1.0.0.202410170706/tools/bin/../lib/gcc/arm-none-eabi/13.3.1/../../../../arm-none-eabi/lib/thumb/v8-m.main+fp/hard/libc_nano.a(libc_a-readr.o)
 .data          0x2000044c        0x0 /opt/st/stm32cubeide_1.19.0/plugins/com.st.stm32cube.ide.mcu.externaltools.gnu-tools-for-stm32.13.3.rel1.linux64_1.0.0.202410170706/tools/bin/../lib/gcc/arm-none-eabi/13.3.1/../../../../arm-none-eabi/lib/thumb/v8-m.main+fp/hard/libc_nano.a(libc_a-writer.o)
 .data          0x2000044c        0x0 /opt/st/stm32cubeide_1.19.0/plugins/com.st.stm32cube.ide.mcu.externaltools.gnu-tools-for-stm32.13.3.rel1.linux64_1.0.0.202410170706/tools/bin/../lib/gcc/arm-none-eabi/13.3.1/../../../../arm-none-eabi/lib/thumb/v8-m.main+fp/hard/libc_nano.a(libc_a-errno.o)
 .data          0x2000044c        0x0 /opt/st/stm32cubeide_1.19.0/plugins/com.st.stm32cube.ide.mcu.externaltools.gnu-tools-for-stm32.13.3.rel1.linux64_1.0.0.202410170706/tools/bin/../lib/gcc/arm-none-eabi/13.3.1/../../../../arm-none-eabi/lib/thumb/v8-m.main+fp/hard/libc_nano.a(libc_a-init.o)
 .data          0x2000044c        0x0 /opt/st/stm32cubeide_1.19.0/plugins/com.st.stm32cube.ide.mcu.externaltools.gnu-tools-for-stm32.13.3.rel1.linux64_1.0.0.202410170706/tools/bin/../lib/gcc/arm-none-eabi/13.3.1/../../../../arm-none-eabi/lib/thumb/v8-m.main+fp/hard/libc_nano.a(libc_a-lock.o)
 .data          0x2000044c        0x0 /opt/st/stm32cubeide_1.19.0/plugins/com.st.stm32cube.ide.mcu.externaltools.gnu-tools-for-stm32.13.3.rel1.linux64_1.0.0.202410170706/tools/bin/../lib/gcc/arm-none-eabi/13.3.1/../../../../arm-none-eabi/lib/thumb/v8-m.main+fp/hard/libc_nano.a(libc_a-strlen.o)
 .data          0x2000044c        0x0 /opt/st/stm32cubeide_1.19.0/plugins/com.st.stm32cube.ide.mcu.externaltools.gnu-tools-for-stm32.13.3.rel1.linux64_1.0.0.202410170706/tools/bin/../lib/gcc/arm-none-eabi/13.3.1/../../../../arm-none-eabi/lib/thumb/v8-m.main+fp/hard/libc_nano.a(libc_a-freer.o)
 .data          0x2000044c        0x0 /opt/st/stm32cubeide_1.19.0/plugins/com.st.stm32cube.ide.mcu.externaltools.gnu-tools-for-stm32.13.3.rel1.linux64_1.0.0.202410170706/tools/bin/../lib/gcc/arm-none-eabi/13.3.1/../../../../arm-none-eabi/lib/thumb/v8-m.main+fp/hard/libc_nano.a(libc_a-mallocr.o)
 .data          0x2000044c        0x0 /opt/st/stm32cubeide_1.19.0/plugins/com.st.stm32cube.ide.mcu.externaltools.gnu-tools-for-stm32.13.3.rel1.linux64_1.0.0.202410170706/tools/bin/../lib/gcc/arm-none-eabi/13.3.1/../../../../arm-none-eabi/lib/thumb/v8-m.main+fp/hard/libc_nano.a(libc_a-mlock.o)
 .data          0x2000044c        0x0 /opt/st/stm32cubeide_1.19.0/plugins/com.st.stm32cube.ide.mcu.externaltools.gnu-tools-for-stm32.13.3.rel1.linux64_1.0.0.202410170706/tools/bin/../lib/gcc/arm-none-eabi/13.3.1/../../../../arm-none-eabi/lib/thumb/v8-m.main+fp/hard/libc_nano.a(libc_a-fflush.o)
 .data          0x2000044c        0x0 /opt/st/stm32cubeide_1.19.0/plugins/com.st.stm32cube.ide.mcu.externaltools.gnu-tools-for-stm32.13.3.rel1.linux64_1.0.0.202410170706/tools/bin/../lib/gcc/arm-none-eabi/13.3.1/../../../../arm-none-eabi/lib/thumb/v8-m.main+fp/hard/libc_nano.a(libc_a-sbrkr.o)
 .data          0x2000044c        0x0 /opt/st/stm32cubeide_1.19.0/plugins/com.st.stm32cube.ide.mcu.externaltools.gnu-tools-for-stm32.13.3.rel1.linux64_1.0.0.202410170706/tools/bin/../lib/gcc/arm-none-eabi/13.3.1/thumb/v8-m.main+fp/hard/libgcc.a(_aeabi_uldivmod.o)
 .data          0x2000044c        0x0 /opt/st/stm32cubeide_1.19.0/plugins/com.st.stm32cube.ide.mcu.externaltools.gnu-tools-for-stm32.13.3.rel1.linux64_1.0.0.202410170706/tools/bin/../lib/gcc/arm-none-eabi/13.3.1/thumb/v8-m.main+fp/hard/libgcc.a(_udivmoddi4.o)
 .data          0x2000044c        0x0 /opt/st/stm32cubeide_1.19.0/plugins/com.st.stm32cube.ide.mcu.externaltools.gnu-tools-for-stm32.13.3.rel1.linux64_1.0.0.202410170706/tools/bin/../lib/gcc/arm-none-eabi/13.3.1/thumb/v8-m.main+fp/hard/libgcc.a(_dvmd_tls.o)
 .data          0x2000044c        0x0 /opt/st/stm32cubeide_1.19.0/plugins/com.st.stm32cube.ide.mcu.externaltools.gnu-tools-for-stm32.13.3.rel1.linux64_1.0.0.202410170706/tools/bin/../lib/gcc/arm-none-eabi/13.3.1/thumb/v8-m.main+fp/hard/crtend.o
 .data          0x2000044c        0x0 /opt/st/stm32cubeide_1.19.0/plugins/com.st.stm32cube.ide.mcu.externaltools.gnu-tools-for-stm32.13.3.rel1.linux64_1.0.0.202410170706/tools/bin/../lib/gcc/arm-none-eabi/13.3.1/thumb/v8-m.main+fp/hard/crtn.o
 *(.data*)
 .data.txbuf    0x2000044c        0x5 ./Core/Src/main.o
                0x2000044c                txbuf
 *fill*         0x20000451        0x3 
 .data.txbuf2   0x20000454        0x2 ./Core/Src/main.o
                0x20000454                txbuf2
 *fill*         0x20000456        0x2 
 .data.environ  0x20000458        0x4 ./Core/Src/syscalls.o
                0x20000458                environ
 .data.SystemCoreClock
                0x2000045c        0x4 ./Core/Src/system_stm32u5xx.o
                0x2000045c                SystemCoreClock
 .data.uwTickPrio
                0x20000460        0x4 ./Drivers/STM32U5xx_HAL_Driver/Src/stm32u5xx_hal.o
                0x20000460                uwTickPrio
 .data.uwTickFreq
                0x20000464        0x1 ./Drivers/STM32U5xx_HAL_Driver/Src/stm32u5xx_hal.o
                0x20000464                uwTickFreq
 *fill*         0x20000465        0x3 
 .data.pFlash   0x20000468       0x1c ./Drivers/STM32U5xx_HAL_Driver/Src/stm32u5xx_hal_flash.o
                0x20000468                pFlash
 .data.__sglue  0x20000484        0xc /opt/st/stm32cubeide_1.19.0/plugins/com.st.stm32cube.ide.mcu.externaltools.gnu-tools-for-stm32.13.3.rel1.linux64_1.0.0.202410170706/tools/bin/../lib/gcc/arm-none-eabi/13.3.1/../../../../arm-none-eabi/lib/thumb/v8-m.main+fp/hard/libc_nano.a(libc_a-findfp.o)
                0x20000484                __sglue
 .data._impure_ptr
                0x20000490        0x4 /opt/st/stm32cubeide_1.19.0/plugins/com.st.stm32cube.ide.mcu.externaltools.gnu-tools-for-stm32.13.3.rel1.linux64_1.0.0.202410170706/tools/bin/../lib/gcc/arm-none-eabi/13.3.1/../../../../arm-none-eabi/lib/thumb/v8-m.main+fp/hard/libc_nano.a(libc_a-impure.o)
                0x20000490                _impure_ptr
 .data._impure_data
                0x20000494       0x4c /opt/st/stm32cubeide_1.19.0/plugins/com.st.stm32cube.ide.mcu.externaltools.gnu-tools-for-stm32.13.3.rel1.linux64_1.0.0.202410170706/tools/bin/../lib/gcc/arm-none-eabi/13.3.1/../../../../arm-none-eabi/lib/thumb/v8-m.main+fp/hard/libc_nano.a(libc_a-impure.o)
                0x20000494                _impure_data
                0x200004e0                        . = ALIGN (0x4)
                0x200004e0                        _edata = .

.igot.plt       0x200004e0        0x0
 .igot.plt      0x200004e0        0x0 /opt/st/stm32cubeide_1.19.0/plugins/com.st.stm32cube.ide.mcu.externaltools.gnu-tools-for-stm32.13.3.rel1.linux64_1.0.0.202410170706/tools/bin/../lib/gcc/arm-none-eabi/13.3.1/thumb/v8-m.main+fp/hard/crtbegin.o
                0x200004e0                        . = ALIGN (0x4)

.bss            0x200004e0      0x2d0
                0x200004e0                        _sbss = .
                0x200004e0                        __bss_start__ = _sbss
 *(.bss)
 .bss           0x200004e0        0x0 /opt/st/stm32cubeide_1.19.0/plugins/com.st.stm32cube.ide.mcu.externaltools.gnu-tools-for-stm32.13.3.rel1.linux64_1.0.0.202410170706/tools/bin/../lib/gcc/arm-none-eabi/13.3.1/thumb/v8-m.main+fp/hard/crti.o
 .bss           0x200004e0       0x1c /opt/st/stm32cubeide_1.19.0/plugins/com.st.stm32cube.ide.mcu.externaltools.gnu-tools-for-stm32.13.3.rel1.linux64_1.0.0.202410170706/tools/bin/../lib/gcc/arm-none-eabi/13.3.1/thumb/v8-m.main+fp/hard/crtbegin.o
 .bss           0x200004fc        0x0 /opt/st/stm32cubeide_1.19.0/plugins/com.st.stm32cube.ide.mcu.externaltools.gnu-tools-for-stm32.13.3.rel1.linux64_1.0.0.202410170706/tools/bin/../lib/gcc/arm-none-eabi/13.3.1/../../../../arm-none-eabi/lib/thumb/v8-m.main+fp/hard/crt0.o
 .bss           0x200004fc        0x0 ./Core/Src/Dev_Inf.o
 .bss           0x200004fc        0x0 ./Core/Src/Loader_Src.o
 .bss           0x200004fc        0x0 ./Core/Src/W25Q128.o
 .bss           0x200004fc        0x0 ./Core/Src/gpio.o
 .bss           0x200004fc        0x0 ./Core/Src/main.o
 .bss           0x200004fc        0x0 ./Core/Src/octospi.o
 .bss           0x200004fc        0x0 ./Core/Src/stm32u5xx_hal_msp.o
 .bss           0x200004fc        0x0 ./Core/Src/stm32u5xx_it.o
 .bss           0x200004fc        0x0 ./Core/Src/syscalls.o
 .bss           0x200004fc        0x0 ./Core/Src/sysmem.o
 .bss           0x200004fc        0x0 ./Core/Src/system_stm32u5xx.o
 .bss           0x200004fc        0x0 ./Core/Src/usart.o
 .bss           0x200004fc        0x0 ./Core/Startup/startup_stm32u575vgtx.o
 .bss           0x200004fc        0x0 ./Drivers/STM32U5xx_HAL_Driver/Src/stm32u5xx_hal.o
 .bss           0x200004fc        0x0 ./Drivers/STM32U5xx_HAL_Driver/Src/stm32u5xx_hal_cortex.o
 .bss           0x200004fc        0x0 ./Drivers/STM32U5xx_HAL_Driver/Src/stm32u5xx_hal_dma.o
 .bss           0x200004fc        0x0 ./Drivers/STM32U5xx_HAL_Driver/Src/stm32u5xx_hal_dma_ex.o
 .bss           0x200004fc        0x0 ./Drivers/STM32U5xx_HAL_Driver/Src/stm32u5xx_hal_exti.o
 .bss           0x200004fc        0x0 ./Drivers/STM32U5xx_HAL_Driver/Src/stm32u5xx_hal_flash.o
 .bss           0x200004fc        0x0 ./Drivers/STM32U5xx_HAL_Driver/Src/stm32u5xx_hal_flash_ex.o
 .bss           0x200004fc        0x0 ./Drivers/STM32U5xx_HAL_Driver/Src/stm32u5xx_hal_gpio.o
 .bss           0x200004fc        0x0 ./Drivers/STM32U5xx_HAL_Driver/Src/stm32u5xx_hal_gtzc.o
 .bss           0x200004fc        0x0 ./Drivers/STM32U5xx_HAL_Driver/Src/stm32u5xx_hal_i2c.o
 .bss           0x200004fc        0x0 ./Drivers/STM32U5xx_HAL_Driver/Src/stm32u5xx_hal_i2c_ex.o
 .bss           0x200004fc        0x0 ./Drivers/STM32U5xx_HAL_Driver/Src/stm32u5xx_hal_icache.o
 .bss           0x200004fc        0x0 ./Drivers/STM32U5xx_HAL_Driver/Src/stm32u5xx_hal_ospi.o
 .bss           0x200004fc        0x0 ./Drivers/STM32U5xx_HAL_Driver/Src/stm32u5xx_hal_pwr.o
 .bss           0x200004fc        0x0 ./Drivers/STM32U5xx_HAL_Driver/Src/stm32u5xx_hal_pwr_ex.o
 .bss           0x200004fc        0x0 ./Drivers/STM32U5xx_HAL_Driver/Src/stm32u5xx_hal_rcc.o
 .bss           0x200004fc        0x0 ./Drivers/STM32U5xx_HAL_Driver/Src/stm32u5xx_hal_rcc_ex.o
 .bss           0x200004fc        0x0 ./Drivers/STM32U5xx_HAL_Driver/Src/stm32u5xx_hal_uart.o
 .bss           0x200004fc        0x0 ./Drivers/STM32U5xx_HAL_Driver/Src/stm32u5xx_hal_uart_ex.o
 .bss           0x200004fc        0x0 ./Drivers/STM32U5xx_HAL_Driver/Src/stm32u5xx_ll_dlyb.o
 .bss           0x200004fc        0x0 /opt/st/stm32cubeide_1.19.0/plugins/com.st.stm32cube.ide.mcu.externaltools.gnu-tools-for-stm32.13.3.rel1.linux64_1.0.0.202410170706/tools/bin/../lib/gcc/arm-none-eabi/13.3.1/../../../../arm-none-eabi/lib/thumb/v8-m.main+fp/hard/libc_nano.a(libc_a-exit.o)
 .bss           0x200004fc        0x0 /opt/st/stm32cubeide_1.19.0/plugins/com.st.stm32cube.ide.mcu.externaltools.gnu-tools-for-stm32.13.3.rel1.linux64_1.0.0.202410170706/tools/bin/../lib/gcc/arm-none-eabi/13.3.1/../../../../arm-none-eabi/lib/thumb/v8-m.main+fp/hard/libc_nano.a(libc_a-findfp.o)
 .bss           0x200004fc        0x0 /opt/st/stm32cubeide_1.19.0/plugins/com.st.stm32cube.ide.mcu.externaltools.gnu-tools-for-stm32.13.3.rel1.linux64_1.0.0.202410170706/tools/bin/../lib/gcc/arm-none-eabi/13.3.1/../../../../arm-none-eabi/lib/thumb/v8-m.main+fp/hard/libc_nano.a(libc_a-fwalk.o)
 .bss           0x200004fc        0x0 /opt/st/stm32cubeide_1.19.0/plugins/com.st.stm32cube.ide.mcu.externaltools.gnu-tools-for-stm32.13.3.rel1.linux64_1.0.0.202410170706/tools/bin/../lib/gcc/arm-none-eabi/13.3.1/../../../../arm-none-eabi/lib/thumb/v8-m.main+fp/hard/libc_nano.a(libc_a-stdio.o)
 .bss           0x200004fc        0x0 /opt/st/stm32cubeide_1.19.0/plugins/com.st.stm32cube.ide.mcu.externaltools.gnu-tools-for-stm32.13.3.rel1.linux64_1.0.0.202410170706/tools/bin/../lib/gcc/arm-none-eabi/13.3.1/../../../../arm-none-eabi/lib/thumb/v8-m.main+fp/hard/libc_nano.a(libc_a-memset.o)
 .bss           0x200004fc        0x0 /opt/st/stm32cubeide_1.19.0/plugins/com.st.stm32cube.ide.mcu.externaltools.gnu-tools-for-stm32.13.3.rel1.linux64_1.0.0.202410170706/tools/bin/../lib/gcc/arm-none-eabi/13.3.1/../../../../arm-none-eabi/lib/thumb/v8-m.main+fp/hard/libc_nano.a(libc_a-closer.o)
 .bss           0x200004fc        0x0 /opt/st/stm32cubeide_1.19.0/plugins/com.st.stm32cube.ide.mcu.externaltools.gnu-tools-for-stm32.13.3.rel1.linux64_1.0.0.202410170706/tools/bin/../lib/gcc/arm-none-eabi/13.3.1/../../../../arm-none-eabi/lib/thumb/v8-m.main+fp/hard/libc_nano.a(libc_a-reent.o)
 .bss           0x200004fc        0x0 /opt/st/stm32cubeide_1.19.0/plugins/com.st.stm32cube.ide.mcu.externaltools.gnu-tools-for-stm32.13.3.rel1.linux64_1.0.0.202410170706/tools/bin/../lib/gcc/arm-none-eabi/13.3.1/../../../../arm-none-eabi/lib/thumb/v8-m.main+fp/hard/libc_nano.a(libc_a-impure.o)
 .bss           0x200004fc        0x0 /opt/st/stm32cubeide_1.19.0/plugins/com.st.stm32cube.ide.mcu.externaltools.gnu-tools-for-stm32.13.3.rel1.linux64_1.0.0.202410170706/tools/bin/../lib/gcc/arm-none-eabi/13.3.1/../../../../arm-none-eabi/lib/thumb/v8-m.main+fp/hard/libc_nano.a(libc_a-lseekr.o)
 .bss           0x200004fc        0x0 /opt/st/stm32cubeide_1.19.0/plugins/com.st.stm32cube.ide.mcu.externaltools.gnu-tools-for-stm32.13.3.rel1.linux64_1.0.0.202410170706/tools/bin/../lib/gcc/arm-none-eabi/13.3.1/../../../../arm-none-eabi/lib/thumb/v8-m.main+fp/hard/libc_nano.a(libc_a-readr.o)
 .bss           0x200004fc        0x0 /opt/st/stm32cubeide_1.19.0/plugins/com.st.stm32cube.ide.mcu.externaltools.gnu-tools-for-stm32.13.3.rel1.linux64_1.0.0.202410170706/tools/bin/../lib/gcc/arm-none-eabi/13.3.1/../../../../arm-none-eabi/lib/thumb/v8-m.main+fp/hard/libc_nano.a(libc_a-writer.o)
 .bss           0x200004fc        0x0 /opt/st/stm32cubeide_1.19.0/plugins/com.st.stm32cube.ide.mcu.externaltools.gnu-tools-for-stm32.13.3.rel1.linux64_1.0.0.202410170706/tools/bin/../lib/gcc/arm-none-eabi/13.3.1/../../../../arm-none-eabi/lib/thumb/v8-m.main+fp/hard/libc_nano.a(libc_a-errno.o)
 .bss           0x200004fc        0x0 /opt/st/stm32cubeide_1.19.0/plugins/com.st.stm32cube.ide.mcu.externaltools.gnu-tools-for-stm32.13.3.rel1.linux64_1.0.0.202410170706/tools/bin/../lib/gcc/arm-none-eabi/13.3.1/../../../../arm-none-eabi/lib/thumb/v8-m.main+fp/hard/libc_nano.a(libc_a-init.o)
 .bss           0x200004fc        0x0 /opt/st/stm32cubeide_1.19.0/plugins/com.st.stm32cube.ide.mcu.externaltools.gnu-tools-for-stm32.13.3.rel1.linux64_1.0.0.202410170706/tools/bin/../lib/gcc/arm-none-eabi/13.3.1/../../../../arm-none-eabi/lib/thumb/v8-m.main+fp/hard/libc_nano.a(libc_a-lock.o)
 .bss           0x200004fc        0x0 /opt/st/stm32cubeide_1.19.0/plugins/com.st.stm32cube.ide.mcu.externaltools.gnu-tools-for-stm32.13.3.rel1.linux64_1.0.0.202410170706/tools/bin/../lib/gcc/arm-none-eabi/13.3.1/../../../../arm-none-eabi/lib/thumb/v8-m.main+fp/hard/libc_nano.a(libc_a-strlen.o)
 .bss           0x200004fc        0x0 /opt/st/stm32cubeide_1.19.0/plugins/com.st.stm32cube.ide.mcu.externaltools.gnu-tools-for-stm32.13.3.rel1.linux64_1.0.0.202410170706/tools/bin/../lib/gcc/arm-none-eabi/13.3.1/../../../../arm-none-eabi/lib/thumb/v8-m.main+fp/hard/libc_nano.a(libc_a-freer.o)
 .bss           0x200004fc        0x0 /opt/st/stm32cubeide_1.19.0/plugins/com.st.stm32cube.ide.mcu.externaltools.gnu-tools-for-stm32.13.3.rel1.linux64_1.0.0.202410170706/tools/bin/../lib/gcc/arm-none-eabi/13.3.1/../../../../arm-none-eabi/lib/thumb/v8-m.main+fp/hard/libc_nano.a(libc_a-mallocr.o)
 .bss           0x200004fc        0x0 /opt/st/stm32cubeide_1.19.0/plugins/com.st.stm32cube.ide.mcu.externaltools.gnu-tools-for-stm32.13.3.rel1.linux64_1.0.0.202410170706/tools/bin/../lib/gcc/arm-none-eabi/13.3.1/../../../../arm-none-eabi/lib/thumb/v8-m.main+fp/hard/libc_nano.a(libc_a-mlock.o)
 .bss           0x200004fc        0x0 /opt/st/stm32cubeide_1.19.0/plugins/com.st.stm32cube.ide.mcu.externaltools.gnu-tools-for-stm32.13.3.rel1.linux64_1.0.0.202410170706/tools/bin/../lib/gcc/arm-none-eabi/13.3.1/../../../../arm-none-eabi/lib/thumb/v8-m.main+fp/hard/libc_nano.a(libc_a-fflush.o)
 .bss           0x200004fc        0x0 /opt/st/stm32cubeide_1.19.0/plugins/com.st.stm32cube.ide.mcu.externaltools.gnu-tools-for-stm32.13.3.rel1.linux64_1.0.0.202410170706/tools/bin/../lib/gcc/arm-none-eabi/13.3.1/../../../../arm-none-eabi/lib/thumb/v8-m.main+fp/hard/libc_nano.a(libc_a-sbrkr.o)
 .bss           0x200004fc        0x0 /opt/st/stm32cubeide_1.19.0/plugins/com.st.stm32cube.ide.mcu.externaltools.gnu-tools-for-stm32.13.3.rel1.linux64_1.0.0.202410170706/tools/bin/../lib/gcc/arm-none-eabi/13.3.1/thumb/v8-m.main+fp/hard/libgcc.a(_aeabi_uldivmod.o)
 .bss           0x200004fc        0x0 /opt/st/stm32cubeide_1.19.0/plugins/com.st.stm32cube.ide.mcu.externaltools.gnu-tools-for-stm32.13.3.rel1.linux64_1.0.0.202410170706/tools/bin/../lib/gcc/arm-none-eabi/13.3.1/thumb/v8-m.main+fp/hard/libgcc.a(_udivmoddi4.o)
 .bss           0x200004fc        0x0 /opt/st/stm32cubeide_1.19.0/plugins/com.st.stm32cube.ide.mcu.externaltools.gnu-tools-for-stm32.13.3.rel1.linux64_1.0.0.202410170706/tools/bin/../lib/gcc/arm-none-eabi/13.3.1/thumb/v8-m.main+fp/hard/libgcc.a(_dvmd_tls.o)
 .bss           0x200004fc        0x0 /opt/st/stm32cubeide_1.19.0/plugins/com.st.stm32cube.ide.mcu.externaltools.gnu-tools-for-stm32.13.3.rel1.linux64_1.0.0.202410170706/tools/bin/../lib/gcc/arm-none-eabi/13.3.1/thumb/v8-m.main+fp/hard/crtend.o
 .bss           0x200004fc        0x0 /opt/st/stm32cubeide_1.19.0/plugins/com.st.stm32cube.ide.mcu.externaltools.gnu-tools-for-stm32.13.3.rel1.linux64_1.0.0.202410170706/tools/bin/../lib/gcc/arm-none-eabi/13.3.1/thumb/v8-m.main+fp/hard/crtn.o
 *(.bss*)
 .bss.ret       0x200004fc        0x1 ./Core/Src/main.o
                0x200004fc                ret
 *fill*         0x200004fd        0x3 
 .bss.rxbuf     0x20000500       0x64 ./Core/Src/main.o
                0x20000500                rxbuf
 .bss.hospi1    0x20000564       0x5c ./Core/Src/octospi.o
                0x20000564                hospi1
 .bss.__env     0x200005c0        0x4 ./Core/Src/syscalls.o
                0x200005c0                __env
 .bss.__sbrk_heap_end
                0x200005c4        0x4 ./Core/Src/sysmem.o
 .bss.huart2    0x200005c8       0x94 ./Core/Src/usart.o
                0x200005c8                huart2
 .bss.uwTick    0x2000065c        0x4 ./Drivers/STM32U5xx_HAL_Driver/Src/stm32u5xx_hal.o
                0x2000065c                uwTick
 .bss.__sf      0x20000660      0x138 /opt/st/stm32cubeide_1.19.0/plugins/com.st.stm32cube.ide.mcu.externaltools.gnu-tools-for-stm32.13.3.rel1.linux64_1.0.0.202410170706/tools/bin/../lib/gcc/arm-none-eabi/13.3.1/../../../../arm-none-eabi/lib/thumb/v8-m.main+fp/hard/libc_nano.a(libc_a-findfp.o)
                0x20000660                __sf
 .bss.__stdio_exit_handler
                0x20000798        0x4 /opt/st/stm32cubeide_1.19.0/plugins/com.st.stm32cube.ide.mcu.externaltools.gnu-tools-for-stm32.13.3.rel1.linux64_1.0.0.202410170706/tools/bin/../lib/gcc/arm-none-eabi/13.3.1/../../../../arm-none-eabi/lib/thumb/v8-m.main+fp/hard/libc_nano.a(libc_a-findfp.o)
                0x20000798                __stdio_exit_handler
 .bss.errno     0x2000079c        0x4 /opt/st/stm32cubeide_1.19.0/plugins/com.st.stm32cube.ide.mcu.externaltools.gnu-tools-for-stm32.13.3.rel1.linux64_1.0.0.202410170706/tools/bin/../lib/gcc/arm-none-eabi/13.3.1/../../../../arm-none-eabi/lib/thumb/v8-m.main+fp/hard/libc_nano.a(libc_a-reent.o)
                0x2000079c                errno
 .bss.__lock___arc4random_mutex
                0x200007a0        0x1 /opt/st/stm32cubeide_1.19.0/plugins/com.st.stm32cube.ide.mcu.externaltools.gnu-tools-for-stm32.13.3.rel1.linux64_1.0.0.202410170706/tools/bin/../lib/gcc/arm-none-eabi/13.3.1/../../../../arm-none-eabi/lib/thumb/v8-m.main+fp/hard/libc_nano.a(libc_a-lock.o)
                0x200007a0                __lock___arc4random_mutex
 .bss.__lock___dd_hash_mutex
                0x200007a1        0x1 /opt/st/stm32cubeide_1.19.0/plugins/com.st.stm32cube.ide.mcu.externaltools.gnu-tools-for-stm32.13.3.rel1.linux64_1.0.0.202410170706/tools/bin/../lib/gcc/arm-none-eabi/13.3.1/../../../../arm-none-eabi/lib/thumb/v8-m.main+fp/hard/libc_nano.a(libc_a-lock.o)
                0x200007a1                __lock___dd_hash_mutex
 .bss.__lock___tz_mutex
                0x200007a2        0x1 /opt/st/stm32cubeide_1.19.0/plugins/com.st.stm32cube.ide.mcu.externaltools.gnu-tools-for-stm32.13.3.rel1.linux64_1.0.0.202410170706/tools/bin/../lib/gcc/arm-none-eabi/13.3.1/../../../../arm-none-eabi/lib/thumb/v8-m.main+fp/hard/libc_nano.a(libc_a-lock.o)
                0x200007a2                __lock___tz_mutex
 .bss.__lock___env_recursive_mutex
                0x200007a3        0x1 /opt/st/stm32cubeide_1.19.0/plugins/com.st.stm32cube.ide.mcu.externaltools.gnu-tools-for-stm32.13.3.rel1.linux64_1.0.0.202410170706/tools/bin/../lib/gcc/arm-none-eabi/13.3.1/../../../../arm-none-eabi/lib/thumb/v8-m.main+fp/hard/libc_nano.a(libc_a-lock.o)
                0x200007a3                __lock___env_recursive_mutex
 .bss.__lock___malloc_recursive_mutex
                0x200007a4        0x1 /opt/st/stm32cubeide_1.19.0/plugins/com.st.stm32cube.ide.mcu.externaltools.gnu-tools-for-stm32.13.3.rel1.linux64_1.0.0.202410170706/tools/bin/../lib/gcc/arm-none-eabi/13.3.1/../../../../arm-none-eabi/lib/thumb/v8-m.main+fp/hard/libc_nano.a(libc_a-lock.o)
                0x200007a4                __lock___malloc_recursive_mutex
 .bss.__lock___at_quick_exit_mutex
                0x200007a5        0x1 /opt/st/stm32cubeide_1.19.0/plugins/com.st.stm32cube.ide.mcu.externaltools.gnu-tools-for-stm32.13.3.rel1.linux64_1.0.0.202410170706/tools/bin/../lib/gcc/arm-none-eabi/13.3.1/../../../../arm-none-eabi/lib/thumb/v8-m.main+fp/hard/libc_nano.a(libc_a-lock.o)
                0x200007a5                __lock___at_quick_exit_mutex
 .bss.__lock___atexit_recursive_mutex
                0x200007a6        0x1 /opt/st/stm32cubeide_1.19.0/plugins/com.st.stm32cube.ide.mcu.externaltools.gnu-tools-for-stm32.13.3.rel1.linux64_1.0.0.202410170706/tools/bin/../lib/gcc/arm-none-eabi/13.3.1/../../../../arm-none-eabi/lib/thumb/v8-m.main+fp/hard/libc_nano.a(libc_a-lock.o)
                0x200007a6                __lock___atexit_recursive_mutex
 .bss.__lock___sfp_recursive_mutex
                0x200007a7        0x1 /opt/st/stm32cubeide_1.19.0/plugins/com.st.stm32cube.ide.mcu.externaltools.gnu-tools-for-stm32.13.3.rel1.linux64_1.0.0.202410170706/tools/bin/../lib/gcc/arm-none-eabi/13.3.1/../../../../arm-none-eabi/lib/thumb/v8-m.main+fp/hard/libc_nano.a(libc_a-lock.o)
                0x200007a7                __lock___sfp_recursive_mutex
 .bss.__malloc_sbrk_start
                0x200007a8        0x4 /opt/st/stm32cubeide_1.19.0/plugins/com.st.stm32cube.ide.mcu.externaltools.gnu-tools-for-stm32.13.3.rel1.linux64_1.0.0.202410170706/tools/bin/../lib/gcc/arm-none-eabi/13.3.1/../../../../arm-none-eabi/lib/thumb/v8-m.main+fp/hard/libc_nano.a(libc_a-mallocr.o)
                0x200007a8                __malloc_sbrk_start
 .bss.__malloc_free_list
                0x200007ac        0x4 /opt/st/stm32cubeide_1.19.0/plugins/com.st.stm32cube.ide.mcu.externaltools.gnu-tools-for-stm32.13.3.rel1.linux64_1.0.0.202410170706/tools/bin/../lib/gcc/arm-none-eabi/13.3.1/../../../../arm-none-eabi/lib/thumb/v8-m.main+fp/hard/libc_nano.a(libc_a-mallocr.o)
                0x200007ac                __malloc_free_list
 *(COMMON)
                0x200007b0                        . = ALIGN (0x4)
                0x200007b0                        _ebss = .
                0x200007b0                        __bss_end__ = _ebss

.text           0x200007b0    0x17c20
                0x200007b0                        . = ALIGN (0x4)
 *(.text)
 .text          0x200007b0        0x0 /opt/st/stm32cubeide_1.19.0/plugins/com.st.stm32cube.ide.mcu.externaltools.gnu-tools-for-stm32.13.3.rel1.linux64_1.0.0.202410170706/tools/bin/../lib/gcc/arm-none-eabi/13.3.1/thumb/v8-m.main+fp/hard/crti.o
 .text          0x200007b0       0x40 /opt/st/stm32cubeide_1.19.0/plugins/com.st.stm32cube.ide.mcu.externaltools.gnu-tools-for-stm32.13.3.rel1.linux64_1.0.0.202410170706/tools/bin/../lib/gcc/arm-none-eabi/13.3.1/thumb/v8-m.main+fp/hard/crtbegin.o
 .text          0x200007f0       0x7c /opt/st/stm32cubeide_1.19.0/plugins/com.st.stm32cube.ide.mcu.externaltools.gnu-tools-for-stm32.13.3.rel1.linux64_1.0.0.202410170706/tools/bin/../lib/gcc/arm-none-eabi/13.3.1/../../../../arm-none-eabi/lib/thumb/v8-m.main+fp/hard/crt0.o
                0x200007f0                _stack_init
                0x200007f8                _mainCRTStartup
                0x200007f8                _start
 .text          0x2000086c        0x0 ./Core/Src/Dev_Inf.o
 .text          0x2000086c        0x0 ./Core/Src/Loader_Src.o
 .text          0x2000086c        0x0 ./Core/Src/W25Q128.o
 .text          0x2000086c        0x0 ./Core/Src/gpio.o
 .text          0x2000086c        0x0 ./Core/Src/main.o
 .text          0x2000086c        0x0 ./Core/Src/octospi.o
 .text          0x2000086c        0x0 ./Core/Src/stm32u5xx_hal_msp.o
 .text          0x2000086c        0x0 ./Core/Src/stm32u5xx_it.o
 .text          0x2000086c        0x0 ./Core/Src/syscalls.o
 .text          0x2000086c        0x0 ./Core/Src/sysmem.o
 .text          0x2000086c        0x0 ./Core/Src/system_stm32u5xx.o
 .text          0x2000086c        0x0 ./Core/Src/usart.o
 .text          0x2000086c       0x14 ./Core/Startup/startup_stm32u575vgtx.o
 .text          0x20000880        0x0 ./Drivers/STM32U5xx_HAL_Driver/Src/stm32u5xx_hal.o
 .text          0x20000880        0x0 ./Drivers/STM32U5xx_HAL_Driver/Src/stm32u5xx_hal_cortex.o
 .text          0x20000880        0x0 ./Drivers/STM32U5xx_HAL_Driver/Src/stm32u5xx_hal_dma.o
 .text          0x20000880        0x0 ./Drivers/STM32U5xx_HAL_Driver/Src/stm32u5xx_hal_dma_ex.o
 .text          0x20000880        0x0 ./Drivers/STM32U5xx_HAL_Driver/Src/stm32u5xx_hal_exti.o
 .text          0x20000880        0x0 ./Drivers/STM32U5xx_HAL_Driver/Src/stm32u5xx_hal_flash.o
 .text          0x20000880        0x0 ./Drivers/STM32U5xx_HAL_Driver/Src/stm32u5xx_hal_flash_ex.o
 .text          0x20000880        0x0 ./Drivers/STM32U5xx_HAL_Driver/Src/stm32u5xx_hal_gpio.o
 .text          0x20000880        0x0 ./Drivers/STM32U5xx_HAL_Driver/Src/stm32u5xx_hal_gtzc.o
 .text          0x20000880        0x0 ./Drivers/STM32U5xx_HAL_Driver/Src/stm32u5xx_hal_i2c.o
 .text          0x20000880        0x0 ./Drivers/STM32U5xx_HAL_Driver/Src/stm32u5xx_hal_i2c_ex.o
 .text          0x20000880        0x0 ./Drivers/STM32U5xx_HAL_Driver/Src/stm32u5xx_hal_icache.o
 .text          0x20000880        0x0 ./Drivers/STM32U5xx_HAL_Driver/Src/stm32u5xx_hal_ospi.o
 .text          0x20000880        0x0 ./Drivers/STM32U5xx_HAL_Driver/Src/stm32u5xx_hal_pwr.o
 .text          0x20000880        0x0 ./Drivers/STM32U5xx_HAL_Driver/Src/stm32u5xx_hal_pwr_ex.o
 .text          0x20000880        0x0 ./Drivers/STM32U5xx_HAL_Driver/Src/stm32u5xx_hal_rcc.o
 .text          0x20000880        0x0 ./Drivers/STM32U5xx_HAL_Driver/Src/stm32u5xx_hal_rcc_ex.o
 .text          0x20000880        0x0 ./Drivers/STM32U5xx_HAL_Driver/Src/stm32u5xx_hal_uart.o
 .text          0x20000880        0x0 ./Drivers/STM32U5xx_HAL_Driver/Src/stm32u5xx_hal_uart_ex.o
 .text          0x20000880        0x0 ./Drivers/STM32U5xx_HAL_Driver/Src/stm32u5xx_ll_dlyb.o
 .text          0x20000880        0x0 /opt/st/stm32cubeide_1.19.0/plugins/com.st.stm32cube.ide.mcu.externaltools.gnu-tools-for-stm32.13.3.rel1.linux64_1.0.0.202410170706/tools/bin/../lib/gcc/arm-none-eabi/13.3.1/../../../../arm-none-eabi/lib/thumb/v8-m.main+fp/hard/libc_nano.a(libc_a-exit.o)
 .text          0x20000880        0x0 /opt/st/stm32cubeide_1.19.0/plugins/com.st.stm32cube.ide.mcu.externaltools.gnu-tools-for-stm32.13.3.rel1.linux64_1.0.0.202410170706/tools/bin/../lib/gcc/arm-none-eabi/13.3.1/../../../../arm-none-eabi/lib/thumb/v8-m.main+fp/hard/libc_nano.a(libc_a-findfp.o)
 .text          0x20000880        0x0 /opt/st/stm32cubeide_1.19.0/plugins/com.st.stm32cube.ide.mcu.externaltools.gnu-tools-for-stm32.13.3.rel1.linux64_1.0.0.202410170706/tools/bin/../lib/gcc/arm-none-eabi/13.3.1/../../../../arm-none-eabi/lib/thumb/v8-m.main+fp/hard/libc_nano.a(libc_a-fwalk.o)
 .text          0x20000880        0x0 /opt/st/stm32cubeide_1.19.0/plugins/com.st.stm32cube.ide.mcu.externaltools.gnu-tools-for-stm32.13.3.rel1.linux64_1.0.0.202410170706/tools/bin/../lib/gcc/arm-none-eabi/13.3.1/../../../../arm-none-eabi/lib/thumb/v8-m.main+fp/hard/libc_nano.a(libc_a-stdio.o)
 .text          0x20000880        0x0 /opt/st/stm32cubeide_1.19.0/plugins/com.st.stm32cube.ide.mcu.externaltools.gnu-tools-for-stm32.13.3.rel1.linux64_1.0.0.202410170706/tools/bin/../lib/gcc/arm-none-eabi/13.3.1/../../../../arm-none-eabi/lib/thumb/v8-m.main+fp/hard/libc_nano.a(libc_a-memset.o)
 .text          0x20000880        0x0 /opt/st/stm32cubeide_1.19.0/plugins/com.st.stm32cube.ide.mcu.externaltools.gnu-tools-for-stm32.13.3.rel1.linux64_1.0.0.202410170706/tools/bin/../lib/gcc/arm-none-eabi/13.3.1/../../../../arm-none-eabi/lib/thumb/v8-m.main+fp/hard/libc_nano.a(libc_a-closer.o)
 .text          0x20000880        0x0 /opt/st/stm32cubeide_1.19.0/plugins/com.st.stm32cube.ide.mcu.externaltools.gnu-tools-for-stm32.13.3.rel1.linux64_1.0.0.202410170706/tools/bin/../lib/gcc/arm-none-eabi/13.3.1/../../../../arm-none-eabi/lib/thumb/v8-m.main+fp/hard/libc_nano.a(libc_a-reent.o)
 .text          0x20000880        0x0 /opt/st/stm32cubeide_1.19.0/plugins/com.st.stm32cube.ide.mcu.externaltools.gnu-tools-for-stm32.13.3.rel1.linux64_1.0.0.202410170706/tools/bin/../lib/gcc/arm-none-eabi/13.3.1/../../../../arm-none-eabi/lib/thumb/v8-m.main+fp/hard/libc_nano.a(libc_a-impure.o)
 .text          0x20000880        0x0 /opt/st/stm32cubeide_1.19.0/plugins/com.st.stm32cube.ide.mcu.externaltools.gnu-tools-for-stm32.13.3.rel1.linux64_1.0.0.202410170706/tools/bin/../lib/gcc/arm-none-eabi/13.3.1/../../../../arm-none-eabi/lib/thumb/v8-m.main+fp/hard/libc_nano.a(libc_a-lseekr.o)
 .text          0x20000880        0x0 /opt/st/stm32cubeide_1.19.0/plugins/com.st.stm32cube.ide.mcu.externaltools.gnu-tools-for-stm32.13.3.rel1.linux64_1.0.0.202410170706/tools/bin/../lib/gcc/arm-none-eabi/13.3.1/../../../../arm-none-eabi/lib/thumb/v8-m.main+fp/hard/libc_nano.a(libc_a-readr.o)
 .text          0x20000880        0x0 /opt/st/stm32cubeide_1.19.0/plugins/com.st.stm32cube.ide.mcu.externaltools.gnu-tools-for-stm32.13.3.rel1.linux64_1.0.0.202410170706/tools/bin/../lib/gcc/arm-none-eabi/13.3.1/../../../../arm-none-eabi/lib/thumb/v8-m.main+fp/hard/libc_nano.a(libc_a-writer.o)
 .text          0x20000880        0x0 /opt/st/stm32cubeide_1.19.0/plugins/com.st.stm32cube.ide.mcu.externaltools.gnu-tools-for-stm32.13.3.rel1.linux64_1.0.0.202410170706/tools/bin/../lib/gcc/arm-none-eabi/13.3.1/../../../../arm-none-eabi/lib/thumb/v8-m.main+fp/hard/libc_nano.a(libc_a-errno.o)
 .text          0x20000880        0x0 /opt/st/stm32cubeide_1.19.0/plugins/com.st.stm32cube.ide.mcu.externaltools.gnu-tools-for-stm32.13.3.rel1.linux64_1.0.0.202410170706/tools/bin/../lib/gcc/arm-none-eabi/13.3.1/../../../../arm-none-eabi/lib/thumb/v8-m.main+fp/hard/libc_nano.a(libc_a-init.o)
 .text          0x20000880        0x0 /opt/st/stm32cubeide_1.19.0/plugins/com.st.stm32cube.ide.mcu.externaltools.gnu-tools-for-stm32.13.3.rel1.linux64_1.0.0.202410170706/tools/bin/../lib/gcc/arm-none-eabi/13.3.1/../../../../arm-none-eabi/lib/thumb/v8-m.main+fp/hard/libc_nano.a(libc_a-lock.o)
 .text          0x20000880       0x10 /opt/st/stm32cubeide_1.19.0/plugins/com.st.stm32cube.ide.mcu.externaltools.gnu-tools-for-stm32.13.3.rel1.linux64_1.0.0.202410170706/tools/bin/../lib/gcc/arm-none-eabi/13.3.1/../../../../arm-none-eabi/lib/thumb/v8-m.main+fp/hard/libc_nano.a(libc_a-strlen.o)
                0x20000880                strlen
 .text          0x20000890        0x0 /opt/st/stm32cubeide_1.19.0/plugins/com.st.stm32cube.ide.mcu.externaltools.gnu-tools-for-stm32.13.3.rel1.linux64_1.0.0.202410170706/tools/bin/../lib/gcc/arm-none-eabi/13.3.1/../../../../arm-none-eabi/lib/thumb/v8-m.main+fp/hard/libc_nano.a(libc_a-freer.o)
 .text          0x20000890        0x0 /opt/st/stm32cubeide_1.19.0/plugins/com.st.stm32cube.ide.mcu.externaltools.gnu-tools-for-stm32.13.3.rel1.linux64_1.0.0.202410170706/tools/bin/../lib/gcc/arm-none-eabi/13.3.1/../../../../arm-none-eabi/lib/thumb/v8-m.main+fp/hard/libc_nano.a(libc_a-mallocr.o)
 .text          0x20000890        0x0 /opt/st/stm32cubeide_1.19.0/plugins/com.st.stm32cube.ide.mcu.externaltools.gnu-tools-for-stm32.13.3.rel1.linux64_1.0.0.202410170706/tools/bin/../lib/gcc/arm-none-eabi/13.3.1/../../../../arm-none-eabi/lib/thumb/v8-m.main+fp/hard/libc_nano.a(libc_a-mlock.o)
 .text          0x20000890        0x0 /opt/st/stm32cubeide_1.19.0/plugins/com.st.stm32cube.ide.mcu.externaltools.gnu-tools-for-stm32.13.3.rel1.linux64_1.0.0.202410170706/tools/bin/../lib/gcc/arm-none-eabi/13.3.1/../../../../arm-none-eabi/lib/thumb/v8-m.main+fp/hard/libc_nano.a(libc_a-fflush.o)
 .text          0x20000890        0x0 /opt/st/stm32cubeide_1.19.0/plugins/com.st.stm32cube.ide.mcu.externaltools.gnu-tools-for-stm32.13.3.rel1.linux64_1.0.0.202410170706/tools/bin/../lib/gcc/arm-none-eabi/13.3.1/../../../../arm-none-eabi/lib/thumb/v8-m.main+fp/hard/libc_nano.a(libc_a-sbrkr.o)
 .text          0x20000890       0x30 /opt/st/stm32cubeide_1.19.0/plugins/com.st.stm32cube.ide.mcu.externaltools.gnu-tools-for-stm32.13.3.rel1.linux64_1.0.0.202410170706/tools/bin/../lib/gcc/arm-none-eabi/13.3.1/thumb/v8-m.main+fp/hard/libgcc.a(_aeabi_uldivmod.o)
                0x20000890                __aeabi_uldivmod
 .text          0x200008c0      0x348 /opt/st/stm32cubeide_1.19.0/plugins/com.st.stm32cube.ide.mcu.externaltools.gnu-tools-for-stm32.13.3.rel1.linux64_1.0.0.202410170706/tools/bin/../lib/gcc/arm-none-eabi/13.3.1/thumb/v8-m.main+fp/hard/libgcc.a(_udivmoddi4.o)
                0x200008c0                __udivmoddi4
 .text          0x20000c08        0x4 /opt/st/stm32cubeide_1.19.0/plugins/com.st.stm32cube.ide.mcu.externaltools.gnu-tools-for-stm32.13.3.rel1.linux64_1.0.0.202410170706/tools/bin/../lib/gcc/arm-none-eabi/13.3.1/thumb/v8-m.main+fp/hard/libgcc.a(_dvmd_tls.o)
                0x20000c08                __aeabi_ldiv0
                0x20000c08                __aeabi_idiv0
 .text          0x20000c0c        0x0 /opt/st/stm32cubeide_1.19.0/plugins/com.st.stm32cube.ide.mcu.externaltools.gnu-tools-for-stm32.13.3.rel1.linux64_1.0.0.202410170706/tools/bin/../lib/gcc/arm-none-eabi/13.3.1/thumb/v8-m.main+fp/hard/crtend.o
 .text          0x20000c0c        0x0 /opt/st/stm32cubeide_1.19.0/plugins/com.st.stm32cube.ide.mcu.externaltools.gnu-tools-for-stm32.13.3.rel1.linux64_1.0.0.202410170706/tools/bin/../lib/gcc/arm-none-eabi/13.3.1/thumb/v8-m.main+fp/hard/crtn.o
 *(.text*)
 .text.Init     0x20000c0c       0xd4 ./Core/Src/Loader_Src.o
                0x20000c0c                Init
 .text.Write    0x20000ce0       0x74 ./Core/Src/Loader_Src.o
                0x20000ce0                Write
 .text.SectorErase
                0x20000d54       0x6c ./Core/Src/Loader_Src.o
                0x20000d54                SectorErase
 .text.MassErase
                0x20000dc0       0x64 ./Core/Src/Loader_Src.o
                0x20000dc0                MassErase
 .text.CheckSum
                0x20000e24      0x1c6 ./Core/Src/Loader_Src.o
                0x20000e24                CheckSum
 *fill*         0x20000fea        0x2 
 .text.Verify   0x20000fec       0xfc ./Core/Src/Loader_Src.o
                0x20000fec                Verify
 .text.W25Q128_OCTO_SPI_Init
                0x200010e8       0x98 ./Core/Src/W25Q128.o
                0x200010e8                W25Q128_OCTO_SPI_Init
 .text.W25Q128_OSPI_ResetChip
                0x20001180       0xf8 ./Core/Src/W25Q128.o
                0x20001180                W25Q128_OSPI_ResetChip
 .text.W25Q128_OSPI_Configuration
                0x20001278       0xc8 ./Core/Src/W25Q128.o
                0x20001278                W25Q128_OSPI_Configuration
 .text.W25Q128_OSPI_WriteEnable
                0x20001340      0x11c ./Core/Src/W25Q128.o
                0x20001340                W25Q128_OSPI_WriteEnable
 .text.W25Q128_OSPI_AutoPollingMemReady
                0x2000145c       0xb0 ./Core/Src/W25Q128.o
                0x2000145c                W25Q128_OSPI_AutoPollingMemReady
 .text.W25Q128_OSPI_Erase_Chip
                0x2000150c       0xbe ./Core/Src/W25Q128.o
                0x2000150c                W25Q128_OSPI_Erase_Chip
 .text.W25Q128_OSPI_EraseSector
                0x200015ca       0xd4 ./Core/Src/W25Q128.o
                0x200015ca                W25Q128_OSPI_EraseSector
 .text.W25Q128_OSPI_Write
                0x2000169e      0x154 ./Core/Src/W25Q128.o
                0x2000169e                W25Q128_OSPI_Write
 .text.W25Q128_OSPI_Read
                0x200017f2       0xac ./Core/Src/W25Q128.o
                0x200017f2                W25Q128_OSPI_Read
 .text.W25Q128_OSPI_EnableMemoryMappedMode
                0x2000189e      0x124 ./Core/Src/W25Q128.o
                0x2000189e                W25Q128_OSPI_EnableMemoryMappedMode
 .text.W25Q128_IsBusy
                0x200019c2       0x46 ./Core/Src/W25Q128.o
                0x200019c2                W25Q128_IsBusy
 .text.W25Q128_Read_Status_Registers
                0x20001a08       0xd2 ./Core/Src/W25Q128.o
                0x20001a08                W25Q128_Read_Status_Registers
 .text.W25Q128_Write_Status_Registers
                0x20001ada      0x148 ./Core/Src/W25Q128.o
                0x20001ada                W25Q128_Write_Status_Registers
 *fill*         0x20001c22        0x2 
 .text.MX_GPIO_Init
                0x20001c24       0x70 ./Core/Src/gpio.o
                0x20001c24                MX_GPIO_Init
 .text.main     0x20001c94       0xd4 ./Core/Src/main.o
                0x20001c94                main
 .text.SystemClock_Config
                0x20001d68       0xb8 ./Core/Src/main.o
                0x20001d68                SystemClock_Config
 .text.Error_Handler
                0x20001e20        0xc ./Core/Src/main.o
                0x20001e20                Error_Handler
 .text.MX_OCTOSPI1_Init
                0x20001e2c       0xbc ./Core/Src/octospi.o
                0x20001e2c                MX_OCTOSPI1_Init
 .text.HAL_OSPI_MspInit
                0x20001ee8      0x1b4 ./Core/Src/octospi.o
                0x20001ee8                HAL_OSPI_MspInit
 .text.HAL_OSPI_MspDeInit
                0x2000209c       0x68 ./Core/Src/octospi.o
                0x2000209c                HAL_OSPI_MspDeInit
 .text.HAL_MspInit
                0x20002104       0x34 ./Core/Src/stm32u5xx_hal_msp.o
                0x20002104                HAL_MspInit
 .text.NMI_Handler
                0x20002138        0x8 ./Core/Src/stm32u5xx_it.o
                0x20002138                NMI_Handler
 .text.HardFault_Handler
                0x20002140        0x8 ./Core/Src/stm32u5xx_it.o
                0x20002140                HardFault_Handler
 .text.MemManage_Handler
                0x20002148        0x8 ./Core/Src/stm32u5xx_it.o
                0x20002148                MemManage_Handler
 .text.BusFault_Handler
                0x20002150        0x8 ./Core/Src/stm32u5xx_it.o
                0x20002150                BusFault_Handler
 .text.UsageFault_Handler
                0x20002158        0x8 ./Core/Src/stm32u5xx_it.o
                0x20002158                UsageFault_Handler
 .text.SVC_Handler
                0x20002160        0xe ./Core/Src/stm32u5xx_it.o
                0x20002160                SVC_Handler
 .text.DebugMon_Handler
                0x2000216e        0xe ./Core/Src/stm32u5xx_it.o
                0x2000216e                DebugMon_Handler
 .text.PendSV_Handler
                0x2000217c        0xe ./Core/Src/stm32u5xx_it.o
                0x2000217c                PendSV_Handler
 .text.SysTick_Handler
                0x2000218a        0xc ./Core/Src/stm32u5xx_it.o
                0x2000218a                SysTick_Handler
 .text.initialise_monitor_handles
                0x20002196        0xe ./Core/Src/syscalls.o
                0x20002196                initialise_monitor_handles
 .text._getpid  0x200021a4       0x10 ./Core/Src/syscalls.o
                0x200021a4                _getpid
 .text._kill    0x200021b4       0x20 ./Core/Src/syscalls.o
                0x200021b4                _kill
 .text._exit    0x200021d4       0x16 ./Core/Src/syscalls.o
                0x200021d4                _exit
 .text._read    0x200021ea       0x3a ./Core/Src/syscalls.o
                0x200021ea                _read
 .text._write   0x20002224       0x38 ./Core/Src/syscalls.o
                0x20002224                _write
 .text._close   0x2000225c       0x18 ./Core/Src/syscalls.o
                0x2000225c                _close
 .text._fstat   0x20002274       0x20 ./Core/Src/syscalls.o
                0x20002274                _fstat
 .text._isatty  0x20002294       0x16 ./Core/Src/syscalls.o
                0x20002294                _isatty
 .text._lseek   0x200022aa       0x1a ./Core/Src/syscalls.o
                0x200022aa                _lseek
 .text._open    0x200022c4       0x1c ./Core/Src/syscalls.o
                0x200022c4                _open
 .text._wait    0x200022e0       0x1e ./Core/Src/syscalls.o
                0x200022e0                _wait
 .text._unlink  0x200022fe       0x1e ./Core/Src/syscalls.o
                0x200022fe                _unlink
 .text._times   0x2000231c       0x18 ./Core/Src/syscalls.o
                0x2000231c                _times
 .text._stat    0x20002334       0x20 ./Core/Src/syscalls.o
                0x20002334                _stat
 .text._link    0x20002354       0x20 ./Core/Src/syscalls.o
                0x20002354                _link
 .text._fork    0x20002374       0x16 ./Core/Src/syscalls.o
                0x20002374                _fork
 .text._execve  0x2000238a       0x22 ./Core/Src/syscalls.o
                0x2000238a                _execve
 .text._sbrk    0x200023ac       0x6c ./Core/Src/sysmem.o
                0x200023ac                _sbrk
 .text.SystemInit
                0x20002418       0x70 ./Core/Src/system_stm32u5xx.o
                0x20002418                SystemInit
 .text.SystemCoreClockUpdate
                0x20002488      0x1f0 ./Core/Src/system_stm32u5xx.o
                0x20002488                SystemCoreClockUpdate
 .text.MX_USART2_UART_Init
                0x20002678       0x98 ./Core/Src/usart.o
                0x20002678                MX_USART2_UART_Init
 .text.HAL_UART_MspInit
                0x20002710       0xd0 ./Core/Src/usart.o
                0x20002710                HAL_UART_MspInit
 .text.HAL_UART_MspDeInit
                0x200027e0       0x40 ./Core/Src/usart.o
                0x200027e0                HAL_UART_MspDeInit
 .text.USART_Print
                0x20002820       0x2c ./Core/Src/usart.o
                0x20002820                USART_Print
 .text.Reset_Handler
                0x2000284c       0x50 ./Core/Startup/startup_stm32u575vgtx.o
                0x2000284c                Reset_Handler
 .text.Default_Handler
                0x2000289c        0x2 ./Core/Startup/startup_stm32u575vgtx.o
                0x2000289c                EXTI2_IRQHandler
                0x2000289c                TIM8_TRG_COM_IRQHandler
                0x2000289c                TIM8_CC_IRQHandler
                0x2000289c                EXTI5_IRQHandler
                0x2000289c                FLASH_S_IRQHandler
                0x2000289c                EXTI13_IRQHandler
                0x2000289c                TIM1_CC_IRQHandler
                0x2000289c                TSC_IRQHandler
                0x2000289c                TAMP_IRQHandler
                0x2000289c                TIM6_IRQHandler
                0x2000289c                EXTI12_IRQHandler
                0x2000289c                CORDIC_IRQHandler
                0x2000289c                EXTI3_IRQHandler
                0x2000289c                LPTIM4_IRQHandler
                0x2000289c                GPDMA1_Channel5_IRQHandler
                0x2000289c                EXTI8_IRQHandler
                0x2000289c                LPTIM2_IRQHandler
                0x2000289c                I2C3_ER_IRQHandler
                0x2000289c                PWR_S3WU_IRQHandler
                0x2000289c                MDF1_FLT2_IRQHandler
                0x2000289c                LPDMA1_Channel3_IRQHandler
                0x2000289c                LPTIM3_IRQHandler
                0x2000289c                EXTI0_IRQHandler
                0x2000289c                I2C2_EV_IRQHandler
                0x2000289c                FPU_IRQHandler
                0x2000289c                GPDMA1_Channel3_IRQHandler
                0x2000289c                GPDMA1_Channel7_IRQHandler
                0x2000289c                MDF1_FLT4_IRQHandler
                0x2000289c                FDCAN1_IT1_IRQHandler
                0x2000289c                RAMCFG_IRQHandler
                0x2000289c                GPDMA1_Channel9_IRQHandler
                0x2000289c                DCACHE1_IRQHandler
                0x2000289c                SPI1_IRQHandler
                0x2000289c                OCTOSPI1_IRQHandler
                0x2000289c                GPDMA1_Channel2_IRQHandler
                0x2000289c                TIM8_UP_IRQHandler
                0x2000289c                RCC_S_IRQHandler
                0x2000289c                OCTOSPI2_IRQHandler
                0x2000289c                SAI2_IRQHandler
                0x2000289c                MDF1_FLT1_IRQHandler
                0x2000289c                ADC1_IRQHandler
                0x2000289c                MDF1_FLT5_IRQHandler
                0x2000289c                EXTI15_IRQHandler
                0x2000289c                TIM17_IRQHandler
                0x2000289c                USART3_IRQHandler
                0x2000289c                RTC_IRQHandler
                0x2000289c                EXTI9_IRQHandler
                0x2000289c                UART5_IRQHandler
                0x2000289c                TIM4_IRQHandler
                0x2000289c                I2C1_EV_IRQHandler
                0x2000289c                GPDMA1_Channel12_IRQHandler
                0x2000289c                GPDMA1_Channel1_IRQHandler
                0x2000289c                TIM16_IRQHandler
                0x2000289c                GPDMA1_Channel15_IRQHandler
                0x2000289c                UART4_IRQHandler
                0x2000289c                SecureFault_Handler
                0x2000289c                TIM3_IRQHandler
                0x2000289c                RCC_IRQHandler
                0x2000289c                TIM1_TRG_COM_IRQHandler
                0x2000289c                Default_Handler
                0x2000289c                GPDMA1_Channel8_IRQHandler
                0x2000289c                FMAC_IRQHandler
                0x2000289c                GPDMA1_Channel11_IRQHandler
                0x2000289c                TIM7_IRQHandler
                0x2000289c                SDMMC1_IRQHandler
                0x2000289c                TIM5_IRQHandler
                0x2000289c                UCPD1_IRQHandler
                0x2000289c                GPDMA1_Channel0_IRQHandler
                0x2000289c                TIM15_IRQHandler
                0x2000289c                I2C3_EV_IRQHandler
                0x2000289c                LPDMA1_Channel0_IRQHandler
                0x2000289c                PVD_PVM_IRQHandler
                0x2000289c                SPI2_IRQHandler
                0x2000289c                LPDMA1_Channel1_IRQHandler
                0x2000289c                EXTI14_IRQHandler
                0x2000289c                EXTI11_IRQHandler
                0x2000289c                CRS_IRQHandler
                0x2000289c                GPDMA1_Channel14_IRQHandler
                0x2000289c                LSECSSD_IRQHandler
                0x2000289c                EXTI4_IRQHandler
                0x2000289c                RTC_S_IRQHandler
                0x2000289c                GPDMA1_Channel13_IRQHandler
                0x2000289c                RNG_IRQHandler
                0x2000289c                COMP_IRQHandler
                0x2000289c                TIM1_UP_IRQHandler
                0x2000289c                ADC4_IRQHandler
                0x2000289c                WWDG_IRQHandler
                0x2000289c                I2C4_EV_IRQHandler
                0x2000289c                ADF1_IRQHandler
                0x2000289c                IWDG_IRQHandler
                0x2000289c                LPUART1_IRQHandler
                0x2000289c                MDF1_FLT0_IRQHandler
                0x2000289c                FDCAN1_IT0_IRQHandler
                0x2000289c                TIM2_IRQHandler
                0x2000289c                GPDMA1_Channel4_IRQHandler
                0x2000289c                EXTI7_IRQHandler
                0x2000289c                DMA2D_IRQHandler
                0x2000289c                TIM1_BRK_IRQHandler
                0x2000289c                EXTI1_IRQHandler
                0x2000289c                SDMMC2_IRQHandler
                0x2000289c                DAC1_IRQHandler
                0x2000289c                GTZC_IRQHandler
                0x2000289c                MDF1_FLT3_IRQHandler
                0x2000289c                USART2_IRQHandler
                0x2000289c                GPDMA1_Channel6_IRQHandler
                0x2000289c                I2C2_ER_IRQHandler
                0x2000289c                TIM8_BRK_IRQHandler
                0x2000289c                FLASH_IRQHandler
                0x2000289c                USART1_IRQHandler
                0x2000289c                EXTI10_IRQHandler
                0x2000289c                OTG_FS_IRQHandler
                0x2000289c                SPI3_IRQHandler
                0x2000289c                LPDMA1_Channel2_IRQHandler
                0x2000289c                I2C1_ER_IRQHandler
                0x2000289c                FMC_IRQHandler
                0x2000289c                EXTI6_IRQHandler
                0x2000289c                LPTIM1_IRQHandler
                0x2000289c                DCMI_PSSI_IRQHandler
                0x2000289c                I2C4_ER_IRQHandler
                0x2000289c                GPDMA1_Channel10_IRQHandler
                0x2000289c                ICACHE_IRQHandler
                0x2000289c                SAI1_IRQHandler
                0x2000289c                HASH_IRQHandler
 *fill*         0x2000289e        0x2 
 .text.HAL_Init
                0x200028a0       0x60 ./Drivers/STM32U5xx_HAL_Driver/Src/stm32u5xx_hal.o
                0x200028a0                HAL_Init
 .text.HAL_DeInit
                0x20002900       0x80 ./Drivers/STM32U5xx_HAL_Driver/Src/stm32u5xx_hal.o
                0x20002900                HAL_DeInit
 .text.HAL_MspInit
                0x20002980        0xe ./Drivers/STM32U5xx_HAL_Driver/Src/stm32u5xx_hal.o
 .text.HAL_MspDeInit
                0x2000298e        0xe ./Drivers/STM32U5xx_HAL_Driver/Src/stm32u5xx_hal.o
                0x2000298e                HAL_MspDeInit
 .text.HAL_InitTick
                0x2000299c       0xec ./Drivers/STM32U5xx_HAL_Driver/Src/stm32u5xx_hal.o
                0x2000299c                HAL_InitTick
 .text.HAL_IncTick
                0x20002a88       0x28 ./Drivers/STM32U5xx_HAL_Driver/Src/stm32u5xx_hal.o
                0x20002a88                HAL_IncTick
 .text.HAL_GetTick
                0x20002ab0       0x18 ./Drivers/STM32U5xx_HAL_Driver/Src/stm32u5xx_hal.o
                0x20002ab0                HAL_GetTick
 .text.HAL_GetTickPrio
                0x20002ac8       0x18 ./Drivers/STM32U5xx_HAL_Driver/Src/stm32u5xx_hal.o
                0x20002ac8                HAL_GetTickPrio
 .text.HAL_SetTickFreq
                0x20002ae0       0x50 ./Drivers/STM32U5xx_HAL_Driver/Src/stm32u5xx_hal.o
                0x20002ae0                HAL_SetTickFreq
 .text.HAL_GetTickFreq
                0x20002b30       0x18 ./Drivers/STM32U5xx_HAL_Driver/Src/stm32u5xx_hal.o
                0x20002b30                HAL_GetTickFreq
 .text.HAL_Delay
                0x20002b48       0x48 ./Drivers/STM32U5xx_HAL_Driver/Src/stm32u5xx_hal.o
                0x20002b48                HAL_Delay
 .text.HAL_SuspendTick
                0x20002b90       0x20 ./Drivers/STM32U5xx_HAL_Driver/Src/stm32u5xx_hal.o
                0x20002b90                HAL_SuspendTick
 .text.HAL_ResumeTick
                0x20002bb0       0x20 ./Drivers/STM32U5xx_HAL_Driver/Src/stm32u5xx_hal.o
                0x20002bb0                HAL_ResumeTick
 .text.HAL_GetHalVersion
                0x20002bd0       0x14 ./Drivers/STM32U5xx_HAL_Driver/Src/stm32u5xx_hal.o
                0x20002bd0                HAL_GetHalVersion
 .text.HAL_GetREVID
                0x20002be4       0x1c ./Drivers/STM32U5xx_HAL_Driver/Src/stm32u5xx_hal.o
                0x20002be4                HAL_GetREVID
 .text.HAL_GetDEVID
                0x20002c00       0x1c ./Drivers/STM32U5xx_HAL_Driver/Src/stm32u5xx_hal.o
                0x20002c00                HAL_GetDEVID
 .text.HAL_GetUIDw0
                0x20002c1c       0x18 ./Drivers/STM32U5xx_HAL_Driver/Src/stm32u5xx_hal.o
                0x20002c1c                HAL_GetUIDw0
 .text.HAL_GetUIDw1
                0x20002c34       0x18 ./Drivers/STM32U5xx_HAL_Driver/Src/stm32u5xx_hal.o
                0x20002c34                HAL_GetUIDw1
 .text.HAL_GetUIDw2
                0x20002c4c       0x18 ./Drivers/STM32U5xx_HAL_Driver/Src/stm32u5xx_hal.o
                0x20002c4c                HAL_GetUIDw2
 .text.HAL_DBGMCU_EnableDBGStopMode
                0x20002c64       0x20 ./Drivers/STM32U5xx_HAL_Driver/Src/stm32u5xx_hal.o
                0x20002c64                HAL_DBGMCU_EnableDBGStopMode
 .text.HAL_DBGMCU_DisableDBGStopMode
                0x20002c84       0x20 ./Drivers/STM32U5xx_HAL_Driver/Src/stm32u5xx_hal.o
                0x20002c84                HAL_DBGMCU_DisableDBGStopMode
 .text.HAL_DBGMCU_EnableDBGStandbyMode
                0x20002ca4       0x20 ./Drivers/STM32U5xx_HAL_Driver/Src/stm32u5xx_hal.o
                0x20002ca4                HAL_DBGMCU_EnableDBGStandbyMode
 .text.HAL_DBGMCU_DisableDBGStandbyMode
                0x20002cc4       0x20 ./Drivers/STM32U5xx_HAL_Driver/Src/stm32u5xx_hal.o
                0x20002cc4                HAL_DBGMCU_DisableDBGStandbyMode
 .text.HAL_SYSCFG_VREFBUF_VoltageScalingConfig
                0x20002ce4       0x28 ./Drivers/STM32U5xx_HAL_Driver/Src/stm32u5xx_hal.o
                0x20002ce4                HAL_SYSCFG_VREFBUF_VoltageScalingConfig
 .text.HAL_SYSCFG_VREFBUF_HighImpedanceConfig
                0x20002d0c       0x28 ./Drivers/STM32U5xx_HAL_Driver/Src/stm32u5xx_hal.o
                0x20002d0c                HAL_SYSCFG_VREFBUF_HighImpedanceConfig
 .text.HAL_SYSCFG_VREFBUF_TrimmingConfig
                0x20002d34       0x28 ./Drivers/STM32U5xx_HAL_Driver/Src/stm32u5xx_hal.o
                0x20002d34                HAL_SYSCFG_VREFBUF_TrimmingConfig
 .text.HAL_SYSCFG_EnableVREFBUF
                0x20002d5c       0x48 ./Drivers/STM32U5xx_HAL_Driver/Src/stm32u5xx_hal.o
                0x20002d5c                HAL_SYSCFG_EnableVREFBUF
 .text.HAL_SYSCFG_DisableVREFBUF
                0x20002da4       0x20 ./Drivers/STM32U5xx_HAL_Driver/Src/stm32u5xx_hal.o
                0x20002da4                HAL_SYSCFG_DisableVREFBUF
 .text.HAL_SYSCFG_EnableIOAnalogBooster
                0x20002dc4       0x20 ./Drivers/STM32U5xx_HAL_Driver/Src/stm32u5xx_hal.o
                0x20002dc4                HAL_SYSCFG_EnableIOAnalogBooster
 .text.HAL_SYSCFG_DisableIOAnalogBooster
                0x20002de4       0x20 ./Drivers/STM32U5xx_HAL_Driver/Src/stm32u5xx_hal.o
                0x20002de4                HAL_SYSCFG_DisableIOAnalogBooster
 .text.HAL_SYSCFG_EnableIOAnalogVoltageSelection
                0x20002e04       0x20 ./Drivers/STM32U5xx_HAL_Driver/Src/stm32u5xx_hal.o
                0x20002e04                HAL_SYSCFG_EnableIOAnalogVoltageSelection
 .text.HAL_SYSCFG_DisableIOAnalogVoltageSelection
                0x20002e24       0x20 ./Drivers/STM32U5xx_HAL_Driver/Src/stm32u5xx_hal.o
                0x20002e24                HAL_SYSCFG_DisableIOAnalogVoltageSelection
 .text.HAL_SYSCFG_EnableVddCompensationCell
                0x20002e44       0x20 ./Drivers/STM32U5xx_HAL_Driver/Src/stm32u5xx_hal.o
                0x20002e44                HAL_SYSCFG_EnableVddCompensationCell
 .text.HAL_SYSCFG_EnableVddIO2CompensationCell
                0x20002e64       0x20 ./Drivers/STM32U5xx_HAL_Driver/Src/stm32u5xx_hal.o
                0x20002e64                HAL_SYSCFG_EnableVddIO2CompensationCell
 .text.HAL_SYSCFG_DisableVddCompensationCell
                0x20002e84       0x20 ./Drivers/STM32U5xx_HAL_Driver/Src/stm32u5xx_hal.o
                0x20002e84                HAL_SYSCFG_DisableVddCompensationCell
 .text.HAL_SYSCFG_DisableVddIO2CompensationCell
                0x20002ea4       0x20 ./Drivers/STM32U5xx_HAL_Driver/Src/stm32u5xx_hal.o
                0x20002ea4                HAL_SYSCFG_DisableVddIO2CompensationCell
 .text.HAL_SYSCFG_Lock
                0x20002ec4       0x20 ./Drivers/STM32U5xx_HAL_Driver/Src/stm32u5xx_hal.o
                0x20002ec4                HAL_SYSCFG_Lock
 .text.HAL_SYSCFG_GetLock
                0x20002ee4       0x30 ./Drivers/STM32U5xx_HAL_Driver/Src/stm32u5xx_hal.o
                0x20002ee4                HAL_SYSCFG_GetLock
 .text.__NVIC_SetPriorityGrouping
                0x20002f14       0x48 ./Drivers/STM32U5xx_HAL_Driver/Src/stm32u5xx_hal_cortex.o
 .text.__NVIC_GetPriorityGrouping
                0x20002f5c       0x1c ./Drivers/STM32U5xx_HAL_Driver/Src/stm32u5xx_hal_cortex.o
 .text.__NVIC_EnableIRQ
                0x20002f78       0x3c ./Drivers/STM32U5xx_HAL_Driver/Src/stm32u5xx_hal_cortex.o
 .text.__NVIC_DisableIRQ
                0x20002fb4       0x48 ./Drivers/STM32U5xx_HAL_Driver/Src/stm32u5xx_hal_cortex.o
 .text.__NVIC_GetPendingIRQ
                0x20002ffc       0x44 ./Drivers/STM32U5xx_HAL_Driver/Src/stm32u5xx_hal_cortex.o
 .text.__NVIC_SetPendingIRQ
                0x20003040       0x3c ./Drivers/STM32U5xx_HAL_Driver/Src/stm32u5xx_hal_cortex.o
 .text.__NVIC_ClearPendingIRQ
                0x2000307c       0x3c ./Drivers/STM32U5xx_HAL_Driver/Src/stm32u5xx_hal_cortex.o
 .text.__NVIC_GetActive
                0x200030b8       0x44 ./Drivers/STM32U5xx_HAL_Driver/Src/stm32u5xx_hal_cortex.o
 .text.__NVIC_SetPriority
                0x200030fc       0x54 ./Drivers/STM32U5xx_HAL_Driver/Src/stm32u5xx_hal_cortex.o
 .text.__NVIC_GetPriority
                0x20003150       0x50 ./Drivers/STM32U5xx_HAL_Driver/Src/stm32u5xx_hal_cortex.o
 .text.NVIC_EncodePriority
                0x200031a0       0x66 ./Drivers/STM32U5xx_HAL_Driver/Src/stm32u5xx_hal_cortex.o
 .text.NVIC_DecodePriority
                0x20003206       0x6e ./Drivers/STM32U5xx_HAL_Driver/Src/stm32u5xx_hal_cortex.o
 .text.__NVIC_SystemReset
                0x20003274       0x2c ./Drivers/STM32U5xx_HAL_Driver/Src/stm32u5xx_hal_cortex.o
 .text.HAL_NVIC_SetPriorityGrouping
                0x200032a0       0x16 ./Drivers/STM32U5xx_HAL_Driver/Src/stm32u5xx_hal_cortex.o
                0x200032a0                HAL_NVIC_SetPriorityGrouping
 .text.HAL_NVIC_SetPriority
                0x200032b6       0x34 ./Drivers/STM32U5xx_HAL_Driver/Src/stm32u5xx_hal_cortex.o
                0x200032b6                HAL_NVIC_SetPriority
 .text.HAL_NVIC_EnableIRQ
                0x200032ea       0x1c ./Drivers/STM32U5xx_HAL_Driver/Src/stm32u5xx_hal_cortex.o
                0x200032ea                HAL_NVIC_EnableIRQ
 .text.HAL_NVIC_DisableIRQ
                0x20003306       0x1c ./Drivers/STM32U5xx_HAL_Driver/Src/stm32u5xx_hal_cortex.o
                0x20003306                HAL_NVIC_DisableIRQ
 .text.HAL_NVIC_SystemReset
                0x20003322        0x8 ./Drivers/STM32U5xx_HAL_Driver/Src/stm32u5xx_hal_cortex.o
                0x20003322                HAL_NVIC_SystemReset
 *fill*         0x2000332a        0x2 
 .text.HAL_SYSTICK_Config
                0x2000332c       0x44 ./Drivers/STM32U5xx_HAL_Driver/Src/stm32u5xx_hal_cortex.o
                0x2000332c                HAL_SYSTICK_Config
 .text.HAL_NVIC_GetPriorityGrouping
                0x20003370        0xe ./Drivers/STM32U5xx_HAL_Driver/Src/stm32u5xx_hal_cortex.o
                0x20003370                HAL_NVIC_GetPriorityGrouping
 .text.HAL_NVIC_GetPriority
                0x2000337e       0x2c ./Drivers/STM32U5xx_HAL_Driver/Src/stm32u5xx_hal_cortex.o
                0x2000337e                HAL_NVIC_GetPriority
 .text.HAL_NVIC_SetPendingIRQ
                0x200033aa       0x1c ./Drivers/STM32U5xx_HAL_Driver/Src/stm32u5xx_hal_cortex.o
                0x200033aa                HAL_NVIC_SetPendingIRQ
 .text.HAL_NVIC_GetPendingIRQ
                0x200033c6       0x1e ./Drivers/STM32U5xx_HAL_Driver/Src/stm32u5xx_hal_cortex.o
                0x200033c6                HAL_NVIC_GetPendingIRQ
 .text.HAL_NVIC_ClearPendingIRQ
                0x200033e4       0x1c ./Drivers/STM32U5xx_HAL_Driver/Src/stm32u5xx_hal_cortex.o
                0x200033e4                HAL_NVIC_ClearPendingIRQ
 .text.HAL_NVIC_GetActive
                0x20003400       0x1e ./Drivers/STM32U5xx_HAL_Driver/Src/stm32u5xx_hal_cortex.o
                0x20003400                HAL_NVIC_GetActive
 *fill*         0x2000341e        0x2 
 .text.HAL_SYSTICK_CLKSourceConfig
                0x20003420       0xb0 ./Drivers/STM32U5xx_HAL_Driver/Src/stm32u5xx_hal_cortex.o
                0x20003420                HAL_SYSTICK_CLKSourceConfig
 .text.HAL_SYSTICK_GetCLKSourceConfig
                0x200034d0       0x74 ./Drivers/STM32U5xx_HAL_Driver/Src/stm32u5xx_hal_cortex.o
                0x200034d0                HAL_SYSTICK_GetCLKSourceConfig
 .text.HAL_SYSTICK_IRQHandler
                0x20003544        0xc ./Drivers/STM32U5xx_HAL_Driver/Src/stm32u5xx_hal_cortex.o
                0x20003544                HAL_SYSTICK_IRQHandler
 .text.HAL_SYSTICK_Callback
                0x20003550        0xe ./Drivers/STM32U5xx_HAL_Driver/Src/stm32u5xx_hal_cortex.o
                0x20003550                HAL_SYSTICK_Callback
 *fill*         0x2000355e        0x2 
 .text.HAL_MPU_Enable
                0x20003560       0x44 ./Drivers/STM32U5xx_HAL_Driver/Src/stm32u5xx_hal_cortex.o
                0x20003560                HAL_MPU_Enable
 .text.HAL_MPU_Disable
                0x200035a4       0x40 ./Drivers/STM32U5xx_HAL_Driver/Src/stm32u5xx_hal_cortex.o
                0x200035a4                HAL_MPU_Disable
 .text.HAL_MPU_EnableRegion
                0x200035e4       0x2c ./Drivers/STM32U5xx_HAL_Driver/Src/stm32u5xx_hal_cortex.o
                0x200035e4                HAL_MPU_EnableRegion
 .text.HAL_MPU_DisableRegion
                0x20003610       0x2c ./Drivers/STM32U5xx_HAL_Driver/Src/stm32u5xx_hal_cortex.o
                0x20003610                HAL_MPU_DisableRegion
 .text.HAL_MPU_ConfigRegion
                0x2000363c       0x1c ./Drivers/STM32U5xx_HAL_Driver/Src/stm32u5xx_hal_cortex.o
                0x2000363c                HAL_MPU_ConfigRegion
 .text.HAL_MPU_ConfigMemoryAttributes
                0x20003658       0x1c ./Drivers/STM32U5xx_HAL_Driver/Src/stm32u5xx_hal_cortex.o
                0x20003658                HAL_MPU_ConfigMemoryAttributes
 .text.MPU_ConfigRegion
                0x20003674       0x6e ./Drivers/STM32U5xx_HAL_Driver/Src/stm32u5xx_hal_cortex.o
 .text.MPU_ConfigMemoryAttributes
                0x200036e2       0x6c ./Drivers/STM32U5xx_HAL_Driver/Src/stm32u5xx_hal_cortex.o
 *fill*         0x2000374e        0x2 
 .text.HAL_DMA_Init
                0x20003750      0x284 ./Drivers/STM32U5xx_HAL_Driver/Src/stm32u5xx_hal_dma.o
                0x20003750                HAL_DMA_Init
 .text.HAL_DMA_DeInit
                0x200039d4      0x1b4 ./Drivers/STM32U5xx_HAL_Driver/Src/stm32u5xx_hal_dma.o
                0x200039d4                HAL_DMA_DeInit
 .text.HAL_DMA_Start
                0x20003b88       0x80 ./Drivers/STM32U5xx_HAL_Driver/Src/stm32u5xx_hal_dma.o
                0x20003b88                HAL_DMA_Start
 .text.HAL_DMA_Start_IT
                0x20003c08       0xc0 ./Drivers/STM32U5xx_HAL_Driver/Src/stm32u5xx_hal_dma.o
                0x20003c08                HAL_DMA_Start_IT
 .text.HAL_DMA_Abort
                0x20003cc8       0xf8 ./Drivers/STM32U5xx_HAL_Driver/Src/stm32u5xx_hal_dma.o
                0x20003cc8                HAL_DMA_Abort
 .text.HAL_DMA_Abort_IT
                0x20003dc0       0x52 ./Drivers/STM32U5xx_HAL_Driver/Src/stm32u5xx_hal_dma.o
                0x20003dc0                HAL_DMA_Abort_IT
 .text.HAL_DMA_PollForTransfer
                0x20003e12      0x1cc ./Drivers/STM32U5xx_HAL_Driver/Src/stm32u5xx_hal_dma.o
                0x20003e12                HAL_DMA_PollForTransfer
 .text.HAL_DMA_IRQHandler
                0x20003fde      0x2c2 ./Drivers/STM32U5xx_HAL_Driver/Src/stm32u5xx_hal_dma.o
                0x20003fde                HAL_DMA_IRQHandler
 .text.HAL_DMA_RegisterCallback
                0x200042a0       0x88 ./Drivers/STM32U5xx_HAL_Driver/Src/stm32u5xx_hal_dma.o
                0x200042a0                HAL_DMA_RegisterCallback
 .text.HAL_DMA_UnRegisterCallback
                0x20004328       0xac ./Drivers/STM32U5xx_HAL_Driver/Src/stm32u5xx_hal_dma.o
                0x20004328                HAL_DMA_UnRegisterCallback
 .text.HAL_DMA_GetState
                0x200043d4       0x1c ./Drivers/STM32U5xx_HAL_Driver/Src/stm32u5xx_hal_dma.o
                0x200043d4                HAL_DMA_GetState
 .text.HAL_DMA_GetError
                0x200043f0       0x18 ./Drivers/STM32U5xx_HAL_Driver/Src/stm32u5xx_hal_dma.o
                0x200043f0                HAL_DMA_GetError
 .text.HAL_DMA_ConfigChannelAttributes
                0x20004408       0x78 ./Drivers/STM32U5xx_HAL_Driver/Src/stm32u5xx_hal_dma.o
                0x20004408                HAL_DMA_ConfigChannelAttributes
 .text.HAL_DMA_GetConfigChannelAttributes
                0x20004480       0xb0 ./Drivers/STM32U5xx_HAL_Driver/Src/stm32u5xx_hal_dma.o
                0x20004480                HAL_DMA_GetConfigChannelAttributes
 .text.HAL_DMA_GetLockChannelAttributes
                0x20004530       0x66 ./Drivers/STM32U5xx_HAL_Driver/Src/stm32u5xx_hal_dma.o
                0x20004530                HAL_DMA_GetLockChannelAttributes
 .text.DMA_SetConfig
                0x20004596       0x4a ./Drivers/STM32U5xx_HAL_Driver/Src/stm32u5xx_hal_dma.o
 .text.DMA_Init
                0x200045e0      0x500 ./Drivers/STM32U5xx_HAL_Driver/Src/stm32u5xx_hal_dma.o
 .text.HAL_DMAEx_List_Init
                0x20004ae0      0x258 ./Drivers/STM32U5xx_HAL_Driver/Src/stm32u5xx_hal_dma_ex.o
                0x20004ae0                HAL_DMAEx_List_Init
 .text.HAL_DMAEx_List_DeInit
                0x20004d38      0x1cc ./Drivers/STM32U5xx_HAL_Driver/Src/stm32u5xx_hal_dma_ex.o
                0x20004d38                HAL_DMAEx_List_DeInit
 .text.HAL_DMAEx_List_Start
                0x20004f04       0xe8 ./Drivers/STM32U5xx_HAL_Driver/Src/stm32u5xx_hal_dma_ex.o
                0x20004f04                HAL_DMAEx_List_Start
 .text.HAL_DMAEx_List_Start_IT
                0x20004fec      0x128 ./Drivers/STM32U5xx_HAL_Driver/Src/stm32u5xx_hal_dma_ex.o
                0x20004fec                HAL_DMAEx_List_Start_IT
 .text.HAL_DMAEx_List_BuildNode
                0x20005114       0x2c ./Drivers/STM32U5xx_HAL_Driver/Src/stm32u5xx_hal_dma_ex.o
                0x20005114                HAL_DMAEx_List_BuildNode
 .text.HAL_DMAEx_List_GetNodeConfig
                0x20005140       0x2c ./Drivers/STM32U5xx_HAL_Driver/Src/stm32u5xx_hal_dma_ex.o
                0x20005140                HAL_DMAEx_List_GetNodeConfig
 .text.HAL_DMAEx_List_InsertNode
                0x2000516c      0x192 ./Drivers/STM32U5xx_HAL_Driver/Src/stm32u5xx_hal_dma_ex.o
                0x2000516c                HAL_DMAEx_List_InsertNode
 .text.HAL_DMAEx_List_InsertNode_Head
                0x200052fe       0xd2 ./Drivers/STM32U5xx_HAL_Driver/Src/stm32u5xx_hal_dma_ex.o
                0x200052fe                HAL_DMAEx_List_InsertNode_Head
 .text.HAL_DMAEx_List_InsertNode_Tail
                0x200053d0       0xf0 ./Drivers/STM32U5xx_HAL_Driver/Src/stm32u5xx_hal_dma_ex.o
                0x200053d0                HAL_DMAEx_List_InsertNode_Tail
 .text.HAL_DMAEx_List_RemoveNode
                0x200054c0      0x178 ./Drivers/STM32U5xx_HAL_Driver/Src/stm32u5xx_hal_dma_ex.o
                0x200054c0                HAL_DMAEx_List_RemoveNode
 .text.HAL_DMAEx_List_RemoveNode_Head
                0x20005638      0x104 ./Drivers/STM32U5xx_HAL_Driver/Src/stm32u5xx_hal_dma_ex.o
                0x20005638                HAL_DMAEx_List_RemoveNode_Head
 .text.HAL_DMAEx_List_RemoveNode_Tail
                0x2000573c       0xd4 ./Drivers/STM32U5xx_HAL_Driver/Src/stm32u5xx_hal_dma_ex.o
                0x2000573c                HAL_DMAEx_List_RemoveNode_Tail
 .text.HAL_DMAEx_List_ReplaceNode
                0x20005810      0x218 ./Drivers/STM32U5xx_HAL_Driver/Src/stm32u5xx_hal_dma_ex.o
                0x20005810                HAL_DMAEx_List_ReplaceNode
 .text.HAL_DMAEx_List_ReplaceNode_Head
                0x20005a28      0x10a ./Drivers/STM32U5xx_HAL_Driver/Src/stm32u5xx_hal_dma_ex.o
                0x20005a28                HAL_DMAEx_List_ReplaceNode_Head
 .text.HAL_DMAEx_List_ReplaceNode_Tail
                0x20005b32       0xf8 ./Drivers/STM32U5xx_HAL_Driver/Src/stm32u5xx_hal_dma_ex.o
                0x20005b32                HAL_DMAEx_List_ReplaceNode_Tail
 .text.HAL_DMAEx_List_ResetQ
                0x20005c2a       0x94 ./Drivers/STM32U5xx_HAL_Driver/Src/stm32u5xx_hal_dma_ex.o
                0x20005c2a                HAL_DMAEx_List_ResetQ
 .text.HAL_DMAEx_List_InsertQ
                0x20005cbe      0x282 ./Drivers/STM32U5xx_HAL_Driver/Src/stm32u5xx_hal_dma_ex.o
                0x20005cbe                HAL_DMAEx_List_InsertQ
 .text.HAL_DMAEx_List_InsertQ_Head
                0x20005f40      0x17e ./Drivers/STM32U5xx_HAL_Driver/Src/stm32u5xx_hal_dma_ex.o
                0x20005f40                HAL_DMAEx_List_InsertQ_Head
 .text.HAL_DMAEx_List_InsertQ_Tail
                0x200060be      0x176 ./Drivers/STM32U5xx_HAL_Driver/Src/stm32u5xx_hal_dma_ex.o
                0x200060be                HAL_DMAEx_List_InsertQ_Tail
 .text.HAL_DMAEx_List_SetCircularModeConfig
                0x20006234       0xdc ./Drivers/STM32U5xx_HAL_Driver/Src/stm32u5xx_hal_dma_ex.o
                0x20006234                HAL_DMAEx_List_SetCircularModeConfig
 .text.HAL_DMAEx_List_SetCircularMode
                0x20006310       0xc0 ./Drivers/STM32U5xx_HAL_Driver/Src/stm32u5xx_hal_dma_ex.o
                0x20006310                HAL_DMAEx_List_SetCircularMode
 .text.HAL_DMAEx_List_ClearCircularMode
                0x200063d0       0x98 ./Drivers/STM32U5xx_HAL_Driver/Src/stm32u5xx_hal_dma_ex.o
                0x200063d0                HAL_DMAEx_List_ClearCircularMode
 .text.HAL_DMAEx_List_ConvertQToDynamic
                0x20006468      0x136 ./Drivers/STM32U5xx_HAL_Driver/Src/stm32u5xx_hal_dma_ex.o
                0x20006468                HAL_DMAEx_List_ConvertQToDynamic
 .text.HAL_DMAEx_List_ConvertQToStatic
                0x2000659e       0xd2 ./Drivers/STM32U5xx_HAL_Driver/Src/stm32u5xx_hal_dma_ex.o
                0x2000659e                HAL_DMAEx_List_ConvertQToStatic
 .text.HAL_DMAEx_List_LinkQ
                0x20006670      0x12c ./Drivers/STM32U5xx_HAL_Driver/Src/stm32u5xx_hal_dma_ex.o
                0x20006670                HAL_DMAEx_List_LinkQ
 .text.HAL_DMAEx_List_UnLinkQ
                0x2000679c       0x52 ./Drivers/STM32U5xx_HAL_Driver/Src/stm32u5xx_hal_dma_ex.o
                0x2000679c                HAL_DMAEx_List_UnLinkQ
 .text.HAL_DMAEx_ConfigDataHandling
                0x200067ee       0x66 ./Drivers/STM32U5xx_HAL_Driver/Src/stm32u5xx_hal_dma_ex.o
                0x200067ee                HAL_DMAEx_ConfigDataHandling
 .text.HAL_DMAEx_ConfigTrigger
                0x20006854       0x6e ./Drivers/STM32U5xx_HAL_Driver/Src/stm32u5xx_hal_dma_ex.o
                0x20006854                HAL_DMAEx_ConfigTrigger
 .text.HAL_DMAEx_ConfigRepeatBlock
                0x200068c2      0x110 ./Drivers/STM32U5xx_HAL_Driver/Src/stm32u5xx_hal_dma_ex.o
                0x200068c2                HAL_DMAEx_ConfigRepeatBlock
 .text.HAL_DMAEx_Suspend
                0x200069d2       0x96 ./Drivers/STM32U5xx_HAL_Driver/Src/stm32u5xx_hal_dma_ex.o
                0x200069d2                HAL_DMAEx_Suspend
 .text.HAL_DMAEx_Suspend_IT
                0x20006a68       0x52 ./Drivers/STM32U5xx_HAL_Driver/Src/stm32u5xx_hal_dma_ex.o
                0x20006a68                HAL_DMAEx_Suspend_IT
 .text.HAL_DMAEx_Resume
                0x20006aba       0x66 ./Drivers/STM32U5xx_HAL_Driver/Src/stm32u5xx_hal_dma_ex.o
                0x20006aba                HAL_DMAEx_Resume
 .text.HAL_DMAEx_GetFifoLevel
                0x20006b20       0x1e ./Drivers/STM32U5xx_HAL_Driver/Src/stm32u5xx_hal_dma_ex.o
                0x20006b20                HAL_DMAEx_GetFifoLevel
 *fill*         0x20006b3e        0x2 
 .text.DMA_List_Init
                0x20006b40      0x2b0 ./Drivers/STM32U5xx_HAL_Driver/Src/stm32u5xx_hal_dma_ex.o
 .text.DMA_List_BuildNode
                0x20006df0      0x2a4 ./Drivers/STM32U5xx_HAL_Driver/Src/stm32u5xx_hal_dma_ex.o
 .text.DMA_List_GetNodeConfig
                0x20007094      0x214 ./Drivers/STM32U5xx_HAL_Driver/Src/stm32u5xx_hal_dma_ex.o
 .text.DMA_List_CheckNodesBaseAddresses
                0x200072a8       0x60 ./Drivers/STM32U5xx_HAL_Driver/Src/stm32u5xx_hal_dma_ex.o
 .text.DMA_List_CheckNodesTypes
                0x20007308       0x78 ./Drivers/STM32U5xx_HAL_Driver/Src/stm32u5xx_hal_dma_ex.o
 .text.DMA_List_GetCLLRNodeInfo
                0x20007380       0x60 ./Drivers/STM32U5xx_HAL_Driver/Src/stm32u5xx_hal_dma_ex.o
 .text.DMA_List_FindNode
                0x200073e0      0x13e ./Drivers/STM32U5xx_HAL_Driver/Src/stm32u5xx_hal_dma_ex.o
 .text.DMA_List_ResetQueueNodes
                0x2000751e       0x96 ./Drivers/STM32U5xx_HAL_Driver/Src/stm32u5xx_hal_dma_ex.o
 .text.DMA_List_FillNode
                0x200075b4       0x40 ./Drivers/STM32U5xx_HAL_Driver/Src/stm32u5xx_hal_dma_ex.o
 .text.DMA_List_ConvertNodeToDynamic
                0x200075f4      0x114 ./Drivers/STM32U5xx_HAL_Driver/Src/stm32u5xx_hal_dma_ex.o
 .text.DMA_List_ConvertNodeToStatic
                0x20007708       0xb4 ./Drivers/STM32U5xx_HAL_Driver/Src/stm32u5xx_hal_dma_ex.o
 .text.DMA_List_FormatNode
                0x200077bc       0x72 ./Drivers/STM32U5xx_HAL_Driver/Src/stm32u5xx_hal_dma_ex.o
 .text.DMA_List_ClearUnusedFields
                0x2000782e       0x34 ./Drivers/STM32U5xx_HAL_Driver/Src/stm32u5xx_hal_dma_ex.o
 .text.DMA_List_UpdateDynamicQueueNodesCLLR
                0x20007862       0xf6 ./Drivers/STM32U5xx_HAL_Driver/Src/stm32u5xx_hal_dma_ex.o
 .text.DMA_List_UpdateStaticQueueNodesCLLR
                0x20007958       0xbe ./Drivers/STM32U5xx_HAL_Driver/Src/stm32u5xx_hal_dma_ex.o
 .text.DMA_List_CleanQueue
                0x20007a16       0x38 ./Drivers/STM32U5xx_HAL_Driver/Src/stm32u5xx_hal_dma_ex.o
 *fill*         0x20007a4e        0x2 
 .text.HAL_EXTI_SetConfigLine
                0x20007a50      0x1a8 ./Drivers/STM32U5xx_HAL_Driver/Src/stm32u5xx_hal_exti.o
                0x20007a50                HAL_EXTI_SetConfigLine
 .text.HAL_EXTI_GetConfigLine
                0x20007bf8      0x148 ./Drivers/STM32U5xx_HAL_Driver/Src/stm32u5xx_hal_exti.o
                0x20007bf8                HAL_EXTI_GetConfigLine
 .text.HAL_EXTI_ClearConfigLine
                0x20007d40      0x118 ./Drivers/STM32U5xx_HAL_Driver/Src/stm32u5xx_hal_exti.o
                0x20007d40                HAL_EXTI_ClearConfigLine
 .text.HAL_EXTI_RegisterCallback
                0x20007e58       0x58 ./Drivers/STM32U5xx_HAL_Driver/Src/stm32u5xx_hal_exti.o
                0x20007e58                HAL_EXTI_RegisterCallback
 .text.HAL_EXTI_GetHandle
                0x20007eb0       0x28 ./Drivers/STM32U5xx_HAL_Driver/Src/stm32u5xx_hal_exti.o
                0x20007eb0                HAL_EXTI_GetHandle
 .text.HAL_EXTI_IRQHandler
                0x20007ed8       0x90 ./Drivers/STM32U5xx_HAL_Driver/Src/stm32u5xx_hal_exti.o
                0x20007ed8                HAL_EXTI_IRQHandler
 .text.HAL_EXTI_GetPending
                0x20007f68       0x6c ./Drivers/STM32U5xx_HAL_Driver/Src/stm32u5xx_hal_exti.o
                0x20007f68                HAL_EXTI_GetPending
 .text.HAL_EXTI_ClearPending
                0x20007fd4       0x5c ./Drivers/STM32U5xx_HAL_Driver/Src/stm32u5xx_hal_exti.o
                0x20007fd4                HAL_EXTI_ClearPending
 .text.HAL_EXTI_GenerateSWI
                0x20008030       0x44 ./Drivers/STM32U5xx_HAL_Driver/Src/stm32u5xx_hal_exti.o
                0x20008030                HAL_EXTI_GenerateSWI
 .text.HAL_EXTI_ConfigLineAttributes
                0x20008074       0x7c ./Drivers/STM32U5xx_HAL_Driver/Src/stm32u5xx_hal_exti.o
                0x20008074                HAL_EXTI_ConfigLineAttributes
 .text.HAL_EXTI_GetConfigLineAttributes
                0x200080f0       0x6c ./Drivers/STM32U5xx_HAL_Driver/Src/stm32u5xx_hal_exti.o
                0x200080f0                HAL_EXTI_GetConfigLineAttributes
 .text.HAL_FLASH_Program
                0x2000815c       0x94 ./Drivers/STM32U5xx_HAL_Driver/Src/stm32u5xx_hal_flash.o
                0x2000815c                HAL_FLASH_Program
 .text.HAL_FLASH_Program_IT
                0x200081f0       0x88 ./Drivers/STM32U5xx_HAL_Driver/Src/stm32u5xx_hal_flash.o
                0x200081f0                HAL_FLASH_Program_IT
 .text.HAL_FLASH_IRQHandler
                0x20008278      0x140 ./Drivers/STM32U5xx_HAL_Driver/Src/stm32u5xx_hal_flash.o
                0x20008278                HAL_FLASH_IRQHandler
 .text.HAL_FLASH_EndOfOperationCallback
                0x200083b8       0x14 ./Drivers/STM32U5xx_HAL_Driver/Src/stm32u5xx_hal_flash.o
                0x200083b8                HAL_FLASH_EndOfOperationCallback
 .text.HAL_FLASH_OperationErrorCallback
                0x200083cc       0x14 ./Drivers/STM32U5xx_HAL_Driver/Src/stm32u5xx_hal_flash.o
                0x200083cc                HAL_FLASH_OperationErrorCallback
 .text.HAL_FLASH_Unlock
                0x200083e0       0x44 ./Drivers/STM32U5xx_HAL_Driver/Src/stm32u5xx_hal_flash.o
                0x200083e0                HAL_FLASH_Unlock